04-20 14:43:47.763 W/PackageParser(  342): No actions in intent filter at /system/app/Bluetooth.apk Binary XML file line #172
04-20 14:43:47.764 W/PackageParser(  342): No actions in intent filter at /system/app/Bluetooth.apk Binary XML file line #241
04-20 14:43:47.765 W/PackageParser(  342): No actions in intent filter at /system/app/Bluetooth.apk Binary XML file line #260
04-20 14:43:47.798 W/PackageManager(  342): Package com.android.browser desires unavailable shared library com.android.qualcomm.modemwarmup; ignoring!
04-20 14:43:47.812 I/PackageManager(  342): /system/app/CABLService.apk changed; collecting certs
04-20 14:43:47.830 E/PackageManager(  342): Package com.qualcomm.cabl has no signatures that match those in shared user android.uid.system; ignoring!
04-20 14:43:47.830 W/PackageManager(  342): Signature mismatch for shared user : SharedUserSetting{416bf9d8 android.uid.system/1000}
04-20 14:43:48.042 W/PackageParser(  342): No actions in intent filter at /system/app/Contacts020400020.apk Binary XML file line #692
04-20 14:43:48.162 W/PackageParser(  342): Unknown element under <manifest>: receiver at /system/app/DcmVoiceSearch.apk Binary XML file line #87
04-20 14:43:48.391 W/PackageParser(  342): Unknown element under <application>: permission at /system/app/Felica.apk Binary XML file line #8
04-20 14:43:48.447 W/PackageParser(  342): No actions in intent filter at /system/app/FujitsuHome.apk Binary XML file line #158
04-20 14:43:48.447 W/PackageParser(  342): No actions in intent filter at /system/app/FujitsuHome.apk Binary XML file line #172
04-20 14:43:48.448 W/PackageParser(  342): No actions in intent filter at /system/app/FujitsuHome.apk Binary XML file line #183
04-20 14:43:48.477 I/ONCRPC  (  217): rpc_handle_rpc_call: for Xid: 13, Prog: 31000000, Vers: 003c0001, Proc: 00000014
04-20 14:43:48.477 I/ONCRPC  (  217): rpc_handle_rpc_call: Find Status: 0 Xid: 13
04-20 14:43:48.477 I/ONCRPC  (  217): oncrpc_proxy_handle_cmd_rpc_call: Dispatching xid: 13
04-20 14:43:48.816 W/ResourceType(  342): Failure getting entry for 0x7f02004b (t=1 e=75) in package 0 (error -75)
04-20 14:43:50.018 I/PackageManager(  342): /system/app/PrivInit.apk changed; collecting certs
04-20 14:43:50.031 E/PackageManager(  342): Package com.qualcomm.privinit has no signatures that match those in shared user android.uid.system; ignoring!
04-20 14:43:50.031 W/PackageManager(  342): Signature mismatch for shared user : SharedUserSetting{416bf9d8 android.uid.system/1000}
04-20 14:43:50.710 W/ResourceType(  342): Failure getting entry for 0x7f0d001e (t=12 e=30) in package 0 (error -75)
04-20 14:43:50.782 I/PackageParser(  342): com.nttdocomo.android.docomo_market: compat added android.permission.WRITE_EXTERNAL_STORAGE android.permission.READ_PHONE_STATE
04-20 14:43:50.810 W/PackageParser(  342): Problem in package /system/app/docomo_remote.apk:
04-20 14:43:50.810 W/PackageParser(  342): Unknown element under <receiver>: intetn-filter at /system/app/docomo_remote.apk Binary XML file line #109
04-20 14:43:50.934 D/PackageManager(  342): No files in app dir /vendor/app
04-20 14:43:50.934 I/Installer(  342): connecting...
04-20 14:43:50.973 W/PackageParser(  342): No actions in intent filter at /data/app/BodymoDownloader.apk Binary XML file line #35
04-20 14:43:51.317 W/PackageParser(  342): Problem in package /data/app/Karadalife.apk:
04-20 14:43:51.318 W/PackageParser(  342): Unknown element under <activity>: supports-screens at /data/app/Karadalife.apk Binary XML file line #37
04-20 14:43:51.489 I/PackageParser(  342): jp.co.nttdocomo.carriermail: compat added android.permission.WRITE_EXTERNAL_STORAGE android.permission.READ_PHONE_STATE
04-20 14:43:51.585 I/PackageManager(  342): Time to scan packages: 4.045 seconds
04-20 14:43:51.586 W/PackageManager(  342): Removing dangling permission: com.qualcomm.permission.ACCESS_LOCATION_API from package null
04-20 14:43:51.588 W/PackageManager(  342): Not granting permission android.permission.WRITE_SECURE_SETTINGS to package jp.fujitsu.karadalife (protectionLevel=3 flags=0xbe44)
04-20 14:43:51.589 W/PackageManager(  342): Unknown permission android.permission.ADD_SYSTEM_SERVICE in package com.android.phone
04-20 14:43:51.590 W/PackageManager(  342): Unknown permission android.permission.MMS_PUSH in package com.android.bluetooth
04-20 14:43:51.592 W/PackageManager(  342): Unknown permission com.nttdocomo.android.permission.iconcier.CONTRACT_STATUS in package com.nttdocomo.android.schedulememo
04-20 14:43:51.592 W/PackageManager(  342): Unknown permission com.nttdocomo.android.permission.iconcier.ICONCIER_DATA in package com.nttdocomo.android.schedulememo
04-20 14:43:51.593 W/PackageManager(  342): Not granting permission android.permission.WRITE_APN_SETTINGS to package jp.co.nttdocomo.chkapl (protectionLevel=3 flags=0xbe44)
04-20 14:43:51.594 W/PackageManager(  342): Not granting permission android.permission.SEND_DOWNLOAD_COMPLETED_INTENTS to package com.android.browser (protectionLevel=2 flags=0x9be45)
04-20 14:43:51.595 W/PackageManager(  342): Unknown permission android.permission.WRITE_OWNER_DATA in package com.quanta.util.logger
04-20 14:43:51.595 W/PackageManager(  342): Unknown permission com.nttdocomo.android.permission.store.ACCESS_QUEUES in package com.nttdocomo.android.store
04-20 14:43:51.597 W/PackageManager(  342): Unknown permission android.permission.READ_OWNER_DATA in package com.google.android.setupwizard
04-20 14:43:51.597 W/PackageManager(  342): Unknown permission android.permission.WRITE_OWNER_DATA in package com.google.android.setupwizard
04-20 14:43:51.599 W/PackageManager(  342): Unknown permission com.fujitsu.mobile_phone.android.permission.SLEEPANALYZER_ALARM in package com.fujitsu.mobile_phone.alarmClock
04-20 14:43:51.600 W/PackageManager(  342): Not granting permission android.permission.ACCESS_DRM to package com.fujitsu.mobile_phone.alarmClock (protectionLevel=2 flags=0x8be04)
04-20 14:43:51.601 W/PackageManager(  342): Unknown permission android.permission.READ_EXTERNAL_STORAGE in package com.fujitsu.mobile_phone.phonebookeasymovingservice
04-20 14:43:51.602 W/PackageManager(  342): Unknown permission com.android.providers.im.permission.READ_ONLY in package com.google.android.apps.maps
04-20 14:43:51.603 W/PackageManager(  342): Unknown permission android.permission.READ_HISTORY_BOOKMARKS in package com.fujitsu.mobile_phone.TaskManager
04-20 14:43:51.605 W/PackageManager(  342): Unknown permission android.permission.RECEIVE_SHUTDOWN in package com.nttdocomo.android.socialphonebook
04-20 14:43:51.605 W/PackageManager(  342): Unknown permission android.permission.RECEIVE_SYNC in package com.nttdocomo.android.socialphonebook
04-20 14:43:51.606 W/PackageManager(  342): Unknown permission android.permission.READ_EXTERNAL_STORAGE in package com.nttdocomo.android.socialphonebook
04-20 14:43:51.607 W/PackageManager(  342): Unknown permission com.google.android.apps.googlevoice.permission.AUTO_SEND in package com.google.android.voicesearch
04-20 14:43:51.608 W/PackageManager(  342): Unknown permission android.permission.RS_INPUT in package com.rsupport.rs.activity.ntt
04-20 14:43:51.608 W/PackageManager(  342): Unknown permission android.permission.RS_GRAPHICS in package com.rsupport.rs.activity.ntt
04-20 14:43:51.608 W/PackageManager(  342): Unknown permission android.permission.RS_BLUETOOTH in package com.rsupport.rs.activity.ntt
04-20 14:43:51.609 W/PackageManager(  342): Unknown permission android.permission.ACCESS_COARSE_UPDATES in package com.rsupport.rs.activity.ntt
04-20 14:43:51.610 W/PackageManager(  342): Not granting permission android.permission.READ_INPUT_STATE to package com.rsupport.rs.activity.ntt (protectionLevel=2 flags=0xbe45)
04-20 14:43:51.611 W/PackageManager(  342): Not granting permission android.permission.CHANGE_BACKGROUND_DATA_SETTING to package com.rsupport.rs.activity.ntt (protectionLevel=2 flags=0xbe45)
04-20 14:43:51.612 W/PackageManager(  342): Not granting permission android.permission.SET_PREFERRED_APPLICATIONS to package com.nttdocomo.android.ictrw (protectionLevel=2 flags=0x8be44)
04-20 14:43:51.613 W/PackageManager(  342): Unknown permission evernote.permission.READ_DATA in package com.evernote
04-20 14:43:51.613 W/PackageManager(  342): Unknown permission evernote.permission.WRITE_DATA in package com.evernote
04-20 14:43:51.614 W/PackageManager(  342): Unknown permission android.permission.READ_SETTINGS in package com.fujitsu.mobile_phone.slideshow
04-20 14:43:51.614 W/PackageManager(  342): Unknown permission android.permission.READ_EXTERNAL_STORAGE in package com.fujitsu.mobile_phone.slideshow
04-20 14:43:51.615 W/PackageManager(  342): Not granting permission com.google.android.gm.permission.READ_GMAIL to package com.google.android.apps.uploader (protectionLevel=2 flags=0x8be45)
04-20 14:43:51.616 W/PackageManager(  342): Unknown permission android.permission.READ_EXTERNAL_STORAGE in package com.android.vending
04-20 14:43:51.617 W/PackageManager(  342): Not granting permission android.permission.SEND_DOWNLOAD_COMPLETED_INTENTS to package com.android.vending (protectionLevel=2 flags=0xabe45)
04-20 14:43:51.619 W/PackageManager(  342): Not granting permission android.permission.CLEAR_APP_USER_DATA to package com.fujitsu.mobile_phone.batterydoctor (protectionLevel=2 flags=0x8be45)
04-20 14:43:51.622 W/PackageManager(  342): Not granting permission com.google.android.gm.permission.READ_GMAIL to package com.nttdocomo.android.mediaplayer (protectionLevel=2 flags=0x8be45)
04-20 14:43:51.622 W/PackageManager(  342): Unknown permission jp.co.nttdocomo.carriermail.permission.WRITE_RINGTONE in package com.nttdocomo.android.mediaplayer
04-20 14:43:51.624 W/PackageManager(  342): Unknown permission com.nttdocomo.android.permission.businesscard.BUSINESSCARD_DATA in package com.android.contacts
04-20 14:43:51.624 W/PackageManager(  342): Unknown permission com.nttdocomo.android.permission.iconcier.CONTRACT_STATUS in package com.android.contacts
04-20 14:43:51.626 W/PackageManager(  342): Unknown permission com.android.vending.billing.IBillingAccountService.BIND2 in package com.google.android.gsf.login
04-20 14:43:51.628 W/PackageManager(  342): Unknown permission android.permission.READ_SETTINGS in package com.fujitsu.mobile_phone.imagewidget
04-20 14:43:51.629 W/PackageManager(  342): Unknown permission android.permission.READ_EXTERNAL_STORAGE in package com.fujitsu.mobile_phone.imagewidget
04-20 14:43:51.631 W/PackageManager(  342): Not granting permission com.google.android.gm.permission.READ_GMAIL to package com.access_company.android.nfdocviewer3 (protectionLevel=2 flags=0xbe44)
04-20 14:43:51.632 W/PackageManager(  342): Not granting permission android.permission.ACCESS_DRM to package com.android.gallery3d (protectionLevel=2 flags=0x8bc45)
04-20 14:43:51.633 W/PackageManager(  342): Not granting permission android.permission.ACCOUNT_MANAGER to package com.google.android.music (protectionLevel=2 flags=0x8be65)
04-20 14:43:51.634 W/PackageManager(  342): Unknown permission android.webkit.permission.PLUGIN in package com.adobe.flashplayer
04-20 14:43:51.635 W/PackageManager(  342): Not granting permission android.permission.DEVICE_POWER to package com.fujitsu.mobile_phone.privacyimagesetting (protectionLevel=2 flags=0x8be0d)
04-20 14:43:51.637 W/PackageManager(  342): Unknown permission android.permission.WAP_PUSH in package com.nttdocomo.android.databackup
04-20 14:43:51.638 W/PackageManager(  342): Unknown permission android.permission.READ_SETTINGS in package jp.pixela.StationMobile
04-20 14:43:51.640 W/PackageManager(  342): Unknown permission com.nttdocomo.android.permission.iconcier.CONTRACT_STATUS in package com.nttdocomo.android.iconcier_contents
04-20 14:43:51.642 W/PackageManager(  342): Unknown permission android.media.RINGER_MODE_CHANGED in package com.nttdocomo.android.iconcier
04-20 14:43:51.643 W/PackageManager(  342): Unknown permission com.nttdocomo.android.permission.mascot.READ_CFDID in package com.nttdocomo.android.iconcier
04-20 14:43:51.643 W/PackageManager(  342): Not granting permission android.permission.DEVICE_POWER to package com.android.deskclock (protectionLevel=2 flags=0x8be45)
04-20 14:43:51.644 W/PackageManager(  342): Unknown permission jp.co.sharp.android.permission.LIMIT_START_ADDRESS in package jp.co.nttdocomo.lcsappsub
04-20 14:43:51.644 W/PackageManager(  342): Not granting permission android.permission.DEVICE_POWER to package com.android.facelock (protectionLevel=2 flags=0x8be45)
04-20 14:43:52.145 I/SystemServer(  342): Account Manager
04-20 14:43:52.160 D/PackageManager(  342): generateServicesMap(android.accounts.AccountAuthenticator): 5 services unchanged
04-20 14:43:52.185 I/SystemServer(  342): Content Manager
04-20 14:43:52.297 D/PackageManager(  342): generateServicesMap(android.content.SyncAdapter): 16 services unchanged
04-20 14:43:52.303 I/SystemServer(  342): System Content Providers
04-20 14:43:52.304 I/ActivityThread(  342): Pub settings: com.android.providers.settings.SettingsProvider
04-20 14:43:52.427 I/ActivityThread(  342): Pub com.fujitsu.mobile_phone.srs.provider: android.provider.SRSSettingsProvider
04-20 14:43:52.445 D/SettingsProvider(  342): cache for settings table 'secure' rows=55; fullycached=true
04-20 14:43:52.475 I/SRSSettingsProvider(  342): Initialization SRSTrumedia
04-20 14:43:52.477 V/AudioHardwareMSM7X30(  126): setParameters() srs_cfg:trumedia_skip=0
04-20 14:43:52.478 V/AudioHardwareMSM7X30(  126): setParameters() srs_cfg:trumedia_enable=0
04-20 14:43:52.479 V/AudioHardwareMSM7X30(  126): setParameters() srs_cfg:vol_int_enable=0
04-20 14:43:52.480 V/AudioHardwareMSM7X30(  126): setParameters() srs_cfg:trumedia_enable=0
04-20 14:43:52.481 V/AudioHardwareMSM7X30(  126): setParameters() srs_cfg:trumedia_skip=0
04-20 14:43:52.482 V/AudioHardwareMSM7X30(  126): setParameters() srs_cfg:vol_int_enable=0
04-20 14:43:52.483 I/SRSSettingsProvider(  342): SRSVol OFF
04-20 14:43:52.483 I/SRSSettingsProvider(  342): SRS OFF
04-20 14:43:52.495 D/SettingsProvider(  342): cache for settings table 'system' rows=100; fullycached=true
04-20 14:43:53.024 I/SystemServer(  342): Lights Service
04-20 14:43:53.027 I/SystemServer(  342): Battery Service
04-20 14:43:53.046 I/SystemServer(  342): Vibrator Service
04-20 14:43:53.057 E/lights  (  342): set_light_backlight brightness 0
04-20 14:43:53.171 D/PowerManagerService(  342): to Power.setScreenState() on:true oldOn:false
04-20 14:43:53.171 E/power   (  342): set_screen_state 1 g_error=Success
04-20 14:43:53.171 D/PowerManagerService(  342): to Power.setScreenState() err = 0
04-20 14:43:53.174 E/lights  (  342): write_int failed to open /sys/class/leds/button-backlight/brightness
04-20 14:43:53.174 I/SystemServer(  342): Alarm Manager
04-20 14:43:53.175 E/lights  (  342): set_light_backlight brightness 35
04-20 14:43:53.178 I/SystemServer(  342): Init Watchdog
04-20 14:43:53.179 I/SystemServer(  342): Window Manager
04-20 14:43:53.187 I/InputManager(  342): Initializing input manager
04-20 14:43:53.188 D/WindowManager(  342): WindowManagerService() Settings.System.getInt(KEYMAP_KIND) kind:0
04-20 14:43:53.188 D/InputManager(  342): setKeymapKind() kind:0
04-20 14:43:53.189 E/InputReader(  342): InputReader::setKeymapKind() kind:0.
04-20 14:43:53.194 W/StatusBarManager(  342): warning: no STATUS_BAR_SERVICE
04-20 14:43:53.203 W/WindowOrientationListener(  342): SensorEventListenerImpl.FriendClass should not be accedded by unknown classes.
04-20 14:43:53.217 I/REC@0   (  342): screen_toggled: 1
04-20 14:43:53.221 I/InputManager(  342): Starting input manager
04-20 14:43:53.222 I/SystemServer(  342): Bluetooth Service
04-20 14:43:53.230 E/bluedroid(  342): bt_is_enabled(): bt is enabled=0
04-20 14:43:53.236 I/BluetoothProfileState(  342): Message:Entering Stable State
04-20 14:43:53.260 I/BluetoothProfileState(  342): Message:Entering Stable State
04-20 14:43:53.260 I/BluetoothProfileState(  342): Message:Entering Stable State
04-20 14:43:53.266 E/OMXCodec(  126): Attempting to allocate OMX node 'OMX.google.vorbis.decoder'
04-20 14:43:53.275 D/BluetoothDunGatewayService(  342): [DUN-GW]Call BluetoothDunGatewayService()
04-20 14:43:53.276 I/SystemServer(  342): DynamicMemoryManager Service
04-20 14:43:53.276 W/DMMService(  342): ro.dev.dmm.dpd.start_address = 0
04-20 14:43:53.277 W/DMMService(  342): DynamicMemoryManager Service Disabled.
04-20 14:43:53.278 I/SystemServer(  342): RwFcc Service
04-20 14:43:53.281 E/OMXCodec(  126): Successfully allocated OMX node 'OMX.google.vorbis.decoder'
04-20 14:43:53.282 I/SystemServer(  342): FC Service
04-20 14:43:53.285 I/SystemServer(  342): Input Method Service
04-20 14:43:53.287 W/InputManagerService(  342): Couldn't create dir.: /data/system/inputmethod
04-20 14:43:53.338 E/OMXCodec(  126): Attempting to allocate OMX node 'OMX.google.vorbis.decoder'
04-20 14:43:53.350 E/OMXCodec(  126): Successfully allocated OMX node 'OMX.google.vorbis.decoder'
04-20 14:43:53.385 I/SystemServer(  342): Accessibility Manager
04-20 14:43:53.389 I/SystemServer(  342): AudioPlayStatus Service
04-20 14:43:53.390 I/AudioPlayStatus(  342): object AudioPlayStatus. nativeSetup procedure completed.
04-20 14:43:53.391 I/WindowManager(  342): SCREENLAYOUT_SIZE (1:small, 2:normal, 3:large, 4:xlarge) 2
04-20 14:43:53.392 I/ActivityManager(  342): Config changed: {1.0 0mcc0mnc ja_JP layoutdir=0 sw320dp w320dp h508dp nrml long port ?uimode ?night finger -keyb/v/h -nav/h s.2 font=0}
04-20 14:43:53.397 I/SystemServer(  342): Device Policy
04-20 14:43:53.399 I/SystemServer(  342): Status Bar
04-20 14:43:53.400 I/SystemServer(  342): Clipboard Service
04-20 14:43:53.401 I/SystemServer(  342): NetworkManagement Service
04-20 14:43:53.403 D/NetworkManagementService(  342): Creating NetworkManagementService
04-20 14:43:53.403 D/NetworkManagementService(  342): Awaiting socket connection
04-20 14:43:53.404 D/NetworkManagementService(  342): onConnected
04-20 14:43:53.404 D/NetworkManagementService(  342): Connected
04-20 14:43:53.404 I/SystemServer(  342): Text Service Manager Service
04-20 14:43:53.407 I/SystemServer(  342): NetworkStats Service
04-20 14:43:53.410 I/SystemServer(  342): NetworkPolicy Service
04-20 14:43:53.412 I/SystemServer(  342): Wi-Fi P2pService
04-20 14:43:53.416 I/SystemServer(  342): Wi-Fi Service
04-20 14:43:53.428 D/NetdConnector(  342): SND -> {interface ipv6 wlan0 disable} {null}
04-20 14:43:53.429 D/NetdConnector(  342): RCV <- {200 IPv6 state changed}
04-20 14:43:53.429 D/NetdConnector(  342): RSP <- {200 IPv6 state changed}
04-20 14:43:53.433 I/SystemServer(  342): Connectivity Service
04-20 14:43:53.434 D/ConnectivityService(  342): ConnectivityService starting up
04-20 14:43:53.446 E/MobileDataStateTracker(  342): default: Ignoring feature request because could not acquire PhoneService
04-20 14:43:53.447 E/MobileDataStateTracker(  342): default: Could not enable APN type "default"
04-20 14:43:53.450 D/NetworkManagementService(  342): Registering observer
04-20 14:43:53.450 D/NetworkManagementService(  342): Registering observer
04-20 14:43:53.452 I/WifiService(  342): WifiService starting up with Wi-Fi disabled
04-20 14:43:53.458 D/QoSManager(  342): [CdmaSSM] QoS Policy file name: /system/etc/QoSPolicy.xml
04-20 14:43:53.459 E/QoSManager(  342): [CdmaSSM] QoS Policy file not found: /system/etc/QoSPolicy.xml
04-20 14:43:53.459 V/ConnectivityService(  342): CNE is starting up
04-20 14:43:53.471 D/CNEJ    (  342): Swim RCCM Service Started 
04-20 14:43:53.474 I/CNE     (  342): Start rssiPollTimer task that polls rssi every 10 secs
04-20 14:43:53.474 I/SystemServer(  342): Throttle Service
04-20 14:43:53.476 I/SystemServer(  342): Mount Service
04-20 14:43:53.477 D/UsbVolumeInfoSet(  342): UsbVolumeInfoSet
04-20 14:43:53.478 D/MountService(  342): got storage path: /mnt/sdcard description: SD primary: true removable: true emulated: false mtpReserve: 0 allowMassStorage: false maxFileSize: 0
04-20 14:43:53.479 I/CNE_DEBUG(  342): CNE creating socket
04-20 14:43:53.480 I/CNE_DEBUG(  342): Connected to 'cnd' socket
04-20 14:43:53.483 I/SystemServer(  342): Notification Manager
04-20 14:43:53.487 D/NotificationService(  342): NOTIFY: Smem CTRL_CHARGE 0Smeme CTRL_NOTIFY 0
04-20 14:43:53.488 D/NotificationService(  342): NOTIFY: CTRL_COLOR : R = 0 G = 0 B = 0
04-20 14:43:53.488 E/lights  (  342): set_speaker_light_locked: LIGHT_SMEM_WRITE: Charger = 0 : Notify = 0
04-20 14:43:53.489 E/lights  (  342): set_speaker_light_locked: colorRGB:zero Change offtime/ontime Time zero
04-20 14:43:53.489 E/lights  (  342): set_speaker_light_locked colorRGB=00000000, onMS=0, offMS=0
04-20 14:43:53.490 I/SystemServer(  342): HDMI Service
04-20 14:43:53.493 I/SystemServer(  342): Device Storage Monitor
04-20 14:43:53.494 I/SystemServer(  342): Location Manager
04-20 14:43:53.495 I/SystemServer(  342): Country Detector
04-20 14:43:53.496 I/SystemServer(  342): Search Service
04-20 14:43:53.498 I/SystemServer(  342): DropBox Service
04-20 14:43:53.499 I/SystemServer(  342): Wallpaper Service
04-20 14:43:53.501 D/VoldConnector(  342): SND -> {volume list} {null}
04-20 14:43:53.501 D/VoldCmdListener(  113): volume list
04-20 14:43:53.502 D/VoldConnector(  342): RCV <- {110 sdcard /mnt/sdcard 1}
04-20 14:43:53.502 D/VoldConnector(  342): RCV <- {200 Volumes listed.}
04-20 14:43:53.502 D/VoldConnector(  342): RSP <- {110 sdcard /mnt/sdcard 1}
04-20 14:43:53.521 D/VoldConnector(  342): RSP <- {200 Volumes listed.}
04-20 14:43:53.521 D/VoldConnector(  342): List terminated with {200 Volumes listed.}
04-20 14:43:53.522 D/UsbVolumeInfoSet(  342): clearUsbVolumes
04-20 14:43:53.523 I/MountService(  342): onDaemonConnected thread: volume = (sdcard /mnt/sdcard 1)
04-20 14:43:53.523 I/MountService(  342): Updating valid state unmounted
04-20 14:43:53.524 D/MountService(  342): volume state changed for /mnt/sdcard (null -> unmounted)
04-20 14:43:53.524 I/PackageManager(  342): Updating external media status from unmounted to unmounted
04-20 14:43:53.525 I/MountService(  342): Flushing all OBB state for path /mnt/sdcard
04-20 14:43:53.526 I/SystemServer(  342): Audio Service
04-20 14:43:53.557 D/AudioHardwareMSM7X30(  126): setVoiceVolume(0.800000)
04-20 14:43:53.557 I/AudioHardwareMSM7X30(  126): Setting in-call volume to 80 (available range is 0 to 100)
04-20 14:43:53.557 D/AudioHardwareMSM7X30(  126): WIL_REQUEST_SET_SETTINGINFO_VOLUME 5 st
04-20 14:43:53.557 I/WIL_XLIB(  126): [0262]WIL_onRequest():start
04-20 14:43:53.557 I/WIL-XLIB(  126): [0248]alloc_WILRequest():Start
04-20 14:43:53.557 I/WIL-XLIB(  126): [0258]alloc_WILRequest():End - 0xe0c9b8
04-20 14:43:53.557 I/WIL_XLIB(  126): [0105]WIL_ListAdd():start
04-20 14:43:53.557 I/WIL_XLIB(  126): [0112]WIL_ListAdd():End - Empty Case
04-20 14:43:53.557 I/WIL_XLIB(  126): [0099]WIL_Send():Start requestlen=4
04-20 14:43:53.557 I/WIL_XLIB(  126): [0125]WIL_Send():End - Send OK
04-20 14:43:53.557 I/WIL_XLIB(  126): [0420]WIL_onWait():Start
04-20 14:43:53.557 D/WIL-XLIB(  177): [0358]cmn_dumpMem():0x00000000  14 00 00 00 69 00 00 00 b8 c9 e0 00 04 00 00 00  >....i...........<
04-20 14:43:53.557 D/WIL-XLIB(  177): [0358]cmn_dumpMem():0x00000010  05 00 00 00                                      >....            <
04-20 14:43:53.557 I/WILD    (  177): [0355]wiladp_sendFuncseq():start 
04-20 14:43:53.557 I/WIL     (  177): [2888]sendWilRequest():request 105
04-20 14:43:53.557 I/WILD    (  177): [0396]wiladp_sendFuncseq():end 
04-20 14:43:53.557 I/WILD    (  177): [0245]wiladp_readerloop():wilif thread read_wait
04-20 14:43:53.557 I/WIL     (  177): [2844]send_mainLoop():getSignal-out g_closed=0, g_requestque.wilRequest=0x16eb29c
04-20 14:43:53.557 I/WIL     (  177): [2855]send_mainLoop():WIL-D REQUEST 
04-20 14:43:53.557 I/WIL     (  177): [0610]wil_mainReq():start
04-20 14:43:53.557 D/WIL     (  177): [0617]wil_mainReq():request_id:105 cnt:3
04-20 14:43:53.557 I/WIL     (  177): [0944]wil_request_set_settinginfo_volume():start
04-20 14:43:53.557 D/WIL     (  177): [0966]wil_request_set_settinginfo_volume():data_volume->volume:5
04-20 14:43:53.557 D/WIL     (  177): [0998]wil_request_set_settinginfo_volume():set_next_cache volume_info:5
04-20 14:43:53.557 D/WIL     (  177): [1002]wil_request_set_settinginfo_volume():get_next_cache audio_valid_flg:0
04-20 14:43:53.557 I/WILD    (  177): [0415]wiladp_complete_sock():start!
04-20 14:43:53.558 D/WIL-XLIB(  177): [0358]cmn_dumpMem():0x00000000  14 00 00 00 69 00 00 00 b8 c9 e0 00 00 00 00 00  >....i...........<
04-20 14:43:53.558 D/WIL-XLIB(  177): [0358]cmn_dumpMem():0x00000010  00 00 00 00                                      >....            <
04-20 14:43:53.558 I/WILD    (  177): [0543]wiladp_freeWilRequest():start!
04-20 14:43:53.558 I/WILD    (  177): [0564]wiladp_freeWilRequest():end!
04-20 14:43:53.558 I/WILD    (  177): [0463]wiladp_complete_sock():end! 0
04-20 14:43:53.558 I/WIL     (  177): [1081]wil_request_set_settinginfo_volume():end
04-20 14:43:53.558 I/WIL     (  177): [0634]wil_mainReq():End
04-20 14:43:53.558 I/WIL_XLIB(  126): [0222]recvLoop():ret=20
04-20 14:43:53.558 D/WIL-XLIB(  126): [0358]cmn_dumpMem():0x00000000  14 00 00 00 69 00 00 00 b8 c9 e0 00 00 00 00 00  >....i...........<
04-20 14:43:53.558 D/WIL-XLIB(  126): [0358]cmn_dumpMem():0x00000010  00 00 00 00                                      >....            <
04-20 14:43:53.558 D/WIL_XLIB(  126): [0230]recvLoop():length=20, command_id=105, token=0xe0c9b8, errno=0, reslen=0, res[0]=0
04-20 14:43:53.558 I/WIL_XLIB(  126): [0264]recvLoop():read() request...
04-20 14:43:53.558 I/WIL_XLIB(  126): [0279]recvLoop():ret=0, len=20, cmd=00000069, xfer.token=0xe0c9b8, err=0, res=0x100ffe40, reslen=0
04-20 14:43:53.558 I/WIL_XLIB(  126): [0198]WIL_ListFindReq():start
04-20 14:43:53.558 I/WIL_XLIB(  126): [0203]WIL_ListFindReq():End - 0xe0c9b8
04-20 14:43:53.558 I/WIL_XLIB(  126): [0293]recvLoop():Signal on SYNC...
04-20 14:43:53.558 I/WIL_XLIB(  126): [0428]WIL_onWait():End
04-20 14:43:53.558 I/WIL_XLIB(  126): [0131]WIL_ListRemove():start
04-20 14:43:53.558 I/WIL_XLIB(  126): [0143]WIL_ListRemove():End - Begin
04-20 14:43:53.558 I/WIL_XLIB(  126): [0305]WIL_onRequest():End - Sync wilReq=0xe0c9b8
04-20 14:43:53.558 I/WIL_XLIB(  126): [0404]WIL_onFree():Start
04-20 14:43:53.558 I/WIL_XLIB(  126): [0131]WIL_ListRemove():start
04-20 14:43:53.558 I/WIL_XLIB(  126): [0136]WIL_ListRemove():End - Empty
04-20 14:43:53.558 I/WIL-XLIB(  126): [0270]free_WILRequest():Start
04-20 14:43:53.558 I/WIL-XLIB(  126): [0280]free_WILRequest():End
04-20 14:43:53.558 I/WIL_XLIB(  126): [0409]WIL_onFree():End
04-20 14:43:53.558 D/AudioHardwareMSM7X30(  126): WIL_REQUEST_SET_SETTINGINFO_VOLUME ed
04-20 14:43:53.558 V/AudioHardwareMSM7X30(  126): msm_set_voice_rx_vol(80) failed errno = 1
04-20 14:43:53.558 I/WIL_XLIB(  126): [0219]recvLoop():read() header...
04-20 14:43:53.573 V/AudioHardwareMSM7X30(  126): setFmVolume(0.425354)
04-20 14:43:53.573 V/AudioHardwareMSM7X30(  126): No Active FM stream is running
04-20 14:43:53.581 I/SystemServer(  342): Dock Observer
04-20 14:43:53.582 W/DockObserver(  342): This kernel does not have dock station support
04-20 14:43:53.582 I/SystemServer(  342): Wired Accessory Observer
04-20 14:43:53.583 I/SystemServer(  342): USB Service
04-20 14:43:53.593 I/SystemServer(  342): UI Mode Manager Service
04-20 14:43:53.639 I/SystemServer(  342): Backup Service
04-20 14:43:53.649 V/BackupManagerService(  342): Initializing package tracking
04-20 14:43:53.649 V/BackupManagerService(  342): No ancestral data
04-20 14:43:54.199 V/BackupManagerService(  342): addPackageParticipantsLocked: all
04-20 14:43:54.199 I/BackupManagerService(  342): New app android never backed up; scheduling
04-20 14:43:54.229 I/BackupManagerService(  342): New app com.android.browser never backed up; scheduling
04-20 14:43:54.238 I/BackupManagerService(  342): New app com.android.calendar never backed up; scheduling
04-20 14:43:54.251 I/BackupManagerService(  342): New app com.android.providers.settings never backed up; scheduling
04-20 14:43:54.260 I/BackupManagerService(  342): New app com.android.providers.userdictionary never backed up; scheduling
04-20 14:43:54.273 I/BackupManagerService(  342): New app com.android.sharedstoragebackup never backed up; scheduling
04-20 14:43:54.283 I/BackupManagerService(  342): New app com.android.vending never backed up; scheduling
04-20 14:43:54.294 I/BackupManagerService(  342): New app com.google.android.gm never backed up; scheduling
04-20 14:43:54.328 I/BackupManagerService(  342): New app com.google.android.inputmethod.latin never backed up; scheduling
04-20 14:43:54.341 V/BackupManagerService(  342): Registering transport android/com.android.internal.backup.LocalTransport = com.android.internal.backup.LocalTransport@418947f8
04-20 14:43:54.343 V/BackupManagerService(  342): Starting with transport android/com.android.internal.backup.LocalTransport
04-20 14:43:54.343 V/BackupManagerService(  342): Google transport not present
04-20 14:43:54.344 I/BackupManagerService(  342): Found stale backup journal, scheduling
04-20 14:43:54.346 I/BackupManagerService(  342):   android
04-20 14:43:54.347 I/BackupManagerService(  342):   com.android.browser
04-20 14:43:54.348 I/BackupManagerService(  342):   com.android.calendar
04-20 14:43:54.349 I/BackupManagerService(  342):   com.android.providers.settings
04-20 14:43:54.349 I/BackupManagerService(  342):   com.android.providers.userdictionary
04-20 14:43:54.350 I/BackupManagerService(  342):   com.android.sharedstoragebackup
04-20 14:43:54.351 I/BackupManagerService(  342):   com.android.vending
04-20 14:43:54.352 I/BackupManagerService(  342):   com.google.android.gm
04-20 14:43:54.353 I/BackupManagerService(  342):   com.google.android.inputmethod.latin
04-20 14:43:54.354 I/BackupManagerService(  342): Backup enabled => false
04-20 14:43:54.354 I/BackupManagerService(  342): Opting out of backup
04-20 14:43:54.355 I/SystemServer(  342): AppWidget Service
04-20 14:43:54.356 I/SystemServer(  342): Recognition Service
04-20 14:43:54.357 I/SystemServer(  342): DiskStats Service
04-20 14:43:54.358 I/SystemServer(  342): AtCmdFwd Service
04-20 14:43:54.366 D/AtCkpdCmdHandler(  342): De-queing command
04-20 14:43:54.368 I/SystemServer(  342): SamplingProfiler Service
04-20 14:43:54.370 I/SystemServer(  342): NetworkTimeUpdateService
04-20 14:43:54.370 I/SystemServer(  342): IlluminanceSensorReader
04-20 14:43:54.374 I/SystemServer(  342): SD OS UPDATE Service
04-20 14:43:54.374 I/SystemServer(  342): FallbackBaseDataService
04-20 14:43:54.375 I/SystemServer(  342): BacklightManagerService
04-20 14:43:54.375 I/BacklightManagerService(  342): init
04-20 14:43:54.379 I/SystemServer(  342): NvAccess Service
04-20 14:43:54.380 I/SystemServer(  342): Fota Reboot Service
04-20 14:43:54.391 I/PowerManager.WakeLock(  342): [-ON-][-acquire-],[Sat Apr 20 14:43:54 JST 2013::1366436634388],[com.android.server.VibratorService$VibrateThread::<init>,com.android.server.VibratorService::startVibrationLocked,com.android.server.VibratorService::vibratePattern,]
04-20 14:43:54.392 I/WindowManager(  342): SAFE MODE not enabled
04-20 14:43:54.412 I/WindowManager(  342): SCREENLAYOUT_SIZE (1:small, 2:normal, 3:large, 4:xlarge) 2
04-20 14:43:54.413 D/PowerManagerService(  342): system ready!
04-20 14:43:54.422 I/IlluminanceSensorReader(  342): Update Brightness Auto Off - unregisterListener
04-20 14:43:54.453 I/PowerManager.WakeLock(  342): [-ON-][-release-],[Sat Apr 20 14:43:54 JST 2013::1366436634452],[com.android.server.VibratorService$VibrateThread::run,]
04-20 14:43:54.464 I/IlluminanceSensorReader(  342): Update Brightness Auto Off - unregisterListener
04-20 14:43:54.484 I/FallbackBaseDataService(  342): systemReady!
04-20 14:43:54.484 I/BacklightManagerService(  342): systemReady
04-20 14:43:54.486 I/BacklightManagerService(  342): SettingsObserver Changed mBacklightBrightness=35
04-20 14:43:54.491 I/ActivityManager(  342): System now ready
04-20 14:43:54.492 I/ActivityManager(  342): set LOCKOUT_ATTEMPT_DEADLINE to 0
04-20 14:43:54.492 I/SystemServer(  342): Making services ready
04-20 14:43:54.492 D/SystemServer(  342): Starting service: Intent { cmp=com.android.systemui/.SystemUIService }
04-20 14:43:54.495 I/Zygote  (  342): Process: zygote socket opened
04-20 14:43:54.506 I/ActivityManager(  342): Start proc com.android.systemui for service com.android.systemui/.SystemUIService: pid=440 uid=1000 gids={1015, 3002, 3001, 3003, 1006, 3006, 3007}
04-20 14:43:54.507 D/NetworkManagementService(  342): enabling bandwidth control
04-20 14:43:54.507 D/NetdConnector(  342): SND -> {bandwidth enable} {null}
04-20 14:43:54.550 E/BandwidthController(  120): runIptablesCmd(): failed /system/bin/iptables -t raw -F res=768
04-20 14:43:54.563 E/BandwidthController(  120): runIptablesCmd(): failed /system/bin/ip6tables -t raw -F res=768
04-20 14:43:54.677 D/SystemUIService(  440): loading: class com.android.systemui.statusbar.phone.PhoneStatusBar
04-20 14:43:54.679 D/SystemUIService(  440): running: com.android.systemui.statusbar.phone.PhoneStatusBar@41651c80
04-20 14:43:54.702 D/NetdConnector(  342): RCV <- {200 Bandwidth command succeeeded}
04-20 14:43:54.703 D/NetdConnector(  342): RSP <- {200 Bandwidth command succeeeded}
04-20 14:43:54.723 D/NetworkManagementService(  342): Registering observer
04-20 14:43:54.724 D/NetdConnector(  342): SND -> {bandwidth setglobalalert 2097152} {null}
04-20 14:43:54.750 D/PhoneStatusBar(  440): ExpandedView.onFinishInflate()
04-20 14:43:54.756 D/NetdConnector(  342): RCV <- {200 Bandwidth command succeeeded}
04-20 14:43:54.756 D/NetdConnector(  342): RSP <- {200 Bandwidth command succeeeded}
04-20 14:43:54.765 D/NetworkManagementService(  342): Registering observer
04-20 14:43:54.768 D/PhoneStatusBar(  440): ExpandedView.createSettingsPanel()
04-20 14:43:54.769 I/ActivityManager(  342): Config changed: {1.0 0mcc0mnc ja_JP layoutdir=0 sw320dp w320dp h508dp nrml long port finger -keyb/v/h -nav/h s.3 font=0}
04-20 14:43:54.787 D/SettingsItemWifi(  440): created.
04-20 14:43:54.787 D/SettingsItemWifi(  440): initialize() called.
04-20 14:43:54.810 D/SettingsItemBluetooth(  440): created.
04-20 14:43:54.810 D/SettingsItemBluetooth(  440): initialize() called.
04-20 14:43:54.811 D/NotificationService(  342): NOTIFY: enqueueNotificationWithTag: 16
04-20 14:43:54.818 D/SettingsItemLocation(  440): created.
04-20 14:43:54.822 D/SettingsItemLocation(  440): initialize() called.
04-20 14:43:54.824 D/SettingsItemMannerMode(  440): created.
04-20 14:43:54.824 D/SettingsItemMannerMode(  440): initialize() called.
04-20 14:43:54.826 D/SettingsItemRotate(  440): created.
04-20 14:43:54.831 D/SettingsItemRotate(  440): initialize() called.
04-20 14:43:54.832 D/SettingsItemBrightness(  440): created.
04-20 14:43:54.833 D/SettingsItemBrightness(  440): initialize() called.
04-20 14:43:54.835 D/SettingsItemFMT(  440): created.
04-20 14:43:54.835 D/SettingsItemFMT(  440): initialize() called.
04-20 14:43:54.861 D/SettingsItemEcoMode(  440): created.
04-20 14:43:54.861 D/SettingsItemEcoMode(  440): initialize() called.
04-20 14:43:54.863 D/SettingsItemPrivacyView(  440): created.
04-20 14:43:54.863 D/SettingsItemPrivacyView(  440): initialize() called.
04-20 14:43:54.865 D/SettingsItemAirplaneMode(  440): created.
04-20 14:43:54.868 D/SettingsItemAirplaneMode(  440): initialize() called.
04-20 14:43:54.870 D/SettingsItemPublicMode(  440): created.
04-20 14:43:54.873 D/SettingsItemPublicMode(  440): initialize() called.
04-20 14:43:54.874 D/SettingsItemHoldOnDisplay(  440): created.
04-20 14:43:54.877 D/SettingsItemHoldOnDisplay(  440): initialize() called.
04-20 14:43:54.905 D/NotificationService(  342): NOTIFY: enqueueNotificationWithTag: 16
04-20 14:43:54.941 I/REC@0   (  342): USB connected
04-20 14:43:54.953 W/InputManagerService(  342): Ignoring setImeWindowStatus of uid 1000 token: null
04-20 14:43:54.971 I/ActivityManager(  342): Start proc com.atok.mobile.im.fujitsu.service for service com.atok.mobile.im.fujitsu.service/.AtokInputMethodService: pid=496 uid=10085 gids={1015}
04-20 14:43:55.010 D/NetworkManagementService(  342): Registering observer
04-20 14:43:55.025 I/ActivityManager(  342): Start proc android.process.media for broadcast com.android.providers.media/.UsbReceiver: pid=510 uid=10039 gids={1015, 1023, 1024, 2001, 3003, 3007}
04-20 14:43:55.071 W/ThrottleService(  342): unable to find stats for iface rmnet0
04-20 14:43:55.084 D/NetdConnector(  342): SND -> {interface setthrottle rmnet0 -1 -1} {null}
04-20 14:43:55.088 I/ActivityManager(  342): Start proc com.android.phone for added application com.android.phone: pid=525 uid=1001 gids={3002, 3001, 3003, 1015}
04-20 14:43:55.132 I/ActivityManager(  342): Start proc com.fujitsu.mobile_phone.privacymodesettings for added application com.fujitsu.mobile_phone.privacymodesettings: pid=538 uid=1000 gids={1015, 3002, 3001, 3003, 1006, 3006, 3007}
04-20 14:43:55.140 D/NetdConnector(  342): RCV <- {200 Interface throttling set}
04-20 14:43:55.140 D/NetdConnector(  342): RSP <- {200 Interface throttling set}
04-20 14:43:55.169 I/ActivityManager(  342): Start proc com.fujitsu.mobile_phone.pedometer for added application com.fujitsu.mobile_phone.pedometer: pid=557 uid=10095 gids={}
04-20 14:43:55.203 I/ActivityManager(  342): Start proc jp.co.nttdocomo.pf.piad for added application jp.co.nttdocomo.pf.piad: pid=570 uid=10132 gids={1007, 3003}
04-20 14:43:55.243 I/ActivityManager(  342): Start proc com.fujitsu.mobile_phone.hceview_manager for added application com.fujitsu.mobile_phone.hceview_manager: pid=583 uid=10000 gids={1015}
04-20 14:43:55.270 I/ActivityThread(  496): Pub com.atok.mobile.im.fujitsu.fixedform.SentenceProvider: com.atok.mobile.im.fujitsu.fixedform.SentenceProvider
04-20 14:43:55.276 I/ActivityManager(  342): Start proc com.fujitsu.mobile_phone.privacyimagesetting for added application com.fujitsu.mobile_phone.privacyimagesetting: pid=598 uid=10103 gids={1015}
04-20 14:43:55.371 E/LocSvc_afw(  342): E/get_extension: Invalid interface passed in
04-20 14:43:55.394 I/ActivityManager(  342): Start proc com.fujitsu.mobile_phone.hceview_systemmanager for added application com.fujitsu.mobile_phone.hceview_systemmanager: pid=613 uid=10001 gids={}
04-20 14:43:55.403 I/ActivityManager(  342): START {act=android.intent.action.MAIN cat=[android.intent.category.HOME] flg=0x10000000 cmp=com.nttdocomo.android.paletteui/.HomeApp} from pid 0
04-20 14:43:55.411 I/REC@0   (  342): am_create_activity: {1102352104,2,com.nttdocomo.android.paletteui/.HomeApp,android.intent.action.MAIN,null,null,268435456}
04-20 14:43:55.433 I/ActivityManager(  342): Start proc com.nttdocomo.android.paletteui for activity com.nttdocomo.android.paletteui/.HomeApp: pid=622 uid=10036 gids={3003, 1015}
04-20 14:43:55.433 D/AbnormalBattery(  342): mBroadcastReceiver.onReceive() Intent.ACTION_BATTERY_CHANGED
04-20 14:43:55.433 I/FCRwFccService(  342): plug_state:255 new_plugged_state:2
04-20 14:43:55.433 I/FCRwFccService(  342): ACTION_BATTERY_CHANGED battery_mode_plugged:true
04-20 14:43:55.434 I/CNE_DEBUG(  342): CNE received action: android.intent.action.BATTERY_CHANGED
04-20 14:43:55.434 I/CNE_DEBUG(  342): UpdateBatteryStatus status=5 pluginType=2 level=100
04-20 14:43:55.441 D/NotificationService(  342): mBatteryLevel is changed
04-20 14:43:55.590 I/WindowManager(  342): SCREENLAYOUT_SIZE (1:small, 2:normal, 3:large, 4:xlarge) 2
04-20 14:43:55.639 I/ActivityThread(  538): Pub com.fujitsu.mobile_phone.privacymodesettings.FLAGSET: com.fujitsu.mobile_phone.privacymodesettings.PrivacyContactFlagsetProvider
04-20 14:43:55.640 I/ActivityThread(  570): Pub jp.co.nttdocomo.pf.piad.data: jp.co.nttdocomo.pf.piad.contentprovider.LogWatcher
04-20 14:43:55.657 I/ActivityThread(  510): Pub downloads: com.android.providers.downloads.DownloadProvider
04-20 14:43:55.702 I/ActivityThread(  557): Pub com.fujitsu.mobile_phone.pedometer.PedometerHourly: com.fujitsu.mobile_phone.pedometer.PedometerHourlyProvider
04-20 14:43:55.733 I/ActivityThread(  557): Pub com.fujitsu.mobile_phone.pedometer.ActivityMassHourly: com.fujitsu.mobile_phone.pedometer.ActivityMassProvider
04-20 14:43:55.734 I/ActivityThread(  557): Pub com.fujitsu.mobile_phone.pedometer.PedometerDaily: com.fujitsu.mobile_phone.pedometer.PedometerProvider
04-20 14:43:55.741 I/ActivityThread(  557): Pub com.fujitsu.mobile_phone.pedometer.ActivityMassMinute: com.fujitsu.mobile_phone.pedometer.ActivityMassMinuteProvider
04-20 14:43:55.749 I/ActivityThread(  598): Pub com.fujitsu.mobile_phone.privacyimagesetting.PrivacyImageProvider: com.fujitsu.mobile_phone.privacyimagesetting.PrivacyImageProvider
04-20 14:43:55.837 I/ActivityThread(  510): Pub drm: com.android.providers.drm.DrmProvider
04-20 14:43:55.837 I/DownloadManager(  510): in removeSpuriousFiles
04-20 14:43:55.850 I/ActivityThread(  510): Pub media: com.android.providers.media.MediaProvider
04-20 14:43:55.927 I/StatusBarManagerService(  342): registerStatusBar bar=com.android.internal.statusbar.IStatusBar$Stub$Proxy@41909740
04-20 14:43:55.928 D/PhoneStatusBar(  440): disable: < expand icons alerts ticker system_info back home recent clock >
04-20 14:43:55.939 I/ActivityThread(  622): Pub com.nttdocomo.android.paletteui.kisekae.provider.ContentInfoProvider: com.nttdocomo.android.paletteui.kisekae.provider.ContentInfoProvider
04-20 14:43:56.102 D/MtpService(  510): starting MTP server in MTP mode
04-20 14:43:56.138 I/ActivityManager(  342): Start proc jp.co.omronsoft.android.decoemojimanager_docomo for service jp.co.omronsoft.android.decoemojimanager_docomo/.DecoEmojiManager: pid=647 uid=10033 gids={1015}
04-20 14:43:56.149 W/ActivityManager(  342): Unable to start service Intent { act=com.atok.mobile.im.fujitsu.decoe.IDecoeReceiver }: not found
04-20 14:43:56.149 E/AtokInputMethodService(  496): Connecting to IDecoeReceiver was failed.
04-20 14:43:56.171 I/ActivityThread(  525): Pub iccmsim: com.android.phone.MSimIccProvider
04-20 14:43:56.186 I/ActivityThread(  525): Pub telephony: com.android.providers.telephony.TelephonyProvider
04-20 14:43:56.245 W/TelephonyProvider(  525): onCreate: confFile=/system/etc/apns-conf.xml oldCheckSum=-1
04-20 14:43:56.277 I/ActivityThread(  525): Pub com.android.phone.phoneprivacy: com.android.phone.PhonePrivacyProvider
04-20 14:43:56.280 D/StorageNotification(  440): Startup with UMS connection false (media state unmounted)
04-20 14:43:56.281 I/ActivityThread(  647): Pub jp.co.omronsoft.android.decoemojimanager_docomo.provider: jp.co.omronsoft.android.decoemojimanager_docomo.provider.DecoEmojiProvider
04-20 14:43:56.298 I/PhonePrivacyProvider(  525): onCreate()
04-20 14:43:56.298 I/PhonePrivacyOpenHelper(  525): PhonePrivacyOpenHelper()
04-20 14:43:56.299 I/ActivityThread(  525): Pub sms: com.android.providers.telephony.SmsProvider
04-20 14:43:56.381 I/StorageNotification(  440): UMS connection changed to false (media state unmounted)
04-20 14:43:56.384 I/PowerManager.WakeLock(  525): [-ON-][-acquire-],[Sat Apr 20 14:43:56 JST 2013::1366436636384],[com.android.providers.telephony.PrivacyEventReceiver::beginStartingService,com.android.providers.telephony.MmsSmsDatabaseHelper::getInstance,com.android.providers.telephony.SmsProvider::onCreate,]
04-20 14:43:56.392 D/PhoneStatusBarPolicy(  440): MUTE icon is showing as volume level set to 0
04-20 14:43:56.392 D/SystemUIService(  440): loading: class com.android.systemui.power.PowerUI
04-20 14:43:56.396 D/SystemUIService(  440): running: com.android.systemui.power.PowerUI@41749418
04-20 14:43:56.400 I/ActivityThread(  525): Pub mms-sms: com.android.providers.telephony.MmsSmsProvider
04-20 14:43:56.403 I/ActivityThread(  525): Pub com.android.phone.phonecalls: com.android.phone.PhoneProvider
04-20 14:43:56.435 E/DatabaseOpenHelper(  525): CreateTable constract
04-20 14:43:56.435 I/ActivityThread(  525): Pub icc: com.android.phone.IccProvider
04-20 14:43:56.436 I/ActivityThread(  525): Pub mms: com.android.providers.telephony.MmsProvider
04-20 14:43:56.438 I/ActivityThread(  525): Pub com.android.phone.voicememo: com.android.phone.VoiceMemoProvider
04-20 14:43:56.442 D/DatabaseOpenHelper(  525): CreateTable constract
04-20 14:43:56.444 D/Provider(  525): onCreate
04-20 14:43:56.453 V/PhoneApp(  525): onCreate()...
04-20 14:43:56.455 D/PhoneApp(  525): non dsds PhoneApp:
04-20 14:43:56.577 D/WifiService(  342): New client listening to asynchronous messages
04-20 14:43:56.619 D/CAT     (  525): CatService: CatService 0is running
04-20 14:43:56.742 D/memalloc(  123): /dev/pmem: Allocated buffer base:0x41ed6000 size:1536000 offset:4608000 fd:37
04-20 14:43:56.746 D/memalloc(  622): /dev/pmem: Mapped buffer base:0x50f1b000 size:6144000 offset:4608000 fd:45
04-20 14:43:56.807 D/        (  525): [ApnContext] set reason as dataEnabled, for type default,current state IDLE
04-20 14:43:56.808 D/        (  525): [ApnContext] set reason as dataEnabled, for type mms,current state IDLE
04-20 14:43:56.810 D/        (  525): [ApnContext] set reason as dataEnabled, for type supl,current state IDLE
04-20 14:43:56.811 D/        (  525): [ApnContext] set reason as dataEnabled, for type dun,current state IDLE
04-20 14:43:56.812 D/        (  525): [ApnContext] set reason as dataEnabled, for type hipri,current state IDLE
04-20 14:43:56.813 D/        (  525): [ApnContext] set reason as dataEnabled, for type fota,current state IDLE
04-20 14:43:56.814 D/        (  525): [ApnContext] set reason as dataEnabled, for type ims,current state IDLE
04-20 14:43:56.820 D/        (  525): [ApnContext] set reason as dataEnabled, for type cbs,current state IDLE
04-20 14:43:56.821 D/        (  525): [ApnContext] set reason as dataEnabled, for type btdun,current state IDLE
04-20 14:43:56.975 I/PowerManager.WakeLock(  647): [-ON-][-acquire-],[Sat Apr 20 14:43:56 JST 2013::1366436636974],[jp.co.omronsoft.android.decoemojimanager_docomo.DecoEmojiManager::startFileCheck,jp.co.omronsoft.android.decoemojimanager_docomo.DecoEmojiManager::access$22,jp.co.omronsoft.android.decoemojimanager_docomo.DecoEmojiManager$3::run,java.lang.Thread::run,]
04-20 14:43:57.572 I/ActivityManager(  342): Start proc com.google.process.gapps for service com.google.android.location/.NetworkLocationService: pid=680 uid=10018 gids={3003, 1015, 2001, 1007, 3006}
04-20 14:43:57.606 I/ActivityManager(  342): Start proc com.android.smspush for service com.android.smspush/.WapPushManager: pid=691 uid=10127 gids={}
04-20 14:43:57.667 D/memalloc(  123): /dev/pmem: Allocated buffer base:0x41ed6000 size:122880 offset:6144000 fd:40
04-20 14:43:57.669 D/memalloc(  440): /dev/pmem: Mapped buffer base:0x50edc000 size:6266880 offset:6144000 fd:41
04-20 14:43:57.754 D/memalloc(  123): /dev/pmem: Allocated buffer base:0x41ed6000 size:1536000 offset:6266880 fd:43
04-20 14:43:57.760 I/ActivityThread(  680): Pub com.google.settings: com.google.android.gsf.settings.GoogleSettingsProvider
04-20 14:43:57.763 D/memalloc(  622): /dev/pmem: Mapped buffer base:0x519e9000 size:7802880 offset:6266880 fd:58
04-20 14:43:57.786 I/ActivityManager(  342): Displayed com.nttdocomo.android.paletteui/.HomeApp: +2s373ms
04-20 14:43:57.786 I/REC@0   (  342): Displayed com.nttdocomo.android.paletteui/.HomeApp: +2s373ms
04-20 14:43:57.831 D/CallManager(  525): registerPhone(GSM Handler (com.android.internal.telephony.PhoneProxy) {41686118})
04-20 14:43:57.845 I/ONCRPC  (  217): Setup RPC Call for task 4016f420
04-20 14:43:57.845 I/ONCRPC  (  217): oncrpc_xdr_call_msg_start: Prog: 30000000, Ver: 003c0001, Proc: 00000065
04-20 14:43:57.845 I/ONCRPC  (  217): xdr_std_msg_send_call: Sent Xid: 94, Prog: 30000000, Ver: 003c0001, Proc: 00000065
04-20 14:43:57.846 I/ONCRPC  (  217): xdr_std_msg_send_call: Received Reply Xid: 94, Prog: 30000000, Ver: 003c0001, Proc: 00000065
04-20 14:43:57.846 I/ONCRPC  (  217): Setup RPC Call for task 4016f420
04-20 14:43:57.846 I/ONCRPC  (  217): oncrpc_xdr_call_msg_start: Prog: 30000000, Ver: 003c0001, Proc: 00000065
04-20 14:43:57.846 I/ONCRPC  (  217): xdr_std_msg_send_call: Sent Xid: 95, Prog: 30000000, Ver: 003c0001, Proc: 00000065
04-20 14:43:57.847 I/ONCRPC  (  217): xdr_std_msg_send_call: Received Reply Xid: 95, Prog: 30000000, Ver: 003c0001, Proc: 00000065
04-20 14:43:57.847 I/ONCRPC  (  217): Setup RPC Call for task 4016f420
04-20 14:43:57.847 I/ONCRPC  (  217): oncrpc_xdr_call_msg_start: Prog: 30000000, Ver: 003c0001, Proc: 00000065
04-20 14:43:57.847 I/ONCRPC  (  217): xdr_std_msg_send_call: Sent Xid: 96, Prog: 30000000, Ver: 003c0001, Proc: 00000065
04-20 14:43:57.849 I/ONCRPC  (  217): xdr_std_msg_send_call: Received Reply Xid: 96, Prog: 30000000, Ver: 003c0001, Proc: 00000065
04-20 14:43:57.849 I/ONCRPC  (  217): Setup RPC Call for task 4016f420
04-20 14:43:57.849 I/ONCRPC  (  217): oncrpc_xdr_call_msg_start: Prog: 30000000, Ver: 003c0001, Proc: 00000065
04-20 14:43:57.849 I/ONCRPC  (  217): xdr_std_msg_send_call: Sent Xid: 97, Prog: 30000000, Ver: 003c0001, Proc: 00000065
04-20 14:43:57.849 D/NotificationMgr(  525): updateNotificationsAtStartup()...
04-20 14:43:57.850 I/ONCRPC  (  217): xdr_std_msg_send_call: Received Reply Xid: 97, Prog: 30000000, Ver: 003c0001, Proc: 00000065
04-20 14:43:57.850 I/ONCRPC  (  217): Setup RPC Call for task 4016f420
04-20 14:43:57.850 I/ONCRPC  (  217): oncrpc_xdr_call_msg_start: Prog: 30000000, Ver: 003c0001, Proc: 00000065
04-20 14:43:57.850 I/ONCRPC  (  217): xdr_std_msg_send_call: Sent Xid: 98, Prog: 30000000, Ver: 003c0001, Proc: 00000065
04-20 14:43:57.851 I/ONCRPC  (  217): xdr_std_msg_send_call: Received Reply Xid: 98, Prog: 30000000, Ver: 003c0001, Proc: 00000065
04-20 14:43:57.851 I/ONCRPC  (  217): Setup RPC Call for task 4016f420
04-20 14:43:57.851 I/ONCRPC  (  217): oncrpc_xdr_call_msg_start: Prog: 30000000, Ver: 003c0001, Proc: 00000065
04-20 14:43:57.851 I/ONCRPC  (  217): xdr_std_msg_send_call: Sent Xid: 99, Prog: 30000000, Ver: 003c0001, Proc: 00000065
