04-20 14:43:57.852 I/ONCRPC  (  217): xdr_std_msg_send_call: Received Reply Xid: 99, Prog: 30000000, Ver: 003c0001, Proc: 00000065
04-20 14:43:57.852 I/ONCRPC  (  217): Setup RPC Call for task 4016f420
04-20 14:43:57.852 I/ONCRPC  (  217): oncrpc_xdr_call_msg_start: Prog: 30000000, Ver: 003c0001, Proc: 00000065
04-20 14:43:57.852 I/ONCRPC  (  217): xdr_std_msg_send_call: Sent Xid: 9a, Prog: 30000000, Ver: 003c0001, Proc: 00000065
04-20 14:43:57.853 I/ONCRPC  (  217): xdr_std_msg_send_call: Received Reply Xid: 9a, Prog: 30000000, Ver: 003c0001, Proc: 00000065
04-20 14:43:57.853 I/ONCRPC  (  217): Setup RPC Call for task 4016f420
04-20 14:43:57.853 I/ONCRPC  (  217): oncrpc_xdr_call_msg_start: Prog: 30000000, Ver: 003c0001, Proc: 00000065
04-20 14:43:57.853 I/ONCRPC  (  217): xdr_std_msg_send_call: Sent Xid: 9b, Prog: 30000000, Ver: 003c0001, Proc: 00000065
04-20 14:43:57.854 I/ONCRPC  (  217): xdr_std_msg_send_call: Received Reply Xid: 9b, Prog: 30000000, Ver: 003c0001, Proc: 00000065
04-20 14:43:57.854 I/ONCRPC  (  217): Setup RPC Call for task 4016f420
04-20 14:43:57.854 I/ONCRPC  (  217): oncrpc_xdr_call_msg_start: Prog: 30000000, Ver: 003c0001, Proc: 00000065
04-20 14:43:57.854 I/ONCRPC  (  217): xdr_std_msg_send_call: Sent Xid: 9c, Prog: 30000000, Ver: 003c0001, Proc: 00000065
04-20 14:43:57.855 I/ONCRPC  (  217): xdr_std_msg_send_call: Received Reply Xid: 9c, Prog: 30000000, Ver: 003c0001, Proc: 00000065
04-20 14:43:57.855 I/ONCRPC  (  217): Setup RPC Call for task 4016f420
04-20 14:43:57.855 I/ONCRPC  (  217): oncrpc_xdr_call_msg_start: Prog: 30000000, Ver: 003c0001, Proc: 00000065
04-20 14:43:57.855 I/ONCRPC  (  217): xdr_std_msg_send_call: Sent Xid: 9d, Prog: 30000000, Ver: 003c0001, Proc: 00000065
04-20 14:43:57.856 I/ONCRPC  (  217): xdr_std_msg_send_call: Received Reply Xid: 9d, Prog: 30000000, Ver: 003c0001, Proc: 00000065
04-20 14:43:57.856 I/ONCRPC  (  217): Setup RPC Call for task 4016f420
04-20 14:43:57.856 I/ONCRPC  (  217): oncrpc_xdr_call_msg_start: Prog: 30000000, Ver: 003c0001, Proc: 00000065
04-20 14:43:57.856 I/ONCRPC  (  217): xdr_std_msg_send_call: Sent Xid: 9e, Prog: 30000000, Ver: 003c0001, Proc: 00000065
04-20 14:43:57.857 I/ONCRPC  (  217): xdr_std_msg_send_call: Received Reply Xid: 9e, Prog: 30000000, Ver: 003c0001, Proc: 00000065
04-20 14:43:57.857 I/ONCRPC  (  217): Setup RPC Call for task 4016f420
04-20 14:43:57.857 I/ONCRPC  (  217): oncrpc_xdr_call_msg_start: Prog: 30000000, Ver: 003c0001, Proc: 00000065
04-20 14:43:57.857 I/ONCRPC  (  217): xdr_std_msg_send_call: Sent Xid: 9f, Prog: 30000000, Ver: 003c0001, Proc: 00000065
04-20 14:43:57.858 I/ONCRPC  (  217): xdr_std_msg_send_call: Received Reply Xid: 9f, Prog: 30000000, Ver: 003c0001, Proc: 00000065
04-20 14:43:57.871 D/NotificationMgr(  525): - start call log query...
04-20 14:43:57.873 I/ActivityManager(  342): Start proc com.nttdocomo.android.areamail for broadcast com.nttdocomo.android.areamail/.AreaMailServiceReceiver: pid=705 uid=10003 gids={}
04-20 14:43:57.899 D/PrivacyMode(  525): getPrivacymode: return=false
04-20 14:43:57.900 D/PrivacyMode(  525): isPrivacyMode: return=false
04-20 14:43:57.900 D/NotificationMgr(  525): - check new voice memo ...
04-20 14:43:57.901 D/VoiceMemo(  525): query() selection=new=?]
04-20 14:43:57.918 I/ActivityThread(  680): Pub subscribedfeeds: com.google.android.gsf.subscribedfeeds.SubscribedFeedsProvider
04-20 14:43:57.940 I/ActivityManager(  342): Start proc android.process.acore for content provider com.android.providers.contacts/.CallLogProvider: pid=719 uid=5002 gids={1015, 3003}
04-20 14:43:57.989 D/DatabaseOpenHelper(  525): databasePath=[/data/data/com.android.phone/databases/phoneprivacy]
04-20 14:43:58.055 I/VoiceMemo(  525):  --- privacyState=[false]
04-20 14:43:58.056 D/VoiceMemoProvider(  525):  --- privacyState=[false]
04-20 14:43:58.056 D/VoiceMemo(  525): SQL(PhoneProvider query) = SELECT * FROM voicememo WHERE (new=?)
04-20 14:43:58.075 D/KeyguardUpdateMonitor(  342): ACTION_SIM_STATE_CHANGED intent received on sub = 0
04-20 14:43:58.085 I/ActivityThread(  680): Pub com.google.contacts.gal.provider: com.google.android.syncadapters.contacts.GalProvider
04-20 14:43:58.093 D/NotificationMgr(  525): - updating in-call notification at startup...
04-20 14:43:58.113 D/PowerManagerService(  342): bootCompleted
04-20 14:43:58.114 D/AbnormalBattery(  342): mBroadcastReceiver.onReceive() Intent.BOOT_COMPLETED
04-20 14:43:58.114 I/AbnormalBattery(  342): mIsTemperatureShutdown = 0
04-20 14:43:58.115 D/AbnormalBattery(  342): checkRebootDeviceTemperature() Start
04-20 14:43:58.116 D/NotificationMgr(  525): updateInCallNotification(allowFullScreenIntent = false)...
04-20 14:43:58.117 D/NotificationMgr(  525): cancelInCall()...
04-20 14:43:58.127 D/PhoneInterfaceManager(  525):  Registering for UNSOL OEM HOOK Responses to deliver external apps
04-20 14:43:58.132 D/AbnormalBattery(  342): checkRebootDeviceTemperature() End
04-20 14:43:58.133 D/AbnormalBattery(  342): mRebootDeviceTempResult = 20
04-20 14:43:58.133 D/AbnormalBattery(  342): levelNum = 0
04-20 14:43:58.133 D/AbnormalBattery(  342): Device reboot and Device's temperature is normal
04-20 14:43:58.135 I/FCRwFccService(  342): ACTION_BOOT_COMPLETED
04-20 14:43:58.135 I/FCRwFccService(  342): initialDataCollect() airplane_mode:false
04-20 14:43:58.147 D/PhoneInterfaceManager(  525): [PhoneIntfMgr] publish: com.android.phone.PhoneInterfaceManager@416c9d80
04-20 14:43:58.164 D/NotificationService(  342): NOTIFY: enqueueNotificationWithTag: 16777216
04-20 14:43:58.164 E/NotificationService(  342): Ignoring notification with icon==0: Notification(contentView=null vibrate=null,sound=null,defaults=0x0,flags=0x21)
04-20 14:43:58.164 D/LedPattern(  342): Notify: sending pattern for Level5 notifications 
04-20 14:43:58.164 D/NotificationService(  342): NOTIFY: mPattern 3
04-20 14:43:58.164 D/NotificationService(  342): NOTIFY: Current level 5
04-20 14:43:58.165 E/NotificationService(  342): IndexOutOfBoundsException occured while retriving data from arraylist
04-20 14:43:58.165 D/NotificationService(  342): NOTIFY: enqueueNotificationWithTag: 4194304
04-20 14:43:58.165 E/NotificationService(  342): Ignoring notification with icon==0: Notification(contentView=null vibrate=null,sound=null,defaults=0x0,flags=0x21)
04-20 14:43:58.165 D/LedPattern(  342): Notify: sending pattern for Level5 notifications 
04-20 14:43:58.165 D/NotificationService(  342): NOTIFY: mPattern 3
04-20 14:43:58.165 D/NotificationService(  342): NOTIFY: Current level 5
04-20 14:43:58.165 E/NotificationService(  342): IndexOutOfBoundsException occured while retriving data from arraylist
04-20 14:43:58.190 I/ONCRPC  (  342): Setup RPC Call for task 40589270
04-20 14:43:58.190 I/ONCRPC  (  342): oncrpc_xdr_call_msg_start: Prog: 300200a2, Ver: 00010001, Proc: 00000002
04-20 14:43:58.190 I/ONCRPC  (  342): xdr_std_msg_send_call: Sent Xid: 0, Prog: 300200a2, Ver: 00010001, Proc: 00000002
04-20 14:43:58.192 I/ONCRPC  (  342): xdr_std_msg_send_call: Received Reply Xid: 0, Prog: 300200a2, Ver: 00010001, Proc: 00000002
04-20 14:43:58.192 I/ONCRPC  (  342): Setup RPC Call for task 40589270
04-20 14:43:58.192 I/ONCRPC  (  342): oncrpc_xdr_call_msg_start: Prog: 300200a2, Ver: 00010001, Proc: 00000003
04-20 14:43:58.192 I/ONCRPC  (  342): xdr_std_msg_send_call: Sent Xid: 1, Prog: 300200a2, Ver: 00010001, Proc: 00000003
04-20 14:43:58.193 I/ONCRPC  (  342): xdr_std_msg_send_call: Received Reply Xid: 1, Prog: 300200a2, Ver: 00010001, Proc: 00000003
04-20 14:43:58.194 I/ONCRPC  (  342): Setup RPC Call for task 40589270
04-20 14:43:58.194 I/ONCRPC  (  342): oncrpc_xdr_call_msg_start: Prog: 300200a2, Ver: 00010001, Proc: 00000004
04-20 14:43:58.194 I/ONCRPC  (  342): xdr_std_msg_send_call: Sent Xid: 2, Prog: 300200a2, Ver: 00010001, Proc: 00000004
04-20 14:43:58.195 I/ONCRPC  (  342): xdr_std_msg_send_call: Received Reply Xid: 2, Prog: 300200a2, Ver: 00010001, Proc: 00000004
04-20 14:43:58.196 I/ONCRPC  (  342): Setup RPC Call for task 40589270
04-20 14:43:58.196 I/ONCRPC  (  342): oncrpc_xdr_call_msg_start: Prog: 300200a2, Ver: 00010001, Proc: 00000005
04-20 14:43:58.196 I/ONCRPC  (  342): xdr_std_msg_send_call: Sent Xid: 3, Prog: 300200a2, Ver: 00010001, Proc: 00000005
04-20 14:43:58.197 I/ONCRPC  (  342): xdr_std_msg_send_call: Received Reply Xid: 3, Prog: 300200a2, Ver: 00010001, Proc: 00000005
04-20 14:43:58.198 I/FCNativeEvent(  342): install en2
04-20 14:43:58.200 V/DevicePolicyManagerService(  342): Sending password expiration notifications for action android.intent.action.BOOT_COMPLETED
04-20 14:43:58.201 I/ONCRPC  (  342): rpc_handle_rpc_call: for Xid: 16, Prog: 310000a2, Vers: 00010001, Proc: 00000002
04-20 14:43:58.201 I/ONCRPC  (  342): rpc_handle_rpc_call: Find Status: 0 Xid: 16
04-20 14:43:58.201 I/ONCRPC  (  342): oncrpc_proxy_handle_cmd_rpc_call: Dispatching xid: 16
04-20 14:43:58.230 I/MountService(  342): mBroadcastReceiver#onReceive start thread
04-20 14:43:58.230 I/MountService(  342): mBroadcastReceiver#onReceive path = /mnt/sdcard
04-20 14:43:58.230 I/MountService(  342): MEDIA_UNMOUNTED
04-20 14:43:58.231 I/MountService(  342): doMountVolume: Mouting /mnt/sdcard
04-20 14:43:58.231 D/VoldConnector(  342): SND -> {volume mount /mnt/sdcard} {null}
04-20 14:43:58.232 D/VoldCmdListener(  113): volume mount /mnt/sdcard
04-20 14:43:58.232 I/Vold    (  113): /dev/block/vold/179:97 being considered for volume sdcard
04-20 14:43:58.232 D/Vold    (  113): Volume sdcard state changing 1 (Idle-Unmounted) -> 3 (Checking)
04-20 14:43:58.233 D/VoldConnector(  342): RCV <- {605 Volume sdcard /mnt/sdcard state changed from 1 (Idle-Unmounted) to 3 (Checking)}
04-20 14:43:58.234 I/MountService(  342): onEvent:: raw= 605 Volume sdcard /mnt/sdcard state changed from 1 (Idle-Unmounted) to 3 (Checking) cooked =  605 Volume sdcard /mnt/sdcard state changed from 1 (Idle-Unmounted) to 3 (Checking)
04-20 14:43:58.234 I/MountService(  342): onEvent: code = VolumeStateChange(605)
04-20 14:43:58.234 I/MountService(  342): notifyVolumeStateChange label:sdcard path:/mnt/sdcard vs:unmounted oldState:unmounted newState:checking
04-20 14:43:58.234 I/MountService(  342): updating volume state checking
04-20 14:43:58.234 D/MountService(  342): volume state changed for /mnt/sdcard (unmounted -> checking)
04-20 14:43:58.246 D/LedPattern(  342): Notify: sending pattern for Level5 notifications 
04-20 14:43:58.246 D/NotificationService(  342): NOTIFY: mPattern 3
04-20 14:43:58.246 D/NotificationService(  342): NOTIFY: Current level 5
04-20 14:43:58.246 D/NotificationService(  342): NOTIFY: Smem CTRL_CHARGE 0Smeme CTRL_NOTIFY 0
04-20 14:43:58.246 D/NotificationService(  342): NOTIFY: CTRL_COLOR : R = 0 G = 0 B = 0
04-20 14:43:58.246 E/lights  (  342): set_speaker_light_locked: LIGHT_SMEM_WRITE: Charger = 0 : Notify = 0
04-20 14:43:58.247 E/lights  (  342): set_speaker_light_locked: colorRGB:zero Change offtime/ontime Time zero
04-20 14:43:58.247 E/lights  (  342): set_speaker_light_locked colorRGB=00000000, onMS=0, offMS=0
04-20 14:43:58.268 D/Bluetooth HS/HF(  525): updatePhoneState()
04-20 14:43:58.296 I/ActivityThread(  719): Pub com.fujitsu.mobile_phone.contacts.privacy: com.android.providers.contacts.PrivacyProvider
04-20 14:43:58.301 V/WiredAccessoryObserver(  342): init()
04-20 14:43:58.319 D/Bluetooth HS/HF(  525): cdmaSetSecondCallState: Setting mCdmaIsSecondCallActive to false
04-20 14:43:58.320 W/WiredAccessoryObserver(  342): This kernel does not have wired headset support
04-20 14:43:58.321 W/WiredAccessoryObserver(  342): This kernel does not have wired headset support
04-20 14:43:58.321 I/IlluminanceSensorReader(  342): BootCompleteReceiver
04-20 14:43:58.321 I/IlluminanceSensorReader(  342): BootCompleteReceiver:Start ReadSensorTask
04-20 14:43:58.321 D/FallbackBaseDataService(  342): received android.intent.action.BOOT_COMPLETED
04-20 14:43:58.322 I/BacklightManagerService(  342): BootCompleteReceiver
04-20 14:43:58.322 I/BacklightManagerService(  342): BootCompleteReceiver:Start ReadSensorTask
04-20 14:43:58.329 D/Bluetooth HS/HF(  525): BRSF_AG_CODEC_NEGOTIATION is disabled
04-20 14:43:58.373 I/ActivityThread(  680): Pub com.google.android.gsf.gservices: com.google.android.gsf.gservices.GservicesProvider
04-20 14:43:58.383 E/OMXCodec(  126): Attempting to allocate OMX node 'OMX.google.vorbis.decoder'
04-20 14:43:58.384 E/OMXCodec(  126): Successfully allocated OMX node 'OMX.google.vorbis.decoder'
04-20 14:43:58.392 I/GservicesProvider(  680): Gservices pushing to system: true; secure: true
04-20 14:43:58.393 I/ActivityThread(  680): Pub com.google.android.providers.talk: com.google.android.gsf.talk.TalkProvider
04-20 14:43:58.402 I/ActivityManager(  342): Start proc com.nttdocomo.android.applicationmanager for broadcast com.nttdocomo.android.applicationmanager/.DcmApplicationManagerReceiver: pid=756 uid=10029 gids={3003}
04-20 14:43:58.422 D/PhoneApp(  525): onCreate: mProximityWakeLock: WakeLock{416d2d18 held=false, refCount=0}
04-20 14:43:58.423 D/CallController(  525): CallController constructor: app = com.android.phone.PhoneApp@4164b5f8
04-20 14:43:58.446 I/ONCRPC  (  342): Setup RPC Call for task 40589270
04-20 14:43:58.446 I/ONCRPC  (  342): oncrpc_xdr_call_msg_start: Prog: 300200a2, Ver: 00010001, Proc: 00000003
04-20 14:43:58.446 I/ONCRPC  (  342): xdr_std_msg_send_call: Sent Xid: 4, Prog: 300200a2, Ver: 00010001, Proc: 00000003
04-20 14:43:58.447 I/ONCRPC  (  342): xdr_std_msg_send_call: Received Reply Xid: 4, Prog: 300200a2, Ver: 00010001, Proc: 00000003
04-20 14:43:58.474 E/debug   (  622): mappingxml:org.apache.harmony.xml.dom.ElementImpl@416bc948
04-20 14:43:58.565 V/PhoneApp(  525): register for ICC status
04-20 14:43:58.571 W/ActivityManager(  342): Unable to start service Intent { act=com.android.ussd.IExtendedNetworkService }: not found
04-20 14:43:58.584 D/MtpService(  510): onStorageStateChanged /mnt/sdcard unmounted -> checking
04-20 14:43:58.591 D/PhoneUtils(  525): Extended NW bindService IExtendedNetworkService
04-20 14:43:58.614 D/NetworkLocationService(  680): onCreate com.google.android.location.NetworkLocationService@41631000
04-20 14:43:58.647 D/MountService(  342): sendStorageIntent Intent { act=android.intent.action.MEDIA_CHECKING dat=file:///mnt/sdcard (has extras) }
04-20 14:43:58.657 D/PhoneUtils(  525): setAudioMode()...IDLE
04-20 14:43:58.658 D/CallManager(  525):  audioManager getMode=0 phone mode=0
04-20 14:43:58.660 D/PhoneUtils(  525): setAudioMode() no change: MODE_NORMAL
04-20 14:43:58.721 W/ProcessStats(  342): Skipping unknown process pid 744
04-20 14:43:58.769 D/PhoneApp(  525): registerReceiver(privacyReciver)
04-20 14:43:58.769 D/PrivacyMode(  525): create receiver
04-20 14:43:58.770 D/PhoneApp(  525): initBirthdayObserver: start
04-20 14:43:58.772 D/PhoneApp(  525): uriYear=content://settings/secure/hcsettings_param_birthday_year
04-20 14:43:58.773 D/PhoneApp(  525): uriMonth=content://settings/secure/hcsettings_param_birthday_month
04-20 14:43:58.773 D/PhoneApp(  525): uriDay=content://settings/secure/hcsettings_param_birthday_day
04-20 14:43:58.776 D/PhoneApp(  525): initBirthdayObserver: end
04-20 14:43:58.776 D/PhoneApp(  525): initBirthdayRecievier: start
04-20 14:43:58.778 D/PhoneApp(  525): initBirthdayRecievier: end
04-20 14:43:58.778 I/PhonePrivacyOpenHelper(  525): PhonePrivacyOpenHelper()
04-20 14:43:58.780 D/NetworkLocationClient(  680): ANDROID minProtocolVersion 1 maxProtocolVersion 1 releaseVersion -1
04-20 14:43:58.781 D/NetworkLocationClient(  680): binding to Intent { act=com.google.android.location.internal.ANDROID_NLP }
04-20 14:43:58.830 I/ActivityThread(  756): Pub com.nttdocomo.android.applicationmanager.downloadfile: com.nttdocomo.android.applicationmanager.DownloadFileProvider
04-20 14:43:58.846 E/OMXCodec(  126): Attempting to allocate OMX node 'OMX.google.vorbis.decoder'
04-20 14:43:58.847 E/OMXCodec(  126): Successfully allocated OMX node 'OMX.google.vorbis.decoder'
04-20 14:43:58.849 E/DatabaseOpenHelper(  525): CreateTable constract
04-20 14:43:58.936 I/DatabaseOpenHelper(  525): onOpen()
04-20 14:43:58.936 I/DatabaseOpenHelper(  525): databasePath=[/data/data/com.android.phone/databases/phoneprivacy]
04-20 14:43:58.947 I/PhonePrivacyProvider(  525): delete() selection=[null]
04-20 14:43:58.980 I/ActivityManager(  342): Start proc com.nttdocomo.android.initialization for broadcast com.nttdocomo.android.initialization/.SimStateChagedReceiver: pid=784 uid=10037 gids={3003}
04-20 14:43:59.071 I/PhonePrivacyProvider(  525): --- deleteCount=[0]
04-20 14:43:59.086 I/DatabaseOpenHelper(  525): onOpen()
04-20 14:43:59.087 I/DatabaseOpenHelper(  525): databasePath=[/data/data/com.android.phone/databases/phoneprivacy]
04-20 14:43:59.109 E/OMXCodec(  126): Attempting to allocate OMX node 'OMX.google.vorbis.decoder'
04-20 14:43:59.110 E/OMXCodec(  126): Successfully allocated OMX node 'OMX.google.vorbis.decoder'
04-20 14:43:59.116 I/PhoneProvider(  525):  --- privacyState=[false]
04-20 14:43:59.117 D/PhoneProvider(  525):  --- privacy mode ignore flag on
04-20 14:43:59.117 D/PhoneProvider(  525):  --- privacyState=[false]
04-20 14:43:59.117 D/PhoneProvider(  525):  --- sql=[SELECT _id, number FROM phonecalls]
04-20 14:43:59.148 D/VoiceMemo(  525): query() selection=null]
04-20 14:43:59.168 I/VoiceMemo(  525):  --- privacyState=[false]
04-20 14:43:59.169 D/VoiceMemoProvider(  525):  --- privacy mode ignore flag on
04-20 14:43:59.169 D/VoiceMemoProvider(  525):  --- privacyState=[false]
04-20 14:43:59.169 D/VoiceMemo(  525): SQL(PhoneProvider query) = SELECT _id, number FROM voicememo
04-20 14:43:59.183 D/NetworkLocationService(  680): onBind com.google.android.location.NetworkLocationProvidercom.google.android.location.NetworkLocationService@41631000
04-20 14:43:59.193 D/PrivacyMode(  525): getPrivacyContentObserver()
04-20 14:43:59.194 D/PrivacyMode(  525): create ContentObserver
04-20 14:43:59.202 D/NetworkLocationService(  680): onBind com.google.android.location.GeocodeProvidercom.google.android.location.NetworkLocationService@41631000
04-20 14:43:59.218 D/memalloc(  123): /dev/pmem: Allocated buffer base:0x41ed6000 size:1474560 offset:7802880 fd:46
04-20 14:43:59.225 D/memalloc(  440): /dev/pmem: Mapped buffer base:0x51830000 size:9277440 offset:7802880 fd:59
04-20 14:43:59.259 D/CAT     (  525): CatService: 20arrived on slotid: 0
04-20 14:43:59.259 D/CAT     (  525): CatService: MSG_ID_ICC_CHANGED
04-20 14:43:59.260 D/CAT     (  525): CatService: New Card State = CARDSTATE_ABSENT Old Card State = null
04-20 14:43:59.269 I/ONCRPC  (  217): Setup RPC Call for task 4016f420
04-20 14:43:59.269 I/ONCRPC  (  217): oncrpc_xdr_call_msg_start: Prog: 30000000, Ver: 003c0001, Proc: 0000001e
04-20 14:43:59.269 I/ONCRPC  (  217): xdr_std_msg_send_call: Sent Xid: a0, Prog: 30000000, Ver: 003c0001, Proc: 0000001e
04-20 14:43:59.270 I/ONCRPC  (  217): xdr_std_msg_send_call: Received Reply Xid: a0, Prog: 30000000, Ver: 003c0001, Proc: 0000001e
04-20 14:43:59.271 I/ONCRPC  (  217): rpc_handle_rpc_call: for Xid: 17, Prog: 31000000, Vers: 003c0001, Proc: 00000005
04-20 14:43:59.271 I/ONCRPC  (  217): rpc_handle_rpc_call: Find Status: 0 Xid: 17
04-20 14:43:59.271 I/ONCRPC  (  217): oncrpc_proxy_handle_cmd_rpc_call: Dispatching xid: 17
04-20 14:43:59.283 I/ONCRPC  (  217): rpc_handle_rpc_call: for Xid: 18, Prog: 31000000, Vers: 003c0001, Proc: 00000011
04-20 14:43:59.283 I/ONCRPC  (  217): rpc_handle_rpc_call: Find Status: 0 Xid: 18
04-20 14:43:59.283 I/ONCRPC  (  217): oncrpc_proxy_handle_cmd_rpc_call: Dispatching xid: 18
04-20 14:43:59.316 I/ActivityThread(  719): Pub call_log: com.android.providers.contacts.CallLogProvider
04-20 14:43:59.318 I/ActivityThread(  719): Pub com.android.voicemail: com.android.providers.contacts.VoicemailContentProvider
04-20 14:43:59.353 I/ActivityThread(  719): Pub contact_options: com.android.providers.contacts.ContactOptionsProvider
04-20 14:43:59.360 D/TelephonyRegistry(  342): onDataConnectionStateChanged : State offota changed to 0
04-20 14:43:59.367 I/ONCRPC  (  217): rpc_handle_rpc_call: for Xid: 19, Prog: 31000000, Vers: 003c0001, Proc: 00000011
04-20 14:43:59.367 I/ONCRPC  (  217): rpc_handle_rpc_call: Find Status: 0 Xid: 19
04-20 14:43:59.367 I/ONCRPC  (  217): oncrpc_proxy_handle_cmd_rpc_call: Dispatching xid: 19
04-20 14:43:59.367 I/ONCRPC  (  217): Setup RPC Call for task 4016f3d8
04-20 14:43:59.367 I/ONCRPC  (  217): oncrpc_xdr_call_msg_start: Prog: 3000000e, Ver: 00090001, Proc: 00000009
04-20 14:43:59.367 I/ONCRPC  (  217): xdr_std_msg_send_call: Sent Xid: a1, Prog: 3000000e, Ver: 00090001, Proc: 00000009
04-20 14:43:59.370 D/MobileDataStateTracker(  342): fota: Received state=DISCONNECTED, old=DISCONNECTED, reason=radioTurnedOff
04-20 14:43:59.370 E/CNE     (  342): CNE currently does not support this apnType=fota
04-20 14:43:59.395 I/ActivityThread(  719): Pub user_dictionary: com.android.providers.userdictionary.UserDictionaryProvider
04-20 14:43:59.400 D/TelephonyRegistry(  342): onDataConnectionStateChanged : State ofdun changed to 0
04-20 14:43:59.416 I/ActivityThread(  719): Pub com.android.social: com.android.providers.contacts.SocialProvider
04-20 14:43:59.423 D/androidInternalNlpService(  680): onCreate com.google.android.location.internal.server.NetworkLocationService@41651098
04-20 14:43:59.431 E/OMXCodec(  126): Attempting to allocate OMX node 'OMX.google.vorbis.decoder'
04-20 14:43:59.432 E/OMXCodec(  126): Successfully allocated OMX node 'OMX.google.vorbis.decoder'
04-20 14:43:59.436 I/ActivityThread(  719): Pub applications: com.android.providers.applications.ApplicationsProvider
04-20 14:43:59.438 I/ActivityManager(  342): Start proc com.nttdocomo.android.docomomenu for broadcast com.nttdocomo.android.docomomenu/.DocomoMenuWidget: pid=811 uid=10150 gids={3003}
04-20 14:43:59.447 D/MobileDataStateTracker(  342): dun: Received state=DISCONNECTED, old=DISCONNECTED, reason=radioTurnedOff
04-20 14:43:59.448 E/CNE     (  342): CNE currently does not support this apnType=dun
04-20 14:43:59.448 D/TelephonyRegistry(  342): onDataConnectionStateChanged : State ofsupl changed to 0
04-20 14:43:59.455 D/MobileDataStateTracker(  342): supl: Received state=DISCONNECTED, old=DISCONNECTED, reason=radioTurnedOff
04-20 14:43:59.455 E/CNE     (  342): CNE currently does not support this apnType=supl
04-20 14:43:59.457 D/TelephonyRegistry(  342): onDataConnectionStateChanged : State ofbtdun changed to 0
04-20 14:43:59.462 D/MobileDataStateTracker(  342): btdun: Received state=DISCONNECTED, old=DISCONNECTED, reason=radioTurnedOff
04-20 14:43:59.463 E/CNE     (  342): CNE currently does not support this apnType=btdun
04-20 14:43:59.466 D/TelephonyRegistry(  342): onDataConnectionStateChanged : State ofhipri changed to 0
04-20 14:43:59.470 D/MobileDataStateTracker(  342): hipri: Received state=DISCONNECTED, old=DISCONNECTED, reason=radioTurnedOff
04-20 14:43:59.472 E/CNE     (  342): CNE currently does not support this apnType=hipri
04-20 14:43:59.492 D/TelephonyRegistry(  342): onDataConnectionStateChanged : State ofims changed to 0
04-20 14:43:59.495 D/MobileDataStateTracker(  342): ims: Received state=DISCONNECTED, old=DISCONNECTED, reason=radioTurnedOff
04-20 14:43:59.497 E/CNE     (  342): CNE currently does not support this apnType=ims
04-20 14:43:59.524 D/NetworkLocationRealOs(  680): ------------------------ reading cache.cell
04-20 14:43:59.525 D/NetworkLocationRealOs(  680): no cache.cell found; not migrating
04-20 14:43:59.525 D/NetworkLocationRealOs(  680): ------------------------ reading cache.wifi
04-20 14:43:59.526 D/NetworkLocationRealOs(  680): no cache.wifi found; not migrating
04-20 14:43:59.527 I/ONCRPC  (  217): xdr_std_msg_send_call: Received Reply Xid: a1, Prog: 3000000e, Ver: 00090001, Proc: 00000009
04-20 14:43:59.527 I/ONCRPC  (  217): Setup RPC Call for task 4016f3d8
04-20 14:43:59.527 I/ONCRPC  (  217): oncrpc_xdr_call_msg_start: Prog: 30000000, Ver: 003c0001, Proc: 0000001f
04-20 14:43:59.527 I/ONCRPC  (  217): xdr_std_msg_send_call: Sent Xid: a2, Prog: 30000000, Ver: 003c0001, Proc: 0000001f
04-20 14:43:59.528 I/ONCRPC  (  217): xdr_std_msg_send_call: Received Reply Xid: a2, Prog: 30000000, Ver: 003c0001, Proc: 0000001f
04-20 14:43:59.529 I/ONCRPC  (  217): rpc_handle_rpc_call: for Xid: 1a, Prog: 31000000, Vers: 003c0001, Proc: 00000005
04-20 14:43:59.529 I/ONCRPC  (  217): rpc_handle_rpc_call: Find Status: 0 Xid: 1a
04-20 14:43:59.529 I/ONCRPC  (  217): oncrpc_proxy_handle_cmd_rpc_call: Dispatching xid: 1a
04-20 14:43:59.531 I/ONCRPC  (  217): rpc_handle_rpc_call: for Xid: 1b, Prog: 31000000, Vers: 003c0001, Proc: 00000011
04-20 14:43:59.531 I/ONCRPC  (  217): rpc_handle_rpc_call: Find Status: 0 Xid: 1b
04-20 14:43:59.531 I/ONCRPC  (  217): oncrpc_proxy_handle_cmd_rpc_call: Dispatching xid: 1b
04-20 14:43:59.546 D/TelephonyRegistry(  342): onDataConnectionStateChanged : State ofdefault changed to 0
04-20 14:43:59.552 D/MobileDataStateTracker(  342): default: Received state=DISCONNECTED, old=DISCONNECTED, reason=radioTurnedOff
04-20 14:43:59.552 W/CNE     (  342): mDefaultApnLinkProp is null
04-20 14:43:59.552 W/CNE     (  342): mDefaultApnLinkProp is null
04-20 14:43:59.554 I/CNE_DEBUG(  342): getSignalStrength networkType= 0
04-20 14:43:59.556 I/CNE_DEBUG(  342): onDataConnectionStateChanged - networkType= 0 networkState=DISCONNECTED signalStr=-1 roaming=0 ifName=null ipAddr=null gateway=null timeStamp=2013-04-20 14:43:59.555
04-20 14:43:59.563 I/CNE_DEBUG(  342): UpdateWwanStatus type=0 state=4 rssi=-1 roaming=0 ipV4Addr=null iface=null timeStamp=2013-04-20 14:43:59.555
04-20 14:43:59.563 E/Parcel  (  174): Reading a NULL string not supported here.
04-20 14:43:59.563 E/Parcel  (  174): Reading a NULL string not supported here.
04-20 14:43:59.565 I/CNE_DEBUG(  342): notifyRatConnectStatus ratType=0 status=4 ipV4Addr=null
04-20 14:43:59.565 E/Parcel  (  174): Reading a NULL string not supported here.
04-20 14:43:59.569 D/TelephonyRegistry(  342): onDataConnectionStateChanged : State ofmms changed to 0
04-20 14:43:59.572 D/androidNlpServiceThread(  680): ANDROID minProtocolVersion 1 maxProtocolVersion 1 releaseVersion -1
04-20 14:43:59.574 I/PowerManager.WakeLock(  647): [-ON-][-release-],[Sat Apr 20 14:43:59 JST 2013::1366436639573],[jp.co.omronsoft.android.decoemojimanager_docomo.DecoEmojiManager::startFileCheck,jp.co.omronsoft.android.decoemojimanager_docomo.DecoEmojiManager::access$22,jp.co.omronsoft.android.decoemojimanager_docomo.DecoEmojiManager$3::run,java.lang.Thread::run,]
04-20 14:43:59.576 D/MobileDataStateTracker(  342): mms: Received state=DISCONNECTED, old=DISCONNECTED, reason=radioTurnedOff
04-20 14:43:59.577 E/CNE     (  342): CNE currently does not support this apnType=mms
04-20 14:43:59.588 D/TelephonyRegistry(  342): onDataConnectionStateChanged : State ofcbs changed to 0
04-20 14:43:59.604 I/PowerManager.WakeLock(  647): [-ON-][-acquire-],[Sat Apr 20 14:43:59 JST 2013::1366436639579],[jp.co.omronsoft.android.decoemojimanager_docomo.DecoEmojiManager::startFileCheck,jp.co.omronsoft.android.decoemojimanager_docomo.DecoEmojiManager::access$22,jp.co.omronsoft.android.decoemojimanager_docomo.DecoEmojiManager$3::run,java.lang.Thread::run,]
04-20 14:43:59.605 D/NetworkLocationClient(  680): onServiceConnected to ComponentInfo{com.google.android.location/com.google.android.location.internal.server.NetworkLocationService}
04-20 14:43:59.608 D/androidNetworkLocationListeners(  680): Still have listener com.google.android.location.internal.client.NetworkLocationClient$1@416367f8
04-20 14:43:59.609 D/MobileDataStateTracker(  342): cbs: Received state=DISCONNECTED, old=DISCONNECTED, reason=radioTurnedOff
04-20 14:43:59.611 E/CNE     (  342): CNE currently does not support this apnType=cbs
04-20 14:43:59.616 D/TelephonyRegistry(  342): onDataConnectionStateChanged : State offota changed to 0
04-20 14:43:59.629 D/MobileDataStateTracker(  342): fota: Received state=DISCONNECTED, old=DISCONNECTED, reason=radioTurnedOff
04-20 14:43:59.629 E/CNE     (  342): CNE currently does not support this apnType=fota
04-20 14:43:59.632 D/TelephonyRegistry(  342): onDataConnectionStateChanged : State ofdun changed to 0
04-20 14:43:59.637 D/MobileDataStateTracker(  342): dun: Received state=DISCONNECTED, old=DISCONNECTED, reason=radioTurnedOff
04-20 14:43:59.637 E/CNE     (  342): CNE currently does not support this apnType=dun
04-20 14:43:59.655 D/TelephonyRegistry(  342): onDataConnectionStateChanged : State ofsupl changed to 0
04-20 14:43:59.659 D/MobileDataStateTracker(  342): supl: Received state=DISCONNECTED, old=DISCONNECTED, reason=radioTurnedOff
04-20 14:43:59.660 E/CNE     (  342): CNE currently does not support this apnType=supl
04-20 14:43:59.670 D/TelephonyRegistry(  342): onDataConnectionStateChanged : State ofbtdun changed to 0
04-20 14:43:59.675 D/MobileDataStateTracker(  342): btdun: Received state=DISCONNECTED, old=DISCONNECTED, reason=radioTurnedOff
04-20 14:43:59.675 E/CNE     (  342): CNE currently does not support this apnType=btdun
04-20 14:43:59.702 D/TelephonyRegistry(  342): onDataConnectionStateChanged : State ofhipri changed to 0
04-20 14:43:59.706 D/MobileDataStateTracker(  342): hipri: Received state=DISCONNECTED, old=DISCONNECTED, reason=radioTurnedOff
04-20 14:43:59.707 E/CNE     (  342): CNE currently does not support this apnType=hipri
04-20 14:43:59.713 D/TelephonyRegistry(  342): onDataConnectionStateChanged : State ofims changed to 0
04-20 14:43:59.718 D/MobileDataStateTracker(  342): ims: Received state=DISCONNECTED, old=DISCONNECTED, reason=radioTurnedOff
04-20 14:43:59.718 E/CNE     (  342): CNE currently does not support this apnType=ims
04-20 14:43:59.719 I/DecoEmojiManager_Service(  647): /data/data/jp.co.omronsoft.android.decoemojimanager_docomo/lib/DecoEmojiJniNative is not found.
04-20 14:43:59.728 D/TelephonyRegistry(  342): onDataConnectionStateChanged : State ofmms changed to 0
04-20 14:43:59.733 D/MobileDataStateTracker(  342): mms: Received state=DISCONNECTED, old=DISCONNECTED, reason=radioTurnedOff
04-20 14:43:59.733 E/CNE     (  342): CNE currently does not support this apnType=mms
04-20 14:43:59.744 D/TelephonyRegistry(  342): onDataConnectionStateChanged : State ofcbs changed to 0
04-20 14:43:59.749 D/MobileDataStateTracker(  342): cbs: Received state=DISCONNECTED, old=DISCONNECTED, reason=radioTurnedOff
04-20 14:43:59.750 E/CNE     (  342): CNE currently does not support this apnType=cbs
04-20 14:43:59.761 D/TelephonyRegistry(  342): onDataConnectionStateChanged : State ofdefault changed to 0
04-20 14:43:59.766 D/MobileDataStateTracker(  342): default: Received state=DISCONNECTED, old=DISCONNECTED, reason=dataDetachedByOutOfService
04-20 14:43:59.766 W/CNE     (  342): mDefaultApnLinkProp is null
04-20 14:43:59.766 W/CNE     (  342): mDefaultApnLinkProp is null
04-20 14:43:59.767 I/CNE_DEBUG(  342): getSignalStrength networkType= 0
04-20 14:43:59.768 I/CNE_DEBUG(  342): onDataConnectionStateChanged - networkType= 0 networkState=DISCONNECTED signalStr=-1 roaming=0 ifName=null ipAddr=null gateway=null timeStamp=2013-04-20 14:43:59.767
04-20 14:43:59.768 I/CNE_DEBUG(  342): UpdateWwanStatus type=0 state=4 rssi=-1 roaming=0 ipV4Addr=null iface=null timeStamp=2013-04-20 14:43:59.767
04-20 14:43:59.769 E/Parcel  (  174): Reading a NULL string not supported here.
04-20 14:43:59.769 E/Parcel  (  174): Reading a NULL string not supported here.
04-20 14:43:59.769 I/CNE_DEBUG(  342): notifyRatConnectStatus ratType=0 status=4 ipV4Addr=null
04-20 14:43:59.769 E/Parcel  (  174): Reading a NULL string not supported here.
04-20 14:43:59.780 I/PowerManager.WakeLock(  647): [-ON-][-release-],[Sat Apr 20 14:43:59 JST 2013::1366436639759],[jp.co.omronsoft.android.decoemojimanager_docomo.DecoEmojiManager::startFileCheck,jp.co.omronsoft.android.decoemojimanager_docomo.DecoEmojiManager::access$22,jp.co.omronsoft.android.decoemojimanager_docomo.DecoEmojiManager$3::run,java.lang.Thread::run,]
04-20 14:43:59.784 D/TelephonyRegistry(  342): onDataConnectionStateChanged : State offota changed to 0
04-20 14:43:59.787 I/ONCRPC  (  217): rpc_handle_rpc_call: for Xid: 1c, Prog: 31000000, Vers: 003c0001, Proc: 00000014
04-20 14:43:59.787 I/ONCRPC  (  217): rpc_handle_rpc_call: Find Status: 0 Xid: 1c
04-20 14:43:59.787 I/ONCRPC  (  217): oncrpc_proxy_handle_cmd_rpc_call: Dispatching xid: 1c
04-20 14:43:59.790 D/MobileDataStateTracker(  342): fota: Received state=DISCONNECTED, old=DISCONNECTED, reason=dataDetachedByOutOfService
04-20 14:43:59.791 E/CNE     (  342): CNE currently does not support this apnType=fota
04-20 14:43:59.808 D/TelephonyRegistry(  342): onDataConnectionStateChanged : State ofdun changed to 0
04-20 14:43:59.811 I/ONCRPC  (  217): rpc_handle_rpc_call: for Xid: 1d, Prog: 31000000, Vers: 003c0001, Proc: 00000011
04-20 14:43:59.811 I/ONCRPC  (  217): rpc_handle_rpc_call: Find Status: 0 Xid: 1d
04-20 14:43:59.812 I/ONCRPC  (  217): oncrpc_proxy_handle_cmd_rpc_call: Dispatching xid: 1d
04-20 14:43:59.812 I/ONCRPC  (  217): Setup RPC Call for task 4016f3d8
04-20 14:43:59.812 I/ONCRPC  (  217): oncrpc_xdr_call_msg_start: Prog: 3000000e, Ver: 00090001, Proc: 00000009
04-20 14:43:59.813 I/ONCRPC  (  217): xdr_std_msg_send_call: Sent Xid: a3, Prog: 3000000e, Ver: 00090001, Proc: 00000009
04-20 14:43:59.818 D/MobileDataStateTracker(  342): dun: Received state=DISCONNECTED, old=DISCONNECTED, reason=dataDetachedByOutOfService
04-20 14:43:59.818 E/CNE     (  342): CNE currently does not support this apnType=dun
04-20 14:43:59.822 D/TelephonyRegistry(  342): onDataConnectionStateChanged : State ofsupl changed to 0
04-20 14:43:59.827 D/MobileDataStateTracker(  342): supl: Received state=DISCONNECTED, old=DISCONNECTED, reason=dataDetachedByOutOfService
04-20 14:43:59.828 E/CNE     (  342): CNE currently does not support this apnType=supl
04-20 14:43:59.838 D/TelephonyRegistry(  342): onDataConnectionStateChanged : State ofbtdun changed to 0
04-20 14:43:59.843 D/MobileDataStateTracker(  342): btdun: Received state=DISCONNECTED, old=DISCONNECTED, reason=dataDetachedByOutOfService
04-20 14:43:59.844 E/CNE     (  342): CNE currently does not support this apnType=btdun
04-20 14:43:59.845 E/OMXCodec(  126): Attempting to allocate OMX node 'OMX.google.vorbis.decoder'
04-20 14:43:59.846 E/OMXCodec(  126): Successfully allocated OMX node 'OMX.google.vorbis.decoder'
04-20 14:43:59.852 I/ActivityThread(  719): Pub contacts;com.android.contacts: com.android.providers.contacts.ContactsProvider2
04-20 14:43:59.854 D/TelephonyRegistry(  342): onDataConnectionStateChanged : State ofhipri changed to 0
04-20 14:43:59.859 D/MobileDataStateTracker(  342): hipri: Received state=DISCONNECTED, old=DISCONNECTED, reason=dataDetachedByOutOfService
04-20 14:43:59.859 E/CNE     (  342): CNE currently does not support this apnType=hipri
04-20 14:43:59.872 D/TelephonyRegistry(  342): onDataConnectionStateChanged : State ofims changed to 0
04-20 14:43:59.876 D/MobileDataStateTracker(  342): ims: Received state=DISCONNECTED, old=DISCONNECTED, reason=dataDetachedByOutOfService
04-20 14:43:59.877 E/CNE     (  342): CNE currently does not support this apnType=ims
04-20 14:43:59.892 D/TelephonyRegistry(  342): onDataConnectionStateChanged : State ofmms changed to 0
04-20 14:43:59.897 D/MobileDataStateTracker(  342): mms: Received state=DISCONNECTED, old=DISCONNECTED, reason=dataDetachedByOutOfService
04-20 14:43:59.898 E/CNE     (  342): CNE currently does not support this apnType=mms
04-20 14:43:59.903 D/TelephonyRegistry(  342): onDataConnectionStateChanged : State ofcbs changed to 0
04-20 14:43:59.907 D/MobileDataStateTracker(  342): cbs: Received state=DISCONNECTED, old=DISCONNECTED, reason=dataDetachedByOutOfService
04-20 14:43:59.908 E/CNE     (  342): CNE currently does not support this apnType=cbs
04-20 14:43:59.917 D/PrivacyEventReceiverService(  525): mPrivacyMode:false, intent:Intent { act=android.intent.action.FUJITSU_PRIVACY_INIT_MMSDB cmp=com.android.providers.telephony/.PrivacyEventReceiverService }
04-20 14:43:59.937 D/TelephonyRegistry(  342): onDataConnectionStateChanged : State offota changed to 0
04-20 14:43:59.942 D/MobileDataStateTracker(  342): fota: Received state=DISCONNECTED, old=DISCONNECTED, reason=roamingOff
04-20 14:43:59.943 E/CNE     (  342): CNE currently does not support this apnType=fota
04-20 14:43:59.943 I/ONCRPC  (  217): xdr_std_msg_send_call: Received Reply Xid: a3, Prog: 3000000e, Ver: 00090001, Proc: 00000009
04-20 14:43:59.943 I/ONCRPC  (  217): Setup RPC Call for task 4016f3d8
04-20 14:43:59.943 I/ONCRPC  (  217): oncrpc_xdr_call_msg_start: Prog: 30000000, Ver: 003c0001, Proc: 0000001f
04-20 14:43:59.943 I/ONCRPC  (  217): xdr_std_msg_send_call: Sent Xid: a4, Prog: 30000000, Ver: 003c0001, Proc: 0000001f
04-20 14:43:59.944 I/ONCRPC  (  217): xdr_std_msg_send_call: Received Reply Xid: a4, Prog: 30000000, Ver: 003c0001, Proc: 0000001f
04-20 14:43:59.944 I/ONCRPC  (  217): rpc_handle_rpc_call: for Xid: 1e, Prog: 31000000, Vers: 003c0001, Proc: 00000005
04-20 14:43:59.944 I/ONCRPC  (  217): rpc_handle_rpc_call: Find Status: 0 Xid: 1e
04-20 14:43:59.944 I/ONCRPC  (  217): oncrpc_proxy_handle_cmd_rpc_call: Dispatching xid: 1e
04-20 14:43:59.946 D/TelephonyRegistry(  342): onDataConnectionStateChanged : State ofdun changed to 0
04-20 14:43:59.947 I/ONCRPC  (  217): rpc_handle_rpc_call: for Xid: 1f, Prog: 31000000, Vers: 003c0001, Proc: 00000011
04-20 14:43:59.947 I/ONCRPC  (  217): rpc_handle_rpc_call: Find Status: 0 Xid: 1f
04-20 14:43:59.947 I/ONCRPC  (  217): oncrpc_proxy_handle_cmd_rpc_call: Dispatching xid: 1f
04-20 14:43:59.951 D/MobileDataStateTracker(  342): dun: Received state=DISCONNECTED, old=DISCONNECTED, reason=roamingOff
04-20 14:43:59.951 E/CNE     (  342): CNE currently does not support this apnType=dun
04-20 14:43:59.975 D/TelephonyRegistry(  342): onDataConnectionStateChanged : State ofsupl changed to 0
04-20 14:43:59.980 D/MobileDataStateTracker(  342): supl: Received state=DISCONNECTED, old=DISCONNECTED, reason=roamingOff
04-20 14:43:59.980 E/CNE     (  342): CNE currently does not support this apnType=supl
04-20 14:43:59.984 D/TelephonyRegistry(  342): onDataConnectionStateChanged : State ofbtdun changed to 0
04-20 14:43:59.988 D/MobileDataStateTracker(  342): btdun: Received state=DISCONNECTED, old=DISCONNECTED, reason=roamingOff
04-20 14:43:59.988 E/CNE     (  342): CNE currently does not support this apnType=btdun
04-20 14:43:59.995 D/TelephonyRegistry(  342): onDataConnectionStateChanged : State ofhipri changed to 0
04-20 14:43:59.999 D/MobileDataStateTracker(  342): hipri: Received state=DISCONNECTED, old=DISCONNECTED, reason=roamingOff
04-20 14:43:59.999 E/CNE     (  342): CNE currently does not support this apnType=hipri
04-20 14:44:00.009 D/TelephonyRegistry(  342): onDataConnectionStateChanged : State ofims changed to 0
04-20 14:44:00.014 D/MobileDataStateTracker(  342): ims: Received state=DISCONNECTED, old=DISCONNECTED, reason=roamingOff
04-20 14:44:00.014 E/CNE     (  342): CNE currently does not support this apnType=ims
04-20 14:44:00.030 D/TelephonyRegistry(  342): onDataConnectionStateChanged : State ofmms changed to 0
04-20 14:44:00.072 D/StatusBar.NetworkController(  440): In updateSimIcon simState= UNKNOWN
04-20 14:44:00.072 D/StatusBar.NetworkController(  440): refreshViews connected={ } level=?? combinedSignalIconId=0x0/(null) combinedActivityIconId=0x0 mAirplaneMode=false mDataActivity=0 mPhoneSignalIconId=0x0 mDataDirectionIconId=0x0 mDataSignalIconId=0x0 mDataTypeIconId=0x0 mNoSimIconId=0x0 mWifiIconId=0x0 mBluetoothTetherIconId=0x10805f1
04-20 14:44:00.104 I/ActivityManager(  342): Start proc com.android.contacts for broadcast com.android.contacts/.calllog.CallLogReceiver: pid=832 uid=5002 gids={1015, 3003}
04-20 14:44:00.113 D/MobileDataStateTracker(  342): mms: Received state=DISCONNECTED, old=DISCONNECTED, reason=roamingOff
04-20 14:44:00.113 E/CNE     (  342): CNE currently does not support this apnType=mms
04-20 14:44:00.114 D/TelephonyRegistry(  342): onDataConnectionStateChanged : State ofcbs changed to 0
04-20 14:44:00.120 D/TelephonyRegistry(  342): onDataConnectionStateChanged : State offota changed to 0
04-20 14:44:00.122 D/MobileDataStateTracker(  342): cbs: Received state=DISCONNECTED, old=DISCONNECTED, reason=roamingOff
04-20 14:44:00.122 E/CNE     (  342): CNE currently does not support this apnType=cbs
04-20 14:44:00.128 D/MobileDataStateTracker(  342): fota: Received state=DISCONNECTED, old=DISCONNECTED, reason=roamingOff
04-20 14:44:00.128 E/CNE     (  342): CNE currently does not support this apnType=fota
04-20 14:44:00.130 D/TelephonyRegistry(  342): onDataConnectionStateChanged : State ofdun changed to 0
04-20 14:44:00.135 D/StatusBar.NetworkController(  440): changing data overlay icon id to 0
04-20 14:44:00.139 D/MobileDataStateTracker(  342): dun: Received state=DISCONNECTED, old=DISCONNECTED, reason=roamingOff
04-20 14:44:00.140 E/CNE     (  342): CNE currently does not support this apnType=dun
04-20 14:44:00.145 D/TelephonyRegistry(  342): onDataConnectionStateChanged : State ofsupl changed to 0
04-20 14:44:00.150 D/MobileDataStateTracker(  342): supl: Received state=DISCONNECTED, old=DISCONNECTED, reason=roamingOff
04-20 14:44:00.150 E/CNE     (  342): CNE currently does not support this apnType=supl
04-20 14:44:00.153 D/TelephonyRegistry(  342): onDataConnectionStateChanged : State ofbtdun changed to 0
04-20 14:44:00.192 D/TelephonyRegistry(  342): onDataConnectionStateChanged : State ofhipri changed to 0
04-20 14:44:00.202 D/MobileDataStateTracker(  342): btdun: Received state=DISCONNECTED, old=DISCONNECTED, reason=roamingOff
04-20 14:44:00.202 E/CNE     (  342): CNE currently does not support this apnType=btdun
04-20 14:44:00.205 D/StatusBar.NetworkController(  440): refreshViews connected={ } level=?? combinedSignalIconId=0x0/(null) combinedActivityIconId=0x0 mAirplaneMode=false mDataActivity=0 mPhoneSignalIconId=0x0 mDataDirectionIconId=0x0 mDataSignalIconId=0x0 mDataTypeIconId=0x0 mNoSimIconId=0x0 mWifiIconId=0x0 mBluetoothTetherIconId=0x10805f1
04-20 14:44:00.205 D/PhoneStatusBarPolicy(  440): updateSimState for subscription :0
04-20 14:44:00.206 D/MobileDataStateTracker(  342): hipri: Received state=DISCONNECTED, old=DISCONNECTED, reason=roamingOff
04-20 14:44:00.207 E/CNE     (  342): CNE currently does not support this apnType=hipri
04-20 14:44:00.209 D/TelephonyRegistry(  342): onDataConnectionStateChanged : State ofims changed to 0
04-20 14:44:00.228 D/MobileDataStateTracker(  342): ims: Received state=DISCONNECTED, old=DISCONNECTED, reason=roamingOff
04-20 14:44:00.229 E/CNE     (  342): CNE currently does not support this apnType=ims
04-20 14:44:00.236 D/TelephonyRegistry(  342): onDataConnectionStateChanged : State ofmms changed to 0
04-20 14:44:00.239 D/TelephonyRegistry(  342): onDataConnectionStateChanged : State ofcbs changed to 0
04-20 14:44:00.245 D/MobileDataStateTracker(  342): mms: Received state=DISCONNECTED, old=DISCONNECTED, reason=roamingOff
04-20 14:44:00.245 E/CNE     (  342): CNE currently does not support this apnType=mms
04-20 14:44:00.247 D/MobileDataStateTracker(  342): cbs: Received state=DISCONNECTED, old=DISCONNECTED, reason=roamingOff
04-20 14:44:00.247 E/CNE     (  342): CNE currently does not support this apnType=cbs
04-20 14:44:00.251 I/ONCRPC  (  217): Setup RPC Call for task 4016f420
04-20 14:44:00.251 I/ONCRPC  (  217): oncrpc_xdr_call_msg_start: Prog: 3000000e, Ver: 00090001, Proc: 00000009
04-20 14:44:00.251 I/ONCRPC  (  217): xdr_std_msg_send_call: Sent Xid: a5, Prog: 3000000e, Ver: 00090001, Proc: 00000009
04-20 14:44:00.253 I/ONCRPC  (  217): xdr_std_msg_send_call: Received Reply Xid: a5, Prog: 3000000e, Ver: 00090001, Proc: 00000009
04-20 14:44:00.255 I/ONCRPC  (  217): Setup RPC Call for task 4016f420
04-20 14:44:00.255 I/ONCRPC  (  217): oncrpc_xdr_call_msg_start: Prog: 3000000e, Ver: 00090001, Proc: 00000009
04-20 14:44:00.255 I/ONCRPC  (  217): xdr_std_msg_send_call: Sent Xid: a6, Prog: 3000000e, Ver: 00090001, Proc: 00000009
04-20 14:44:00.258 I/ONCRPC  (  217): xdr_std_msg_send_call: Received Reply Xid: a6, Prog: 3000000e, Ver: 00090001, Proc: 00000009
04-20 14:44:00.258 I/ONCRPC  (  217): Setup RPC Call for task 4016f420
04-20 14:44:00.258 I/ONCRPC  (  217): oncrpc_xdr_call_msg_start: Prog: 3000000e, Ver: 00090001, Proc: 00000009
04-20 14:44:00.258 I/ONCRPC  (  217): xdr_std_msg_send_call: Sent Xid: a7, Prog: 3000000e, Ver: 00090001, Proc: 00000009
04-20 14:44:00.261 I/ONCRPC  (  217): xdr_std_msg_send_call: Received Reply Xid: a7, Prog: 3000000e, Ver: 00090001, Proc: 00000009
04-20 14:44:00.345 D/Bluetooth HSHFP(  525): Starting BluetoothHeadsetService
04-20 14:44:00.346 D/CallNotifier(  525): onMwiChanged(): false
04-20 14:44:00.347 D/CallNotifier(  525): onCfiChanged(): false
04-20 14:44:00.347 D/NotificationMgr(  525): updateCfi(): false
04-20 14:44:00.390 D/Wilif   (  525): onBind..
04-20 14:44:00.421 D/VoiceMemoService(  525): change VoiceMemoSerivce Status: IDLE to IDLE
04-20 14:44:00.422 D/VoiceMemoService(  525): InternalStatus: 0
04-20 14:44:00.436 D/PhoneEasyMovingService(  525): call onStart
04-20 14:44:00.481 I/ONCRPC  (  217): Setup RPC Call for task 4016f420
04-20 14:44:00.481 I/ONCRPC  (  217): oncrpc_xdr_call_msg_start: Prog: 30000000, Ver: 003c0001, Proc: 00000024
04-20 14:44:00.482 I/ONCRPC  (  217): xdr_std_msg_send_call: Sent Xid: a8, Prog: 30000000, Ver: 003c0001, Proc: 00000024
04-20 14:44:00.483 I/ONCRPC  (  217): xdr_std_msg_send_call: Received Reply Xid: a8, Prog: 30000000, Ver: 003c0001, Proc: 00000024
04-20 14:44:00.486 I/ONCRPC  (  217): rpc_handle_rpc_call: for Xid: 20, Prog: 31000000, Vers: 003c0001, Proc: 00000005
04-20 14:44:00.486 I/ONCRPC  (  217): rpc_handle_rpc_call: Find Status: 0 Xid: 20
04-20 14:44:00.486 I/ONCRPC  (  217): oncrpc_proxy_handle_cmd_rpc_call: Dispatching xid: 20
04-20 14:44:00.490 I/ONCRPC  (  217): rpc_handle_rpc_call: for Xid: 21, Prog: 31000000, Vers: 003c0001, Proc: 00000011
04-20 14:44:00.490 I/ONCRPC  (  217): rpc_handle_rpc_call: Find Status: 0 Xid: 21
04-20 14:44:00.490 I/ONCRPC  (  217): oncrpc_proxy_handle_cmd_rpc_call: Dispatching xid: 21
04-20 14:44:00.562 D/CallManager(  525):  handleMessage (EVENT_SERVICE_STATE_CHANGED)
04-20 14:44:00.563 D/PhoneApp(  525): handleServiceStateChanged: get New ServiceState.
04-20 14:44:00.564 D/NotificationMgr(  525): updateNetworkSelection()...state = 3 home null null null  Unknown CSS not supported -1 -1 mDataState=3 RoamInd=-1 DefRoamInd=-1 EmergOnly=false new network 
04-20 14:44:00.571 D/PhoneApp(  525): NetworkType: 0
04-20 14:44:00.571 D/PhoneApp(  525): requestWilIfService()
04-20 14:44:00.572 D/PhoneApp(  525): --- networktype=[0]
04-20 14:44:00.572 D/PhoneApp(  525): mReceiver: ACTION_ANY_DATA_CONNECTION_STATE_CHANGED
04-20 14:44:00.573 D/PhoneApp(  525): - state: DISCONNECTED
04-20 14:44:00.573 D/PhoneApp(  525): - reason: radioTurnedOff
04-20 14:44:00.578 D/PhoneApp(  525): mReceiver: ACTION_ANY_DATA_CONNECTION_STATE_CHANGED
04-20 14:44:00.579 D/PhoneApp(  525): - state: DISCONNECTED
04-20 14:44:00.579 D/PhoneApp(  525): - reason: radioTurnedOff
04-20 14:44:00.580 D/PhoneApp(  525): mReceiver: ACTION_ANY_DATA_CONNECTION_STATE_CHANGED
04-20 14:44:00.582 D/PhoneApp(  525): - state: DISCONNECTED
04-20 14:44:00.582 D/PhoneApp(  525): - reason: radioTurnedOff
04-20 14:44:00.583 D/PhoneApp(  525): mReceiver: ACTION_ANY_DATA_CONNECTION_STATE_CHANGED
04-20 14:44:00.584 D/PhoneApp(  525): - state: DISCONNECTED
04-20 14:44:00.612 D/PhoneApp(  525): - reason: radioTurnedOff
04-20 14:44:00.612 D/PhoneApp(  525): mReceiver: ACTION_ANY_DATA_CONNECTION_STATE_CHANGED
04-20 14:44:00.612 D/PhoneApp(  525): - state: DISCONNECTED
04-20 14:44:00.613 D/PhoneApp(  525): - reason: radioTurnedOff
04-20 14:44:00.614 D/PhoneApp(  525): mReceiver: ACTION_ANY_DATA_CONNECTION_STATE_CHANGED
04-20 14:44:00.614 D/PhoneApp(  525): - state: DISCONNECTED
04-20 14:44:00.615 D/PhoneApp(  525): - reason: radioTurnedOff
04-20 14:44:00.616 D/PhoneApp(  525): mReceiver: ACTION_ANY_DATA_CONNECTION_STATE_CHANGED
04-20 14:44:00.617 D/PhoneApp(  525): - state: DISCONNECTED
04-20 14:44:00.617 D/PhoneApp(  525): - reason: radioTurnedOff
04-20 14:44:00.618 D/PhoneApp(  525): mReceiver: ACTION_ANY_DATA_CONNECTION_STATE_CHANGED
04-20 14:44:00.618 D/PhoneApp(  525): - state: DISCONNECTED
04-20 14:44:00.619 D/PhoneApp(  525): - reason: radioTurnedOff
04-20 14:44:00.619 D/PhoneApp(  525): mReceiver: ACTION_ANY_DATA_CONNECTION_STATE_CHANGED
04-20 14:44:00.620 D/PhoneApp(  525): - state: DISCONNECTED
04-20 14:44:00.620 D/PhoneApp(  525): - reason: radioTurnedOff
04-20 14:44:00.636 D/PhoneApp(  525): mReceiver: ACTION_ANY_DATA_CONNECTION_STATE_CHANGED
04-20 14:44:00.636 D/PhoneApp(  525): - state: DISCONNECTED
04-20 14:44:00.637 D/PhoneApp(  525): - reason: radioTurnedOff
04-20 14:44:00.638 D/PhoneApp(  525): mReceiver: ACTION_ANY_DATA_CONNECTION_STATE_CHANGED
04-20 14:44:00.639 D/PhoneApp(  525): - state: DISCONNECTED
04-20 14:44:00.639 D/PhoneApp(  525): - reason: radioTurnedOff
04-20 14:44:00.640 D/PhoneApp(  525): mReceiver: ACTION_ANY_DATA_CONNECTION_STATE_CHANGED
04-20 14:44:00.643 D/PhoneApp(  525): - state: DISCONNECTED
04-20 14:44:00.643 D/PhoneApp(  525): - reason: radioTurnedOff
04-20 14:44:00.644 D/PhoneApp(  525): mReceiver: ACTION_ANY_DATA_CONNECTION_STATE_CHANGED
04-20 14:44:00.659 D/PhoneApp(  525): - state: DISCONNECTED
04-20 14:44:00.659 D/PhoneApp(  525): - reason: radioTurnedOff
04-20 14:44:00.660 D/PhoneApp(  525): mReceiver: ACTION_ANY_DATA_CONNECTION_STATE_CHANGED
04-20 14:44:00.665 D/PhoneApp(  525): - state: DISCONNECTED
04-20 14:44:00.666 D/PhoneApp(  525): - reason: radioTurnedOff
04-20 14:44:00.666 D/PhoneApp(  525): mReceiver: ACTION_ANY_DATA_CONNECTION_STATE_CHANGED
04-20 14:44:00.667 D/PhoneApp(  525): - state: DISCONNECTED
04-20 14:44:00.667 D/PhoneApp(  525): - reason: radioTurnedOff
