04-20 14:44:00.677 D/PhoneApp(  525): mReceiver: ACTION_ANY_DATA_CONNECTION_STATE_CHANGED
04-20 14:44:00.678 D/PhoneApp(  525): - state: DISCONNECTED
04-20 14:44:00.678 D/PhoneApp(  525): - reason: radioTurnedOff
04-20 14:44:00.679 D/PhoneApp(  525): mReceiver: ACTION_ANY_DATA_CONNECTION_STATE_CHANGED
04-20 14:44:00.680 D/PhoneApp(  525): - state: DISCONNECTED
04-20 14:44:00.691 D/PhoneApp(  525): - reason: radioTurnedOff
04-20 14:44:00.692 D/PhoneApp(  525): mReceiver: ACTION_ANY_DATA_CONNECTION_STATE_CHANGED
04-20 14:44:00.692 D/PhoneApp(  525): - state: DISCONNECTED
04-20 14:44:00.692 D/PhoneApp(  525): - reason: dataDetachedByOutOfService
04-20 14:44:00.729 I/ONCRPC  (  217): Setup RPC Call for task 4016f420
04-20 14:44:00.729 I/ONCRPC  (  217): oncrpc_xdr_call_msg_start: Prog: 30000000, Ver: 003c0001, Proc: 00000024
04-20 14:44:00.729 I/ONCRPC  (  217): xdr_std_msg_send_call: Sent Xid: a9, Prog: 30000000, Ver: 003c0001, Proc: 00000024
04-20 14:44:00.731 I/ONCRPC  (  217): xdr_std_msg_send_call: Received Reply Xid: a9, Prog: 30000000, Ver: 003c0001, Proc: 00000024
04-20 14:44:00.732 I/ONCRPC  (  217): rpc_handle_rpc_call: for Xid: 22, Prog: 31000000, Vers: 003c0001, Proc: 00000005
04-20 14:44:00.732 I/ONCRPC  (  217): rpc_handle_rpc_call: Find Status: 0 Xid: 22
04-20 14:44:00.732 I/ONCRPC  (  217): oncrpc_proxy_handle_cmd_rpc_call: Dispatching xid: 22
04-20 14:44:00.735 I/ONCRPC  (  217): rpc_handle_rpc_call: for Xid: 23, Prog: 31000000, Vers: 003c0001, Proc: 00000011
04-20 14:44:00.735 I/ONCRPC  (  217): rpc_handle_rpc_call: Find Status: 0 Xid: 23
04-20 14:44:00.736 I/ONCRPC  (  217): oncrpc_proxy_handle_cmd_rpc_call: Dispatching xid: 23
04-20 14:44:00.778 I/ONCRPC  (  217): Setup RPC Call for task 4016f420
04-20 14:44:00.778 I/ONCRPC  (  217): oncrpc_xdr_call_msg_start: Prog: 30000000, Ver: 003c0001, Proc: 00000024
04-20 14:44:00.778 I/ONCRPC  (  217): xdr_std_msg_send_call: Sent Xid: aa, Prog: 30000000, Ver: 003c0001, Proc: 00000024
04-20 14:44:00.779 D/PhoneApp(  525): mReceiver: ACTION_ANY_DATA_CONNECTION_STATE_CHANGED
04-20 14:44:00.779 I/ONCRPC  (  217): xdr_std_msg_send_call: Received Reply Xid: aa, Prog: 30000000, Ver: 003c0001, Proc: 00000024
04-20 14:44:00.784 I/ONCRPC  (  217): rpc_handle_rpc_call: for Xid: 24, Prog: 31000000, Vers: 003c0001, Proc: 00000005
04-20 14:44:00.784 I/ONCRPC  (  217): rpc_handle_rpc_call: Find Status: 0 Xid: 24
04-20 14:44:00.784 I/ONCRPC  (  217): oncrpc_proxy_handle_cmd_rpc_call: Dispatching xid: 24
04-20 14:44:00.789 D/PhoneApp(  525): - state: DISCONNECTED
04-20 14:44:00.790 D/PhoneApp(  525): - reason: dataDetachedByOutOfService
04-20 14:44:00.791 I/ONCRPC  (  217): rpc_handle_rpc_call: for Xid: 25, Prog: 31000000, Vers: 003c0001, Proc: 00000011
04-20 14:44:00.791 I/ONCRPC  (  217): rpc_handle_rpc_call: Find Status: 0 Xid: 25
04-20 14:44:00.791 I/ONCRPC  (  217): oncrpc_proxy_handle_cmd_rpc_call: Dispatching xid: 25
04-20 14:44:00.794 D/PhoneApp(  525): mReceiver: ACTION_ANY_DATA_CONNECTION_STATE_CHANGED
04-20 14:44:00.794 D/PhoneApp(  525): - state: DISCONNECTED
04-20 14:44:00.795 D/PhoneApp(  525): - reason: dataDetachedByOutOfService
04-20 14:44:00.795 D/PhoneApp(  525): mReceiver: ACTION_ANY_DATA_CONNECTION_STATE_CHANGED
04-20 14:44:00.795 D/PhoneApp(  525): - state: DISCONNECTED
04-20 14:44:00.795 D/PhoneApp(  525): - reason: dataDetachedByOutOfService
04-20 14:44:00.796 D/PhoneApp(  525): mReceiver: ACTION_ANY_DATA_CONNECTION_STATE_CHANGED
04-20 14:44:00.797 D/PhoneApp(  525): - state: DISCONNECTED
04-20 14:44:00.801 D/PhoneApp(  525): - reason: dataDetachedByOutOfService
04-20 14:44:00.801 D/PhoneApp(  525): mReceiver: ACTION_ANY_DATA_CONNECTION_STATE_CHANGED
04-20 14:44:00.802 D/PhoneApp(  525): - state: DISCONNECTED
04-20 14:44:00.815 D/PhoneApp(  525): - reason: dataDetachedByOutOfService
04-20 14:44:00.816 D/PhoneApp(  525): mReceiver: ACTION_ANY_DATA_CONNECTION_STATE_CHANGED
04-20 14:44:00.816 D/PhoneApp(  525): - state: DISCONNECTED
04-20 14:44:00.816 D/PhoneApp(  525): - reason: dataDetachedByOutOfService
04-20 14:44:00.817 D/PhoneApp(  525): mReceiver: ACTION_ANY_DATA_CONNECTION_STATE_CHANGED
04-20 14:44:00.817 D/PhoneApp(  525): - state: DISCONNECTED
04-20 14:44:00.818 D/PhoneApp(  525): - reason: dataDetachedByOutOfService
04-20 14:44:00.825 D/PhoneApp(  525): mReceiver: ACTION_ANY_DATA_CONNECTION_STATE_CHANGED
04-20 14:44:00.825 D/PhoneApp(  525): - state: DISCONNECTED
04-20 14:44:00.825 D/PhoneApp(  525): - reason: dataDetachedByOutOfService
04-20 14:44:00.827 D/PhoneApp(  525): mReceiver: ACTION_ANY_DATA_CONNECTION_STATE_CHANGED
04-20 14:44:00.828 D/PhoneApp(  525): - state: DISCONNECTED
04-20 14:44:00.828 D/PhoneApp(  525): - reason: roamingOff
04-20 14:44:00.829 D/PhoneApp(  525): mReceiver: ACTION_ANY_DATA_CONNECTION_STATE_CHANGED
04-20 14:44:00.830 D/PhoneApp(  525): - state: DISCONNECTED
04-20 14:44:00.830 D/PhoneApp(  525): - reason: roamingOff
04-20 14:44:00.855 D/PhoneApp(  525): mReceiver: ACTION_ANY_DATA_CONNECTION_STATE_CHANGED
04-20 14:44:00.856 D/PhoneApp(  525): - state: DISCONNECTED
04-20 14:44:00.857 D/PhoneApp(  525): - reason: roamingOff
04-20 14:44:00.857 D/PhoneApp(  525): mReceiver: ACTION_ANY_DATA_CONNECTION_STATE_CHANGED
04-20 14:44:00.858 D/PhoneApp(  525): - state: DISCONNECTED
04-20 14:44:00.858 D/PhoneApp(  525): - reason: roamingOff
04-20 14:44:00.858 D/PhoneApp(  525): mReceiver: ACTION_ANY_DATA_CONNECTION_STATE_CHANGED
04-20 14:44:00.859 D/PhoneApp(  525): - state: DISCONNECTED
04-20 14:44:00.860 D/PhoneApp(  525): - reason: roamingOff
04-20 14:44:00.861 D/PhoneApp(  525): mReceiver: ACTION_ANY_DATA_CONNECTION_STATE_CHANGED
04-20 14:44:00.871 D/PhoneApp(  525): - state: DISCONNECTED
04-20 14:44:00.871 D/PhoneApp(  525): - reason: roamingOff
04-20 14:44:00.872 D/PhoneApp(  525): mReceiver: ACTION_ANY_DATA_CONNECTION_STATE_CHANGED
04-20 14:44:00.872 D/PhoneApp(  525): - state: DISCONNECTED
04-20 14:44:00.873 D/PhoneApp(  525): - reason: roamingOff
04-20 14:44:00.874 D/PhoneApp(  525): mReceiver: ACTION_ANY_DATA_CONNECTION_STATE_CHANGED
04-20 14:44:00.881 D/PhoneApp(  525): - state: DISCONNECTED
04-20 14:44:00.881 D/PhoneApp(  525): - reason: roamingOff
04-20 14:44:00.882 D/PhoneApp(  525): mReceiver: ACTION_ANY_DATA_CONNECTION_STATE_CHANGED
04-20 14:44:00.883 D/PhoneApp(  525): - state: DISCONNECTED
04-20 14:44:00.883 D/PhoneApp(  525): - reason: roamingOff
04-20 14:44:00.884 D/PhoneApp(  525): mReceiver: ACTION_ANY_DATA_CONNECTION_STATE_CHANGED
04-20 14:44:00.891 D/PhoneApp(  525): - state: DISCONNECTED
04-20 14:44:00.893 D/PhoneApp(  525): - reason: roamingOff
04-20 14:44:00.894 D/PhoneApp(  525): mReceiver: ACTION_ANY_DATA_CONNECTION_STATE_CHANGED
04-20 14:44:00.900 D/PhoneApp(  525): - state: DISCONNECTED
04-20 14:44:00.900 D/PhoneApp(  525): - reason: roamingOff
04-20 14:44:00.901 D/PhoneApp(  525): mReceiver: ACTION_ANY_DATA_CONNECTION_STATE_CHANGED
04-20 14:44:00.901 D/PhoneApp(  525): - state: DISCONNECTED
04-20 14:44:00.902 D/PhoneApp(  525): - reason: roamingOff
04-20 14:44:00.911 D/PhoneApp(  525): mReceiver: ACTION_ANY_DATA_CONNECTION_STATE_CHANGED
04-20 14:44:00.911 D/PhoneApp(  525): - state: DISCONNECTED
04-20 14:44:00.912 D/PhoneApp(  525): - reason: roamingOff
04-20 14:44:00.913 D/PhoneApp(  525): mReceiver: ACTION_ANY_DATA_CONNECTION_STATE_CHANGED
04-20 14:44:00.913 D/PhoneApp(  525): - state: DISCONNECTED
04-20 14:44:00.914 D/PhoneApp(  525): - reason: roamingOff
04-20 14:44:00.914 D/PhoneApp(  525): mReceiver: ACTION_ANY_DATA_CONNECTION_STATE_CHANGED
04-20 14:44:00.925 D/PhoneApp(  525): - state: DISCONNECTED
04-20 14:44:00.926 D/PhoneApp(  525): - reason: roamingOff
04-20 14:44:00.926 D/PhoneApp(  525): mReceiver: ACTION_ANY_DATA_CONNECTION_STATE_CHANGED
04-20 14:44:00.927 D/PhoneApp(  525): - state: DISCONNECTED
04-20 14:44:00.927 D/PhoneApp(  525): - reason: roamingOff
04-20 14:44:00.929 D/PhoneApp(  525): ServiceConnection() --> onServiceConnected()
04-20 14:44:00.929 D/Wilif   (  525): ifWilifServiceInit..
04-20 14:44:00.930 I/WILJNI  (  525): [0170]Java_com_android_phone_Wilif_wilJniInit():wilJniInit start
04-20 14:44:00.930 I/JNIIF   (  525): [0061]wilif_wilinit():start
04-20 14:44:00.931 I/WIL_XLIB(  525): [0440]WIL_init():Start
04-20 14:44:00.931 I/WIL_XLIB(  525): [0458]WIL_init():Waiting initRecvDone=0
04-20 14:44:00.949 I/WIL_XLIB(  525): [0185]recvLoop():Start
04-20 14:44:00.950 I/WILD    (  177): [0172]wiladp_mainloop():accepted... 
04-20 14:44:00.950 I/WILD    (  177): [0165]wiladp_mainloop():In accept loop!! 
04-20 14:44:00.950 I/WIL_XLIB(  525): [0205]recvLoop():socket_local_client() READY!
04-20 14:44:00.956 I/WIL_XLIB(  525): [0214]recvLoop():socket_local_client() fd=72
04-20 14:44:00.956 I/WIL_XLIB(  525): [0219]recvLoop():read() header...
04-20 14:44:00.956 I/WIL_XLIB(  525): [0480]WIL_init():End rslt=0x4c944014
04-20 14:44:00.956 D/JNIIF   (  525): [0084]wilif_wilinit():0-th:WilInitFunc() = 0x4c944014
04-20 14:44:00.956 D/JNIIF   (  525): [0086]wilif_wilinit():0-th:Success WilInitFunc() = 0x4c944014
04-20 14:44:00.956 I/JNIIF   (  525): [0095]wilif_wilinit():end
04-20 14:44:00.957 D/WILJNI  (  525): [0183]Java_com_android_phone_Wilif_wilJniInit():Thread create start   ret:1
04-20 14:44:00.957 D/WILJNI  (  525): [0187]Java_com_android_phone_Wilif_wilJniInit():wilJniInit end ret:1
04-20 14:44:00.957 I/WILJNI  (  525): [0189]Java_com_android_phone_Wilif_wilJniInit():retbln:1
04-20 14:44:00.957 D/Wilif   (  525): wilJniInit<--retInit:true
04-20 14:44:00.958 I/WILJNI  (  525): [0220]Java_com_android_phone_Wilif_wilJniSetNotification():wilJniSetNotification start wilNotificationId:203 clsj:0x1450001d notificationCallbackMethodName:0xbf900021 
04-20 14:44:00.958 I/WILJNI  (  525): [1009]wiljni_get_notification_id():Start
04-20 14:44:00.958 D/WILJNI  (  525): [1011]wiljni_get_notification_id():g_wiljni_notificationtbl[0].request_id:203
04-20 14:44:00.958 D/WILJNI  (  525): [1013]wiljni_get_notification_id():get g_wiljni_notificationtbl[0].request_id:203
04-20 14:44:00.958 D/WILJNI  (  525): [1014]wiljni_get_notification_id():get g_wiljni_notificationtbl[0].notificationCallbackFunc:
04-20 14:44:00.958 I/WILJNI  (  525): [1024]wiljni_get_notification_id():End
04-20 14:44:00.959 I/WILJNI  (  525): [0241]Java_com_android_phone_Wilif_wilJniSetNotification():regist notification callback method 
04-20 14:44:00.959 I/WILJNI  (  525): [0254]Java_com_android_phone_Wilif_wilJniSetNotification():callbackName :notificationCallbackMethod
04-20 14:44:00.959 I/WILJNI  (  525): [0262]Java_com_android_phone_Wilif_wilJniSetNotification():cla:0xc5500025 mClass:0x1d2002ee methodid:0x4c334da0 CallbackMethodName:notificationCallbackMethod
04-20 14:44:00.959 I/JNIIF   (  525): [0151]wilif_wilnotificationFunc():start wilRequestId:203
04-20 14:44:00.959 I/WIL_XLIB(  525): [0324]WIL_onSetNotification():start wilNotificationId=203, notificationCallbackFunc=0x4c95ea25
04-20 14:44:00.959 I/WILD    (  177): [0229]wiladp_readerloop():start 
04-20 14:44:00.960 D/WIL_XLIB(  525): [0345]WIL_onSetNotification():Set-Notification
04-20 14:44:00.960 I/WILD    (  177): [0245]wiladp_readerloop():wilif thread read_wait
04-20 14:44:00.960 I/WIL_XLIB(  525): [0172]WIL_ListFindId():start
04-20 14:44:00.960 I/WIL_XLIB(  525): [0183]WIL_ListFindId():End - None
04-20 14:44:00.961 I/WIL-XLIB(  525): [0248]alloc_WILRequest():Start
04-20 14:44:00.961 I/WIL-XLIB(  525): [0258]alloc_WILRequest():End - 0x194ba70
04-20 14:44:00.961 I/WIL_XLIB(  525): [0105]WIL_ListAdd():start
04-20 14:44:00.961 I/WIL_XLIB(  525): [0112]WIL_ListAdd():End - Empty Case
04-20 14:44:00.962 I/WIL_XLIB(  525): [0262]WIL_onRequest():start
04-20 14:44:00.962 I/WIL-XLIB(  525): [0248]alloc_WILRequest():Start
04-20 14:44:00.967 I/WILJNI  (  525): [1131]wilJniThread():callback_handler: failed to get JNI environment, assuming native thread
04-20 14:44:00.967 I/WIL-XLIB(  525): [0258]alloc_WILRequest():End - 0x194bab8
04-20 14:44:00.968 I/WIL_XLIB(  525): [0105]WIL_ListAdd():start
04-20 14:44:00.968 I/WIL_XLIB(  525): [0112]WIL_ListAdd():End - Empty Case
04-20 14:44:00.968 I/WIL_XLIB(  525): [0099]WIL_Send():Start requestlen=8
04-20 14:44:00.968 I/WIL_XLIB(  525): [0125]WIL_Send():End - Send OK
04-20 14:44:00.969 D/WIL-XLIB(  177): [0358]cmn_dumpMem():0x00000000  18 00 00 00 c6 00 00 00 b8 ba 94 01 08 00 00 00  >................<
04-20 14:44:00.969 D/WIL-XLIB(  177): [0358]cmn_dumpMem():0x00000010  cb 00 00 00 01 00 00 00                          >........        <
04-20 14:44:00.969 I/WILD    (  177): [0355]wiladp_sendFuncseq():start 
04-20 14:44:00.969 I/WIL     (  177): [2888]sendWilRequest():request 198
04-20 14:44:00.969 I/WIL     (  177): [2844]send_mainLoop():getSignal-out g_closed=0, g_requestque.wilRequest=0x16eb29c
04-20 14:44:00.969 I/WIL     (  177): [2855]send_mainLoop():WIL-D REQUEST 
04-20 14:44:00.969 I/WIL     (  177): [0610]wil_mainReq():start
04-20 14:44:00.969 D/WIL     (  177): [0617]wil_mainReq():request_id:198 cnt:8
04-20 14:44:00.969 I/WIL     (  177): [2247]wil_request_setnotification():start
04-20 14:44:00.969 D/WIL     (  177): [2253]wil_request_setnotification():typeflg:1
04-20 14:44:00.969 D/WIL     (  177): [2259]wil_request_setnotification():exist request:203
04-20 14:44:00.969 D/WIL     (  177): [2313]wil_request_setnotification():wilReq = 0x16eb29c 
04-20 14:44:00.969 D/WIL     (  177): [2316]wil_request_setnotification():not exist client:11 que:0x16eb29c
04-20 14:44:00.969 I/WILD    (  177): [0415]wiladp_complete_sock():start!
04-20 14:44:00.969 D/WIL-XLIB(  177): [0358]cmn_dumpMem():0x00000000  14 00 00 00 c6 00 00 00 b8 ba 94 01 00 00 00 00  >................<
04-20 14:44:00.969 D/WIL-XLIB(  177): [0358]cmn_dumpMem():0x00000010  00 00 00 00                                      >....            <
04-20 14:44:00.969 I/WILD    (  177): [0463]wiladp_complete_sock():end! 0
04-20 14:44:00.969 I/WIL     (  177): [2335]wil_request_setnotification():end
04-20 14:44:00.969 I/WIL     (  177): [0634]wil_mainReq():End
04-20 14:44:00.969 I/WILD    (  177): [0396]wiladp_sendFuncseq():end 
04-20 14:44:00.971 I/WIL_XLIB(  525): [0222]recvLoop():ret=20
04-20 14:44:00.971 D/WIL-XLIB(  525): [0358]cmn_dumpMem():0x00000000  14 00 00 00 c6 00 00 00 b8 ba 94 01 00 00 00 00  >................<
04-20 14:44:00.971 D/WIL-XLIB(  525): [0358]cmn_dumpMem():0x00000010  00 00 00 00                                      >....            <
04-20 14:44:00.971 D/WIL_XLIB(  525): [0230]recvLoop():length=20, command_id=198, token=0x194bab8, errno=0, reslen=0, res[0]=0
04-20 14:44:00.972 I/WIL_XLIB(  525): [0264]recvLoop():read() request...
04-20 14:44:00.972 I/WIL_XLIB(  525): [0279]recvLoop():ret=0, len=20, cmd=000000c6, xfer.token=0x194bab8, err=0, res=0x51865e40, reslen=0
04-20 14:44:00.972 I/WIL_XLIB(  525): [0198]WIL_ListFindReq():start
04-20 14:44:00.972 I/WIL_XLIB(  525): [0203]WIL_ListFindReq():End - 0x194bab8
04-20 14:44:00.972 I/WIL_XLIB(  525): [0293]recvLoop():Signal on SYNC...
04-20 14:44:00.972 I/WIL_XLIB(  525): [0219]recvLoop():read() header...
04-20 14:44:00.972 I/WILD    (  177): [0245]wiladp_readerloop():wilif thread read_wait
04-20 14:44:00.973 I/WIL_XLIB(  525): [0420]WIL_onWait():Start
04-20 14:44:00.973 I/WIL_XLIB(  525): [0428]WIL_onWait():End
04-20 14:44:00.973 I/WIL_XLIB(  525): [0131]WIL_ListRemove():start
04-20 14:44:00.973 I/WIL_XLIB(  525): [0143]WIL_ListRemove():End - Begin
04-20 14:44:00.973 I/WIL_XLIB(  525): [0305]WIL_onRequest():End - Sync wilReq=0x194bab8
04-20 14:44:00.974 D/WIL_XLIB(  525): [0386]WIL_onSetNotification():request:0x194bab8, ret:0
04-20 14:44:00.974 I/WIL-XLIB(  525): [0270]free_WILRequest():Start
04-20 14:44:00.974 I/WIL-XLIB(  525): [0280]free_WILRequest():End
04-20 14:44:00.974 I/WIL_XLIB(  525): [0392]WIL_onSetNotification():End
04-20 14:44:00.974 D/JNIIF   (  525): [0163]wilif_wilnotificationFunc():Set callback function
04-20 14:44:00.974 I/JNIIF   (  525): [0170]wilif_wilnotificationFunc():end
04-20 14:44:00.974 D/WILJNI  (  525): [0271]Java_com_android_phone_Wilif_wilJniSetNotification():Regist notification callback
04-20 14:44:00.991 I/WILJNI  (  525): [1250]wilJniThread():read wait!
04-20 14:44:00.993 D/WILJNI  (  525): [0300]Java_com_android_phone_Wilif_wilJniSetNotification(): index :0   request_id :203   mClass :0x1d2002ee   methodid :0x4c334da0   notificationCallbackFunc :notificationCallbackMethod
04-20 14:44:00.993 I/WILJNI  (  525): [0302]Java_com_android_phone_Wilif_wilJniSetNotification():wilJniSetNotification end ret:0
04-20 14:44:00.993 I/WILJNI  (  525): [0304]Java_com_android_phone_Wilif_wilJniSetNotification():retbln:1
04-20 14:44:00.993 D/Wilif   (  525): wilJniSetNotification-->wilNotificationId[0]:203,clsj:Wilif.this,notificationCallbackMethodName:notificationCallbackMethod
04-20 14:44:00.993 I/WILJNI  (  525): [0220]Java_com_android_phone_Wilif_wilJniSetNotification():wilJniSetNotification start wilNotificationId:205 clsj:0x1470001d notificationCallbackMethodName:0xbfb00021 
04-20 14:44:00.993 I/WILJNI  (  525): [1009]wiljni_get_notification_id():Start
04-20 14:44:00.993 D/WILJNI  (  525): [1011]wiljni_get_notification_id():g_wiljni_notificationtbl[0].request_id:203
04-20 14:44:00.993 D/WILJNI  (  525): [1011]wiljni_get_notification_id():g_wiljni_notificationtbl[1].request_id:205
04-20 14:44:00.993 D/WILJNI  (  525): [1013]wiljni_get_notification_id():get g_wiljni_notificationtbl[1].request_id:205
04-20 14:44:00.993 D/WILJNI  (  525): [1014]wiljni_get_notification_id():get g_wiljni_notificationtbl[1].notificationCallbackFunc:
04-20 14:44:00.993 I/WILJNI  (  525): [1024]wiljni_get_notification_id():End
04-20 14:44:00.993 I/WILJNI  (  525): [0241]Java_com_android_phone_Wilif_wilJniSetNotification():regist notification callback method 
04-20 14:44:00.993 I/WILJNI  (  525): [0254]Java_com_android_phone_Wilif_wilJniSetNotification():callbackName :notificationCallbackMethod
04-20 14:44:00.993 I/WILJNI  (  525): [0262]Java_com_android_phone_Wilif_wilJniSetNotification():cla:0xc5600025 mClass:0x1d2002f2 methodid:0x4c334da0 CallbackMethodName:notificationCallbackMethod
04-20 14:44:00.993 I/JNIIF   (  525): [0151]wilif_wilnotificationFunc():start wilRequestId:205
04-20 14:44:00.993 I/WIL_XLIB(  525): [0324]WIL_onSetNotification():start wilNotificationId=205, notificationCallbackFunc=0x4c95ea25
04-20 14:44:00.993 D/WIL_XLIB(  525): [0345]WIL_onSetNotification():Set-Notification
04-20 14:44:00.993 I/WIL_XLIB(  525): [0172]WIL_ListFindId():start
04-20 14:44:00.993 I/WIL_XLIB(  525): [0183]WIL_ListFindId():End - None
04-20 14:44:00.993 I/WIL-XLIB(  525): [0248]alloc_WILRequest():Start
04-20 14:44:00.993 I/WIL-XLIB(  525): [0258]alloc_WILRequest():End - 0x194bba8
04-20 14:44:00.993 I/WIL_XLIB(  525): [0105]WIL_ListAdd():start
04-20 14:44:00.993 I/WIL_XLIB(  525): [0119]WIL_ListAdd():End
04-20 14:44:00.993 I/WIL_XLIB(  525): [0262]WIL_onRequest():start
04-20 14:44:00.993 I/WIL-XLIB(  525): [0248]alloc_WILRequest():Start
04-20 14:44:00.993 I/WIL-XLIB(  525): [0258]alloc_WILRequest():End - 0x194bab8
04-20 14:44:00.993 I/WIL_XLIB(  525): [0105]WIL_ListAdd():start
04-20 14:44:00.993 I/WIL_XLIB(  525): [0112]WIL_ListAdd():End - Empty Case
04-20 14:44:00.993 I/WIL_XLIB(  525): [0099]WIL_Send():Start requestlen=8
04-20 14:44:00.993 I/WIL_XLIB(  525): [0125]WIL_Send():End - Send OK
04-20 14:44:00.993 I/WIL_XLIB(  525): [0420]WIL_onWait():Start
04-20 14:44:00.995 D/WIL-XLIB(  177): [0358]cmn_dumpMem():0x00000000  18 00 00 00 c6 00 00 00 b8 ba 94 01 08 00 00 00  >................<
04-20 14:44:00.995 D/WIL-XLIB(  177): [0358]cmn_dumpMem():0x00000010  cd 00 00 00 01 00 00 00                          >........        <
04-20 14:44:00.995 I/WILD    (  177): [0355]wiladp_sendFuncseq():start 
04-20 14:44:00.995 I/WIL     (  177): [2888]sendWilRequest():request 198
04-20 14:44:00.995 I/WILD    (  177): [0396]wiladp_sendFuncseq():end 
04-20 14:44:00.995 I/WILD    (  177): [0245]wiladp_readerloop():wilif thread read_wait
04-20 14:44:00.995 I/WIL     (  177): [2844]send_mainLoop():getSignal-out g_closed=0, g_requestque.wilRequest=0x16eb2c8
04-20 14:44:00.995 I/WIL     (  177): [2855]send_mainLoop():WIL-D REQUEST 
04-20 14:44:00.995 I/WIL     (  177): [0610]wil_mainReq():start
04-20 14:44:00.995 D/WIL     (  177): [0617]wil_mainReq():request_id:198 cnt:8
04-20 14:44:00.995 I/WIL     (  177): [2247]wil_request_setnotification():start
04-20 14:44:00.995 D/WIL     (  177): [2253]wil_request_setnotification():typeflg:1
04-20 14:44:00.995 D/WIL     (  177): [2259]wil_request_setnotification():exist request:205
04-20 14:44:00.995 D/WIL     (  177): [2313]wil_request_setnotification():wilReq = 0x16eb2c8 
04-20 14:44:00.995 D/WIL     (  177): [2316]wil_request_setnotification():not exist client:11 que:0x16eb2c8
04-20 14:44:00.995 I/WILD    (  177): [0415]wiladp_complete_sock():start!
04-20 14:44:00.995 D/WIL-XLIB(  177): [0358]cmn_dumpMem():0x00000000  14 00 00 00 c6 00 00 00 b8 ba 94 01 00 00 00 00  >................<
04-20 14:44:00.995 D/WIL-XLIB(  177): [0358]cmn_dumpMem():0x00000010  00 00 00 00                                      >....            <
04-20 14:44:00.995 I/WILD    (  177): [0463]wiladp_complete_sock():end! 0
04-20 14:44:00.995 I/WIL     (  177): [2335]wil_request_setnotification():end
04-20 14:44:00.995 I/WIL     (  177): [0634]wil_mainReq():End
04-20 14:44:00.995 I/WIL_XLIB(  525): [0222]recvLoop():ret=20
04-20 14:44:00.995 D/WIL-XLIB(  525): [0358]cmn_dumpMem():0x00000000  14 00 00 00 c6 00 00 00 b8 ba 94 01 00 00 00 00  >................<
04-20 14:44:00.995 D/WIL-XLIB(  525): [0358]cmn_dumpMem():0x00000010  00 00 00 00                                      >....            <
04-20 14:44:00.995 D/WIL_XLIB(  525): [0230]recvLoop():length=20, command_id=198, token=0x194bab8, errno=0, reslen=0, res[0]=0
04-20 14:44:00.995 I/WIL_XLIB(  525): [0264]recvLoop():read() request...
04-20 14:44:00.995 I/WIL_XLIB(  525): [0279]recvLoop():ret=0, len=20, cmd=000000c6, xfer.token=0x194bab8, err=0, res=0x51865e40, reslen=0
04-20 14:44:00.995 I/WIL_XLIB(  525): [0198]WIL_ListFindReq():start
04-20 14:44:00.995 I/WIL_XLIB(  525): [0203]WIL_ListFindReq():End - 0x194bab8
04-20 14:44:00.995 I/WIL_XLIB(  525): [0293]recvLoop():Signal on SYNC...
04-20 14:44:00.995 I/WIL_XLIB(  525): [0219]recvLoop():read() header...
04-20 14:44:00.996 I/WIL_XLIB(  525): [0428]WIL_onWait():End
04-20 14:44:00.996 I/WIL_XLIB(  525): [0131]WIL_ListRemove():start
04-20 14:44:00.996 I/WIL_XLIB(  525): [0143]WIL_ListRemove():End - Begin
04-20 14:44:00.996 I/WIL_XLIB(  525): [0305]WIL_onRequest():End - Sync wilReq=0x194bab8
04-20 14:44:00.996 D/WIL_XLIB(  525): [0386]WIL_onSetNotification():request:0x194bab8, ret:0
04-20 14:44:00.996 I/WIL-XLIB(  525): [0270]free_WILRequest():Start
04-20 14:44:00.996 I/WIL-XLIB(  525): [0280]free_WILRequest():End
04-20 14:44:00.996 I/WIL_XLIB(  525): [0392]WIL_onSetNotification():End
04-20 14:44:00.996 D/JNIIF   (  525): [0163]wilif_wilnotificationFunc():Set callback function
04-20 14:44:00.996 I/JNIIF   (  525): [0170]wilif_wilnotificationFunc():end
04-20 14:44:00.996 D/WILJNI  (  525): [0271]Java_com_android_phone_Wilif_wilJniSetNotification():Regist notification callback
04-20 14:44:00.996 D/WILJNI  (  525): [0300]Java_com_android_phone_Wilif_wilJniSetNotification(): index :1   request_id :205   mClass :0x1d2002f2   methodid :0x4c334da0   notificationCallbackFunc :notificationCallbackMethod
04-20 14:44:00.996 I/WILJNI  (  525): [0302]Java_com_android_phone_Wilif_wilJniSetNotification():wilJniSetNotification end ret:0
04-20 14:44:00.996 I/WILJNI  (  525): [0304]Java_com_android_phone_Wilif_wilJniSetNotification():retbln:1
04-20 14:44:00.996 D/Wilif   (  525): wilJniSetNotification-->wilNotificationId[1]:205,clsj:Wilif.this,notificationCallbackMethodName:notificationCallbackMethod
04-20 14:44:00.996 D/PhoneApp(  525): UpdatePersonalfittingData: start
04-20 14:44:00.996 D/PhoneApp(  525): CheckPersonalfittingData: start
04-20 14:44:01.034 D/PhoneApp(  525): CheckPersonalfittingData: pd.VoiceAdjustAgeOrVoiceNo(age). age=41
04-20 14:44:01.034 D/PhoneApp(  525): CheckPersonalfittingData:  VoiceAdjustOnOff=1  VoiceAdjustType=0  VoiceAdjustAgeOrVoiceNo=41  VoiceAdjustLevel=2
04-20 14:44:01.034 D/PhoneApp(  525): CheckPersonalfittingData: end ret=false
04-20 14:44:01.053 D/PhoneApp(  525): UpdatePersonalfittingData: end
04-20 14:44:01.053 D/NotificationMgr(  525): call log query complete.
04-20 14:44:01.053 D/NotificationMgr(  525): closing call log cursor.
04-20 14:44:01.125 I/SearchManagerService(  342): Building list of searchable activities
04-20 14:44:01.148 D/memalloc(  123): /dev/pmem: Allocated buffer base:0x41ed6000 size:3072000 offset:9277440 fd:49
04-20 14:44:01.165 D/memalloc(  440): /dev/pmem: Mapped buffer base:0x5229f000 size:12349440 offset:9277440 fd:58
04-20 14:44:01.197 I/ActivityThread(  832): Pub com.android.contacts.versioncheck: com.android.contacts.versioncheck.ContactsVersionProvider
04-20 14:44:01.298 D/memalloc(  123): /dev/pmem: Allocated buffer base:0x41ed6000 size:3072000 offset:12349440 fd:52
04-20 14:44:01.303 D/PrivacyEventReceiverService(  525): action:android.intent.action.FUJITSU_PRIVACY_INIT_MMSDB
04-20 14:44:01.313 D/memalloc(  440): /dev/pmem: Mapped buffer base:0x53154000 size:15421440 offset:12349440 fd:67
04-20 14:44:01.315 D/memalloc(  440): /dev/pmem: Unmapping buffer base:0x5229f000 size:12349440 offset:9277440
04-20 14:44:01.316 D/memalloc(  440): /dev/pmem: Unmapping buffer base:0x53154000 size:15421440 offset:12349440
04-20 14:44:01.317 D/memalloc(  123): /dev/pmem: Freeing buffer base:0x42a9d000 size:3072000 offset:12349440 fd:52
04-20 14:44:01.329 I/StorageNotification(  440): Media {/mnt/sdcard} state changed from {unmounted} -> {checking}
04-20 14:44:01.331 V/mannersettings(  440): manner mode off, hence sound will play according to settings true
04-20 14:44:01.332 V/mannersettings(  440): manner mode off, hence vibrate is returned as false
04-20 14:44:01.333 D/NotificationService(  342): NOTIFY: enqueueNotificationWithTag: 16
04-20 14:44:01.346 D/StatusBar.NetworkController(  440): onServiceStateChanged state=3 home null null null  Unknown CSS not supported -1 -1 mDataState=3 RoamInd=-1 DefRoamInd=-1 EmergOnly=false
04-20 14:44:01.347 D/StatusBar.NetworkController(  440): Combining data service state3for signal
04-20 14:44:01.347 D/StatusBar.NetworkController(  440):  No service
04-20 14:44:01.352 D/StatusBar.NetworkController(  440): refreshViews connected={ } level=?? combinedSignalIconId=0x7f0202b7/com.android.systemui:drawable/stat_sys_signal_0 combinedActivityIconId=0x0 mAirplaneMode=false mDataActivity=0 mPhoneSignalIconId=0x7f0202b7 mDataDirectionIconId=0x0 mDataSignalIconId=0x7f0202b7 mDataTypeIconId=0x0 mNoSimIconId=0x0 mWifiIconId=0x0 mBluetoothTetherIconId=0x10805f1
04-20 14:44:01.462 I/ONCRPC  (  217): rpc_handle_rpc_call: for Xid: 26, Prog: 31000000, Vers: 003c0001, Proc: 00000014
04-20 14:44:01.462 I/ONCRPC  (  217): rpc_handle_rpc_call: Find Status: 0 Xid: 26
04-20 14:44:01.462 I/ONCRPC  (  217): oncrpc_proxy_handle_cmd_rpc_call: Dispatching xid: 26
04-20 14:44:01.465 I/ONCRPC  (  217): rpc_handle_rpc_call: for Xid: 27, Prog: 31000000, Vers: 003c0001, Proc: 00000014
04-20 14:44:01.465 I/ONCRPC  (  217): rpc_handle_rpc_call: Find Status: 0 Xid: 27
04-20 14:44:01.465 I/ONCRPC  (  217): oncrpc_proxy_handle_cmd_rpc_call: Dispatching xid: 27
04-20 14:44:01.467 I/ONCRPC  (  217): rpc_handle_rpc_call: for Xid: 28, Prog: 31000000, Vers: 003c0001, Proc: 00000014
04-20 14:44:01.467 I/ONCRPC  (  217): rpc_handle_rpc_call: Find Status: 0 Xid: 28
04-20 14:44:01.468 I/ONCRPC  (  217): oncrpc_proxy_handle_cmd_rpc_call: Dispatching xid: 28
04-20 14:44:01.469 W/SignalStrength(  525): SignalStrength before validate=SignalStrength: 99 255 -1 -1 -1 -1 -1 99 -32767 -32767 -32767 -32767 cdma
04-20 14:44:01.470 W/SignalStrength(  525): SignalStrength after validate=SignalStrength: 99 255 -120 -160 -120 -1 -1 99 2147483647 2147483647 2147483647 -32767 cdma
04-20 14:44:01.744 W/ResourceType(  622): No package identifier when getting value for resource number 0x00000000
04-20 14:44:01.987 D/UimVersion(  525):  UimVersion()
04-20 14:44:02.019 D/PrivacyEventReceiverService(  525): mPrivacyMode:false=>false
04-20 14:44:02.020 D/PrivacyEventReceiverService(  525): mNotNotifyPrivacyNewMail:true=>true
04-20 14:44:02.022 D/PrivacyEventReceiverService(  525): mHidePrivacyContacts:true=>true
04-20 14:44:02.022 D/PrivacyEventReceiverService(  525): mPrivacyMode:false , changed =false
04-20 14:44:02.041 W/ActivityManager(  342): Unable to start service Intent { act=com.android.contacts.calllog.UPDATE_NOTIFICATIONS cmp=com.android.contacts/.calllog.CallLogNotificationsService }: not found
04-20 14:44:02.065 V/AudioHardwareMSM7X30(  126): setParameters() wolfson_enabled=true
04-20 14:44:02.065 I/AudioHardwareMSM7X30(  126): Wolfson feature Enabled
04-20 14:44:02.095 D/NotificationMgr(  525): hideDataDisconnectedRoaming()...
04-20 14:44:02.096 D/NotificationMgr(  525): hideDataDisconnectedRoaming()...
04-20 14:44:02.096 D/NotificationMgr(  525): hideDataDisconnectedRoaming()...
04-20 14:44:02.097 D/NotificationMgr(  525): hideDataDisconnectedRoaming()...
04-20 14:44:02.099 D/NotificationMgr(  525): hideDataDisconnectedRoaming()...
04-20 14:44:02.100 D/NotificationMgr(  525): hideDataDisconnectedRoaming()...
04-20 14:44:02.101 D/NotificationMgr(  525): hideDataDisconnectedRoaming()...
04-20 14:44:02.101 D/NotificationMgr(  525): hideDataDisconnectedRoaming()...
04-20 14:44:02.102 D/NotificationMgr(  525): hideDataDisconnectedRoaming()...
04-20 14:44:02.105 D/NotificationMgr(  525): hideDataDisconnectedRoaming()...
04-20 14:44:02.107 D/NotificationMgr(  525): hideDataDisconnectedRoaming()...
04-20 14:44:02.108 D/NotificationMgr(  525): hideDataDisconnectedRoaming()...
04-20 14:44:02.111 D/NotificationMgr(  525): hideDataDisconnectedRoaming()...
04-20 14:44:02.112 D/NotificationMgr(  525): hideDataDisconnectedRoaming()...
04-20 14:44:02.114 D/NotificationMgr(  525): hideDataDisconnectedRoaming()...
04-20 14:44:02.115 D/NotificationMgr(  525): hideDataDisconnectedRoaming()...
04-20 14:44:02.142 I/ONCRPC  (  217): Setup RPC Call for task 4016f420
04-20 14:44:02.142 I/ONCRPC  (  217): oncrpc_xdr_call_msg_start: Prog: 30000000, Ver: 003c0001, Proc: 00000024
04-20 14:44:02.143 I/ONCRPC  (  217): xdr_std_msg_send_call: Sent Xid: ab, Prog: 30000000, Ver: 003c0001, Proc: 00000024
04-20 14:44:02.144 I/ONCRPC  (  217): xdr_std_msg_send_call: Received Reply Xid: ab, Prog: 30000000, Ver: 003c0001, Proc: 00000024
04-20 14:44:02.144 I/ONCRPC  (  217): rpc_handle_rpc_call: for Xid: 2a, Prog: 31000000, Vers: 003c0001, Proc: 00000005
04-20 14:44:02.144 I/ONCRPC  (  217): rpc_handle_rpc_call: Find Status: 0 Xid: 2a
04-20 14:44:02.144 I/ONCRPC  (  217): oncrpc_proxy_handle_cmd_rpc_call: Dispatching xid: 2a
04-20 14:44:02.146 I/ONCRPC  (  217): rpc_handle_rpc_call: for Xid: 2b, Prog: 31000000, Vers: 003c0001, Proc: 00000011
04-20 14:44:02.146 I/ONCRPC  (  217): rpc_handle_rpc_call: Find Status: 0 Xid: 2b
04-20 14:44:02.146 I/ONCRPC  (  217): oncrpc_proxy_handle_cmd_rpc_call: Dispatching xid: 2b
04-20 14:44:02.372 D/memalloc(  123): /dev/pmem: Allocated buffer base:0x41ed6000 size:1474560 offset:12349440 fd:52
04-20 14:44:02.375 D/memalloc(  440): /dev/pmem: Mapped buffer base:0x52109000 size:13824000 offset:12349440 fd:58
04-20 14:44:02.385 D/memalloc(  123): /dev/pmem: Freeing buffer base:0x41ed6000 size:1536000 offset:0 fd:28
04-20 14:44:02.385 D/memalloc(  123): /dev/pmem: Freeing buffer base:0x4204d000 size:1536000 offset:1536000 fd:31
04-20 14:44:02.397 I/WindowManager(  342): SCREENLAYOUT_SIZE (1:small, 2:normal, 3:large, 4:xlarge) 2
04-20 14:44:02.412 D/memalloc(  123): /dev/pmem: Freeing buffer base:0x421c4000 size:1536000 offset:3072000 fd:34
04-20 14:44:02.513 E/ActivityThread(  622): Failed to find provider info for jp.co.nttdocomo.carriermail.applinkprovider
04-20 14:44:02.531 I/ActivityManager(  342): Start proc com.nttdocomo.android.toruca for content provider com.nttdocomo.android.toruca/.provider.ExternalProvider: pid=859 uid=10170 gids={3003, 1015}
04-20 14:44:02.614 D/memalloc(  123): /dev/pmem: Allocated buffer base:0x41ed6000 size:3072000 offset:0 fd:28
04-20 14:44:02.621 D/memalloc(  440): /dev/pmem: Mapped buffer base:0x53029000 size:3072000 offset:0 fd:67
04-20 14:44:02.653 D/memalloc(  123): /dev/pmem: Allocated buffer base:0x41ed6000 size:3072000 offset:13824000 fd:31
04-20 14:44:02.663 D/memalloc(  440): /dev/pmem: Mapped buffer base:0x53605000 size:16896000 offset:13824000 fd:70
04-20 14:44:02.664 D/memalloc(  123): /dev/pmem: Freeing buffer base:0x427af000 size:3072000 offset:9277440 fd:49
04-20 14:44:02.666 D/memalloc(  440): /dev/pmem: Unmapping buffer base:0x53029000 size:3072000 offset:0
04-20 14:44:02.666 D/memalloc(  440): /dev/pmem: Unmapping buffer base:0x53605000 size:16896000 offset:13824000
04-20 14:44:02.668 D/memalloc(  123): /dev/pmem: Freeing buffer base:0x42c05000 size:3072000 offset:13824000 fd:31
04-20 14:44:02.681 D/AccountTypeManager(  832): Registering external account type=com.fujitsu.mobile_phone.account, packageName=com.fujitsu.mobile_phone.fujitsuaccount
04-20 14:44:02.709 I/ONCRPC  (  217): Setup RPC Call for task 4016f420
04-20 14:44:02.709 I/ONCRPC  (  217): oncrpc_xdr_call_msg_start: Prog: 30000000, Ver: 003c0001, Proc: 00000024
04-20 14:44:02.709 I/ONCRPC  (  217): xdr_std_msg_send_call: Sent Xid: ac, Prog: 30000000, Ver: 003c0001, Proc: 00000024
04-20 14:44:02.711 I/ONCRPC  (  217): xdr_std_msg_send_call: Received Reply Xid: ac, Prog: 30000000, Ver: 003c0001, Proc: 00000024
04-20 14:44:02.712 I/ONCRPC  (  217): rpc_handle_rpc_call: for Xid: 2c, Prog: 31000000, Vers: 003c0001, Proc: 00000005
04-20 14:44:02.712 I/ONCRPC  (  217): rpc_handle_rpc_call: Find Status: 0 Xid: 2c
04-20 14:44:02.712 I/ONCRPC  (  217): oncrpc_proxy_handle_cmd_rpc_call: Dispatching xid: 2c
04-20 14:44:02.717 I/ONCRPC  (  217): rpc_handle_rpc_call: for Xid: 2d, Prog: 31000000, Vers: 003c0001, Proc: 00000011
04-20 14:44:02.717 I/ONCRPC  (  217): rpc_handle_rpc_call: Find Status: 0 Xid: 2d
04-20 14:44:02.717 I/ONCRPC  (  217): oncrpc_proxy_handle_cmd_rpc_call: Dispatching xid: 2d
04-20 14:44:02.755 D/memalloc(  123): /dev/pmem: Allocated buffer base:0x41ed6000 size:122880 offset:3072000 fd:31
04-20 14:44:02.757 I/ONCRPC  (  217): Setup RPC Call for task 4016f420
04-20 14:44:02.757 I/ONCRPC  (  217): oncrpc_xdr_call_msg_start: Prog: 30000000, Ver: 003c0001, Proc: 00000024
04-20 14:44:02.757 I/ONCRPC  (  217): xdr_std_msg_send_call: Sent Xid: ad, Prog: 30000000, Ver: 003c0001, Proc: 00000024
04-20 14:44:02.759 I/ONCRPC  (  217): xdr_std_msg_send_call: Received Reply Xid: ad, Prog: 30000000, Ver: 003c0001, Proc: 00000024
04-20 14:44:02.759 I/ONCRPC  (  217): rpc_handle_rpc_call: for Xid: 2e, Prog: 31000000, Vers: 003c0001, Proc: 00000005
04-20 14:44:02.759 I/ONCRPC  (  217): rpc_handle_rpc_call: Find Status: 0 Xid: 2e
04-20 14:44:02.759 I/ONCRPC  (  217): oncrpc_proxy_handle_cmd_rpc_call: Dispatching xid: 2e
04-20 14:44:02.762 I/ONCRPC  (  217): rpc_handle_rpc_call: for Xid: 2f, Prog: 31000000, Vers: 003c0001, Proc: 00000011
04-20 14:44:02.762 I/ONCRPC  (  217): rpc_handle_rpc_call: Find Status: 0 Xid: 2f
04-20 14:44:02.762 I/ONCRPC  (  217): oncrpc_proxy_handle_cmd_rpc_call: Dispatching xid: 2f
04-20 14:44:02.772 D/memalloc(  440): /dev/pmem: Mapped buffer base:0x52e38000 size:3194880 offset:3072000 fd:67
04-20 14:44:02.796 I/ONCRPC  (  217): Setup RPC Call for task 4016f420
04-20 14:44:02.796 I/ONCRPC  (  217): oncrpc_xdr_call_msg_start: Prog: 30000000, Ver: 003c0001, Proc: 00000024
04-20 14:44:02.796 I/ONCRPC  (  217): xdr_std_msg_send_call: Sent Xid: ae, Prog: 30000000, Ver: 003c0001, Proc: 00000024
04-20 14:44:02.797 W/SignalStrength(  342): getLTELevel - rsrp:2147483647 snr:2147483647 rsrpIconLevel:-1 snrIconLevel:-1
04-20 14:44:02.797 W/SignalStrength(  342): getLTELevel - rssi:99 rssiIconLevel:0
04-20 14:44:02.798 W/CNE     (  342): mDefaultApnLinkProp is null
04-20 14:44:02.798 I/CNE_DEBUG(  342): getSignalStrength networkType= 0
04-20 14:44:02.798 I/CNE_DEBUG(  342): CNE onSignalStrengthsChanged - type:0 strength:-1 ipV4Addr:null roaming:0 iface:null timeStamp:2013-04-20 14:44:02.798
04-20 14:44:02.799 I/CNE_DEBUG(  342): UpdateWwanStatus type=0 state=5 rssi=-1 roaming=0 ipV4Addr=null iface=null timeStamp=2013-04-20 14:44:02.798
04-20 14:44:02.800 I/ONCRPC  (  217): rpc_handle_rpc_call: for Xid: 30, Prog: 31000000, Vers: 003c0001, Proc: 00000005
04-20 14:44:02.800 I/ONCRPC  (  217): rpc_handle_rpc_call: Find Status: 0 Xid: 30
04-20 14:44:02.800 E/Parcel  (  174): Reading a NULL string not supported here.
04-20 14:44:02.800 E/Parcel  (  174): Reading a NULL string not supported here.
04-20 14:44:02.800 I/ONCRPC  (  217): oncrpc_proxy_handle_cmd_rpc_call: Dispatching xid: 30
04-20 14:44:02.801 I/ONCRPC  (  217): xdr_std_msg_send_call: Received Reply Xid: ae, Prog: 30000000, Ver: 003c0001, Proc: 00000024
04-20 14:44:02.803 I/ONCRPC  (  217): rpc_handle_rpc_call: for Xid: 31, Prog: 31000000, Vers: 003c0001, Proc: 00000011
04-20 14:44:02.803 I/ONCRPC  (  217): rpc_handle_rpc_call: Find Status: 0 Xid: 31
04-20 14:44:02.803 I/ONCRPC  (  217): oncrpc_proxy_handle_cmd_rpc_call: Dispatching xid: 31
04-20 14:44:02.805 W/SignalStrength(  342): getGsmLevel=0
04-20 14:44:02.805 W/SignalStrength(  342): getLevel=0
04-20 14:44:02.821 D/StatusBar.NetworkController(  440): onServiceStateChanged state=1 home null null null  Unknown CSS not supported -1 -1 mDataState=1 RoamInd=-1 DefRoamInd=-1 EmergOnly=false
04-20 14:44:02.821 D/StatusBar.NetworkController(  440): Combining data service state1for signal
04-20 14:44:02.822 D/StatusBar.NetworkController(  440):  No service
04-20 14:44:02.828 D/StatusBar.NetworkController(  440): refreshViews connected={ } level=?? combinedSignalIconId=0x7f0202b7/com.android.systemui:drawable/stat_sys_signal_0 combinedActivityIconId=0x0 mAirplaneMode=false mDataActivity=0 mPhoneSignalIconId=0x7f0202b7 mDataDirectionIconId=0x0 mDataSignalIconId=0x7f0202b7 mDataTypeIconId=0x0 mNoSimIconId=0x0 mWifiIconId=0x0 mBluetoothTetherIconId=0x10805f1
04-20 14:44:02.856 I/ONCRPC  (  217): rpc_handle_rpc_call: for Xid: 32, Prog: 31000000, Vers: 003c0001, Proc: 00000014
04-20 14:44:02.856 I/ONCRPC  (  217): rpc_handle_rpc_call: Find Status: 0 Xid: 32
04-20 14:44:02.856 I/ONCRPC  (  217): oncrpc_proxy_handle_cmd_rpc_call: Dispatching xid: 32
04-20 14:44:02.857 W/SignalStrength(  525): SignalStrength before validate=SignalStrength: 19 255 -1 -1 -1 -1 -1 99 -32767 -32767 -32767 -32767 cdma
04-20 14:44:02.858 W/SignalStrength(  525): SignalStrength after validate=SignalStrength: 19 255 -120 -160 -120 -1 -1 99 2147483647 2147483647 2147483647 -32767 cdma
04-20 14:44:02.859 I/ONCRPC  (  217): rpc_handle_rpc_call: for Xid: 33, Prog: 31000000, Vers: 003c0001, Proc: 00000028
04-20 14:44:02.859 I/ONCRPC  (  217): rpc_handle_rpc_call: Find Status: 0 Xid: 33
04-20 14:44:02.859 I/ONCRPC  (  217): oncrpc_proxy_handle_cmd_rpc_call: Dispatching xid: 33
04-20 14:44:02.989 D/CAT     (  525): CatService: 20arrived on slotid: 0
04-20 14:44:02.989 D/CAT     (  525): CatService: MSG_ID_ICC_CHANGED
04-20 14:44:02.989 D/CAT     (  525): CatService: New Card State = CARDSTATE_PRESENT Old Card State = CARDSTATE_ABSENT
04-20 14:44:02.991 I/ActivityThread(  859): Pub com.nttdocomo.android.toruca.terminal.search.TorucaProvider: com.nttdocomo.android.toruca.terminal.search.TorucaProvider
04-20 14:44:02.994 D/CAT     (  525): CatService: Error in initializing new IconLoader
04-20 14:44:03.014 I/ActivityThread(  859): Pub com.nttdocomo.android.toruca.iconcier_contents: com.nttdocomo.android.toruca.provider.IconcierContentsProvider
04-20 14:44:03.049 D/KeyguardUpdateMonitor(  342): ACTION_SIM_STATE_CHANGED intent received on sub = 0
04-20 14:44:03.058 V/OtaStartupReceiver(  525): onReceive: intent action=android.intent.action.BOOT_COMPLETED  mOtaspMode=-1
04-20 14:44:03.058 D/OtaStartupReceiver(  525): OTASP not supported, nothing to do.
04-20 14:44:03.066 I/ONCRPC  (  217): rpc_handle_rpc_call: for Xid: 34, Prog: 31000000, Vers: 003c0001, Proc: 00000014
04-20 14:44:03.066 I/ONCRPC  (  217): rpc_handle_rpc_call: Find Status: 0 Xid: 34
04-20 14:44:03.066 I/ONCRPC  (  217): oncrpc_proxy_handle_cmd_rpc_call: Dispatching xid: 34
04-20 14:44:03.073 D/CallManager(  525):  handleMessage (EVENT_SERVICE_STATE_CHANGED)
04-20 14:44:03.074 D/PhoneApp(  525): handleServiceStateChanged: get New ServiceState.
04-20 14:44:03.075 D/NotificationMgr(  525): updateNetworkSelection()...state = 1 home null null null  Unknown CSS not supported -1 -1 mDataState=1 RoamInd=-1 DefRoamInd=-1 EmergOnly=false new network 
04-20 14:44:03.075 D/PhoneApp(  525): NetworkType: 0
04-20 14:44:03.076 D/PhoneApp(  525): requestWilIfService()
04-20 14:44:03.076 D/PhoneApp(  525): --- networktype=[0]
04-20 14:44:03.077 D/Wilif   (  525): ifWilifServiceRequestSynchronization..
04-20 14:44:03.077 I/WILJNI  (  525): [0337]Java_com_android_phone_Wilif_wilJniRequest():wilJniRequest start wilRequestId:113 request:0x2ec0001d clsj:0xcb100021 MethodName:0x0 
04-20 14:44:03.083 I/WILJNI  (  525): [0976]wiljni_get_request_id():Start
04-20 14:44:03.083 D/WILJNI  (  525): [0978]wiljni_get_request_id():g_wiljni_requesttbl[0].request_id:102
04-20 14:44:03.088 D/WILJNI  (  525): [0978]wiljni_get_request_id():g_wiljni_requesttbl[1].request_id:103
04-20 14:44:03.088 D/WILJNI  (  525): [0978]wiljni_get_request_id():g_wiljni_requesttbl[2].request_id:105
04-20 14:44:03.088 D/WILJNI  (  525): [0978]wiljni_get_request_id():g_wiljni_requesttbl[3].request_id:106
04-20 14:44:03.088 D/WILJNI  (  525): [0978]wiljni_get_request_id():g_wiljni_requesttbl[4].request_id:107
04-20 14:44:03.089 D/WILJNI  (  525): [0978]wiljni_get_request_id():g_wiljni_requesttbl[5].request_id:108
04-20 14:44:03.089 D/WILJNI  (  525): [0978]wiljni_get_request_id():g_wiljni_requesttbl[6].request_id:109
04-20 14:44:03.089 D/WILJNI  (  525): [0978]wiljni_get_request_id():g_wiljni_requesttbl[7].request_id:110
04-20 14:44:03.089 D/WILJNI  (  525): [0978]wiljni_get_request_id():g_wiljni_requesttbl[8].request_id:111
04-20 14:44:03.089 D/WILJNI  (  525): [0978]wiljni_get_request_id():g_wiljni_requesttbl[9].request_id:112
04-20 14:44:03.089 D/WILJNI  (  525): [0978]wiljni_get_request_id():g_wiljni_requesttbl[10].request_id:113
04-20 14:44:03.090 D/WILJNI  (  525): [0980]wiljni_get_request_id():get g_wiljni_requesttbl[10].request_id:113
04-20 14:44:03.090 I/WILJNI  (  525): [0990]wiljni_get_request_id():End  cnt:10
04-20 14:44:03.090 D/WILJNI  (  525): [0394]Java_com_android_phone_Wilif_wilJniRequest():Request datalen:4
04-20 14:44:03.090 D/WILJNI  (  525): [0404]Java_com_android_phone_Wilif_wilJniRequest():Request data[0] = 0
04-20 14:44:03.090 D/WILJNI  (  525): [0409]Java_com_android_phone_Wilif_wilJniRequest():ReleaseByteArrayElements srcReq = 0x41789e48 
04-20 14:44:03.091 D/WILJNI  (  525): [0469]Java_com_android_phone_Wilif_wilJniRequest():tbl client_p:0x0 methodid:0x0 requestCallbackFunc:0x0
04-20 14:44:03.091 I/WILJNI  (  525): [0470]Java_com_android_phone_Wilif_wilJniRequest():wilRequestId:113 callbackflg:0 reqdata:0xbec52628 datalen:4
04-20 14:44:03.091 I/JNIIF   (  525): [0184]wilif_wilrequestfunc():start wilRequestId:113 callbackflg:0 request:0xbec52628 requestlen:4
04-20 14:44:03.091 D/JNIIF   (  525): [0204]wilif_wilrequestfunc():Sync mode 
04-20 14:44:03.091 I/WIL_XLIB(  525): [0262]WIL_onRequest():start
04-20 14:44:03.091 I/WIL-XLIB(  525): [0248]alloc_WILRequest():Start
04-20 14:44:03.091 I/WIL-XLIB(  525): [0258]alloc_WILRequest():End - 0x1915ed0
04-20 14:44:03.092 I/WIL_XLIB(  525): [0105]WIL_ListAdd():start
04-20 14:44:03.092 I/WIL_XLIB(  525): [0112]WIL_ListAdd():End - Empty Case
04-20 14:44:03.092 I/WIL_XLIB(  525): [0099]WIL_Send():Start requestlen=4
04-20 14:44:03.092 D/WIL-XLIB(  177): [0358]cmn_dumpMem():0x00000000  14 00 00 00 71 00 00 00 d0 5e 91 01 04 00 00 00  >....q....^......<
04-20 14:44:03.092 I/WILD    (  177): [0245]wiladp_readerloop():wilif thread read_wait
04-20 14:44:03.092 D/WIL-XLIB(  177): [0358]cmn_dumpMem():0x00000000  00 00 00 00                                      >....            <
04-20 14:44:03.092 I/WILD    (  177): [0355]wiladp_sendFuncseq():start 
04-20 14:44:03.092 I/WIL     (  177): [2888]sendWilRequest():request 113
04-20 14:44:03.092 I/WILD    (  177): [0396]wiladp_sendFuncseq():end 
04-20 14:44:03.092 I/WILD    (  177): [0245]wiladp_readerloop():wilif thread read_wait
04-20 14:44:03.092 I/WIL     (  177): [2844]send_mainLoop():getSignal-out g_closed=0, g_requestque.wilRequest=0x16eb2f4
04-20 14:44:03.092 I/WIL     (  177): [2855]send_mainLoop():WIL-D REQUEST 
04-20 14:44:03.092 I/WIL     (  177): [0610]wil_mainReq():start
04-20 14:44:03.092 D/WIL     (  177): [0617]wil_mainReq():request_id:113 cnt:12
04-20 14:44:03.092 I/WIL     (  177): [2115]wil_request_set_settinginfo_network_type():start
04-20 14:44:03.092 D/WIL     (  177): [2140]wil_request_set_settinginfo_network_type():data_net_type->network_type:0 
04-20 14:44:03.092 D/WIL     (  177): [2170]wil_request_set_settinginfo_network_type():get_before_cache network_type:0
04-20 14:44:03.092 D/WIL     (  177): [2184]wil_request_set_settinginfo_network_type():get_cache network_type:0 
04-20 14:44:03.092 I/WILD    (  177): [0415]wiladp_complete_sock():start!
04-20 14:44:03.092 D/WIL-XLIB(  177): [0358]cmn_dumpMem():0x00000000  14 00 00 00 71 00 00 00 d0 5e 91 01 00 00 00 00  >....q....^......<
04-20 14:44:03.092 D/WIL-XLIB(  177): [0358]cmn_dumpMem():0x00000010  00 00 00 00                                      >....            <
04-20 14:44:03.092 I/WILD    (  177): [0543]wiladp_freeWilRequest():start!
04-20 14:44:03.092 I/WILD    (  177): [0564]wiladp_freeWilRequest():end!
04-20 14:44:03.092 I/WILD    (  177): [0463]wiladp_complete_sock():end! 0
04-20 14:44:03.092 I/WIL     (  177): [2235]wil_request_set_settinginfo_network_type():end
04-20 14:44:03.092 I/WIL     (  177): [0634]wil_mainReq():End
04-20 14:44:03.092 I/WIL_XLIB(  525): [0222]recvLoop():ret=20
04-20 14:44:03.092 D/WIL-XLIB(  525): [0358]cmn_dumpMem():0x00000000  14 00 00 00 71 00 00 00 d0 5e 91 01 00 00 00 00  >....q....^......<
04-20 14:44:03.092 D/WIL-XLIB(  525): [0358]cmn_dumpMem():0x00000010  00 00 00 00                                      >....            <
04-20 14:44:03.092 D/WIL_XLIB(  525): [0230]recvLoop():length=20, command_id=113, token=0x1915ed0, errno=0, reslen=0, res[0]=0
04-20 14:44:03.092 I/WIL_XLIB(  525): [0264]recvLoop():read() request...
04-20 14:44:03.092 I/WIL_XLIB(  525): [0279]recvLoop():ret=0, len=20, cmd=00000071, xfer.token=0x1915ed0, err=0, res=0x51865e40, reslen=0
04-20 14:44:03.092 I/WIL_XLIB(  525): [0198]WIL_ListFindReq():start
04-20 14:44:03.092 I/WIL_XLIB(  525): [0203]WIL_ListFindReq():End - 0x1915ed0
04-20 14:44:03.092 I/WIL_XLIB(  525): [0293]recvLoop():Signal on SYNC...
04-20 14:44:03.092 I/WIL_XLIB(  525): [0219]recvLoop():read() header...
04-20 14:44:03.093 I/WIL_XLIB(  525): [0125]WIL_Send():End - Send OK
04-20 14:44:03.093 I/WIL_XLIB(  525): [0420]WIL_onWait():Start
04-20 14:44:03.093 I/WIL_XLIB(  525): [0428]WIL_onWait():End
04-20 14:44:03.093 I/WIL_XLIB(  525): [0131]WIL_ListRemove():start
04-20 14:44:03.093 I/WIL_XLIB(  525): [0143]WIL_ListRemove():End - Begin
04-20 14:44:03.093 I/WIL_XLIB(  525): [0305]WIL_onRequest():End - Sync wilReq=0x1915ed0
04-20 14:44:03.093 I/JNIIF   (  525): [0210]wilif_wilrequestfunc():end
04-20 14:44:03.093 D/WILJNI  (  525): [0476]Java_com_android_phone_Wilif_wilJniRequest():wilJniRequest reReq cashe
04-20 14:44:03.093 D/WILJNI  (  525): [0478]Java_com_android_phone_Wilif_wilJniRequest():wilJniRequest callback wilReq cashe
04-20 14:44:03.093 I/WILJNI  (  525): [1043]createBytesfromWIL_Request():Start
04-20 14:44:03.093 I/WILJNI  (  525): [1055]createBytesfromWIL_Request():Id:113 Errno:0 len:0
04-20 14:44:03.093 I/WILJNI  (  525): [1059]createBytesfromWIL_Request():NewByteArray
04-20 14:44:03.093 I/WILJNI  (  525): [1067]createBytesfromWIL_Request():GetByteArrayElements
04-20 14:44:03.093 I/WILJNI  (  525): [1075]createBytesfromWIL_Request():Request mode - req->wilRequestId:113  req->wilErrno:0
04-20 14:44:03.093 I/WILJNI  (  525): [1093]createBytesfromWIL_Request():datalen:8
04-20 14:44:03.093 D/WILJNI  (  525): [1097]createBytesfromWIL_Request():data[0]:71
04-20 14:44:03.093 D/WILJNI  (  525): [1097]createBytesfromWIL_Request():data[1]:0
04-20 14:44:03.093 D/WILJNI  (  525): [1097]createBytesfromWIL_Request():data[2]:0
04-20 14:44:03.093 D/WILJNI  (  525): [1097]createBytesfromWIL_Request():data[3]:0
04-20 14:44:03.093 D/WILJNI  (  525): [1097]createBytesfromWIL_Request():data[4]:0
04-20 14:44:03.093 D/WILJNI  (  525): [1097]createBytesfromWIL_Request():data[5]:0
04-20 14:44:03.093 D/WILJNI  (  525): [1097]createBytesfromWIL_Request():data[6]:0
04-20 14:44:03.093 D/WILJNI  (  525): [1097]createBytesfromWIL_Request():data[7]:0
04-20 14:44:03.093 I/WILJNI  (  525): [1103]createBytesfromWIL_Request():End
04-20 14:44:03.094 I/WILJNI  (  525): [0508]Java_com_android_phone_Wilif_wilJniRequest():wilJniRequest end dstj:0xc6500025
04-20 14:44:03.094 D/Wilif   (  525): wilJniRequest--> wilRequestId:113,request:[0,0,0],requestCallbackMethodName:null
04-20 14:44:03.102 D/Wilif   (  525): wilJniFree--> req:[113,0,0]
04-20 14:44:03.102 D/Wilif   (  525): UTexec wilJniFree..
04-20 14:44:03.102 I/WILJNI  (  525): [0539]Java_com_android_phone_Wilif_wilJniFree():wilJniFree start req:0x2f20001d
04-20 14:44:03.102 I/WILJNI  (  525): [0563]Java_com_android_phone_Wilif_wilJniFree():reqid:113
04-20 14:44:03.102 D/WILJNI  (  525): [0571]Java_com_android_phone_Wilif_wilJniFree():ReleaseByteArrayElements srcReq = 0x41789ee0 
04-20 14:44:03.102 I/WILJNI  (  525): [0976]wiljni_get_request_id():Start
04-20 14:44:03.102 D/WILJNI  (  525): [0978]wiljni_get_request_id():g_wiljni_requesttbl[0].request_id:102
04-20 14:44:03.102 D/WILJNI  (  525): [0978]wiljni_get_request_id():g_wiljni_requesttbl[1].request_id:103
