04-20 14:43:40.677 V/AudioHardwareMSM7X30(  126): Found device: speaker_camera_sound_rx:index = 35,dev_id: 26
04-20 14:43:40.677 V/AudioHardwareMSM7X30(  126): class ID = 0,capablity = 5 for device 26
04-20 14:43:40.677 V/AudioHardwareMSM7X30(  126): index = 24
04-20 14:43:40.677 V/AudioHardwareMSM7X30(  126): Found device: bt_sco_ec_off_rx:index = 24,dev_id: 27
04-20 14:43:40.677 V/AudioHardwareMSM7X30(  126): class ID = 1,capablity = 5 for device 27
04-20 14:43:40.677 V/AudioHardwareMSM7X30(  126): index = 25
04-20 14:43:40.677 V/AudioHardwareMSM7X30(  126): Found device: bt_sco_ec_off_tx:index = 25,dev_id: 28
04-20 14:43:40.677 V/AudioHardwareMSM7X30(  126): class ID = 1,capablity = 6 for device 28
04-20 14:43:40.677 V/AudioHardwareMSM7X30(  126): index = 34
04-20 14:43:40.677 V/AudioHardwareMSM7X30(  126): Found device: speaker_mono_for_vrec_tx:index = 34,dev_id: 29
04-20 14:43:40.677 V/AudioHardwareMSM7X30(  126): class ID = 0,capablity = 6 for device 29
04-20 14:43:40.677 V/AudioHardwareMSM7X30(  126): index = 19
04-20 14:43:40.677 V/AudioHardwareMSM7X30(  126): Found device: guidance_rx:index = 19,dev_id: 30
04-20 14:43:40.677 V/AudioHardwareMSM7X30(  126): class ID = 0,capablity = 5 for device 30
04-20 14:43:40.677 V/AudioHardwareMSM7X30(  126): index = 20
04-20 14:43:40.677 V/AudioHardwareMSM7X30(  126): Found device: guidance_tx:index = 20,dev_id: 31
04-20 14:43:40.677 V/AudioHardwareMSM7X30(  126): class ID = 0,capablity = 6 for device 31
04-20 14:43:40.677 V/AudioHardwareMSM7X30(  126): index = 21
04-20 14:43:40.677 V/AudioHardwareMSM7X30(  126): Found device: speaker_mono_for_sleep_tx:index = 21,dev_id: 32
04-20 14:43:40.677 V/AudioHardwareMSM7X30(  126): class ID = 0,capablity = 6 for device 32
04-20 14:43:40.677 V/AudioHardwareMSM7X30(  126): index = 22
04-20 14:43:40.677 V/AudioHardwareMSM7X30(  126): Found device: dummy_rx:index = 22,dev_id: 33
04-20 14:43:40.678 V/AudioHardwareMSM7X30(  126): class ID = 0,capablity = 5 for device 33
04-20 14:43:40.678 V/AudioHardwareMSM7X30(  126): index = 23
04-20 14:43:40.678 V/AudioHardwareMSM7X30(  126): Found device: dummy_tx:index = 23,dev_id: 34
04-20 14:43:40.678 V/AudioHardwareMSM7X30(  126): class ID = 0,capablity = 6 for device 34
04-20 14:43:40.678 V/AudioHardwareMSM7X30(  126): index = 38
04-20 14:43:40.678 V/AudioHardwareMSM7X30(  126): Found device: handset_voice_rx:index = 38,dev_id: 35
04-20 14:43:40.678 V/AudioHardwareMSM7X30(  126): class ID = 0,capablity = 5 for device 35
04-20 14:43:40.678 V/AudioHardwareMSM7X30(  126): index = 39
04-20 14:43:40.678 V/AudioHardwareMSM7X30(  126): Found device: handset_voice_tx:index = 39,dev_id: 36
04-20 14:43:40.678 V/AudioHardwareMSM7X30(  126): class ID = 0,capablity = 6 for device 36
04-20 14:43:40.678 V/AudioHardwareMSM7X30(  126): index = 40
04-20 14:43:40.678 V/AudioHardwareMSM7X30(  126): Found device: speaker_stereo_voice_rx:index = 40,dev_id: 37
04-20 14:43:40.678 V/AudioHardwareMSM7X30(  126): class ID = 0,capablity = 5 for device 37
04-20 14:43:40.678 V/AudioHardwareMSM7X30(  126): index = 41
04-20 14:43:40.678 V/AudioHardwareMSM7X30(  126): Found device: speaker_mono_voice_tx:index = 41,dev_id: 38
04-20 14:43:40.678 V/AudioHardwareMSM7X30(  126): class ID = 0,capablity = 6 for device 38
04-20 14:43:40.678 V/AudioHardwareMSM7X30(  126): index = 42
04-20 14:43:40.678 V/AudioHardwareMSM7X30(  126): Found device: headset_stereo_voice_rx:index = 42,dev_id: 39
04-20 14:43:40.678 V/AudioHardwareMSM7X30(  126): class ID = 0,capablity = 5 for device 39
04-20 14:43:40.678 V/AudioHardwareMSM7X30(  126): index = 43
04-20 14:43:40.678 V/AudioHardwareMSM7X30(  126): Found device: headset_mono_voice_tx:index = 43,dev_id: 40
04-20 14:43:40.678 V/AudioHardwareMSM7X30(  126): class ID = 0,capablity = 6 for device 40
04-20 14:43:40.678 V/AudioHardwareMSM7X30(  126): index = 37
04-20 14:43:40.678 V/AudioHardwareMSM7X30(  126): Found device: handset_back_tx:index = 37,dev_id: 41
04-20 14:43:40.678 V/AudioHardwareMSM7X30(  126): class ID = 0,capablity = 6 for device 41
04-20 14:43:40.678 V/AudioHardwareMSM7X30(  126): index = 26
04-20 14:43:40.678 V/AudioHardwareMSM7X30(  126): Found device: camrec_tx:index = 26,dev_id: 42
04-20 14:43:40.678 V/AudioHardwareMSM7X30(  126): class ID = 0,capablity = 6 for device 42
04-20 14:43:40.680 I/WIL_XLIB(  126): [0440]WIL_init():Start
04-20 14:43:40.680 I/WIL_XLIB(  126): [0458]WIL_init():Waiting initRecvDone=0
04-20 14:43:40.680 I/WIL_XLIB(  126): [0185]recvLoop():Start
04-20 14:43:40.680 I/WILD    (  177): [0172]wiladp_mainloop():accepted... 
04-20 14:43:40.680 I/WILD    (  177): [0165]wiladp_mainloop():In accept loop!! 
04-20 14:43:40.680 I/WIL_XLIB(  126): [0205]recvLoop():socket_local_client() READY!
04-20 14:43:40.680 I/WIL_XLIB(  126): [0480]WIL_init():End rslt=0x41846014
04-20 14:43:40.681 I/WIL_XLIB(  126): [0214]recvLoop():socket_local_client() fd=12
04-20 14:43:40.681 I/WIL_XLIB(  126): [0219]recvLoop():read() header...
04-20 14:43:40.681 I/WILD    (  177): [0229]wiladp_readerloop():start 
04-20 14:43:40.681 I/WILD    (  177): [0245]wiladp_readerloop():wilif thread read_wait
04-20 14:43:40.683 E/        (  126): libaudcal: acph_init() - Allocated memory for acph_main_buffer!!
04-20 14:43:40.683 E/        (  126): actp_diag_init: call diag init function with 4183F3B1
04-20 14:43:40.689 D/AudioHardwareMSM7X30(  126): headsethook 14 0
04-20 14:43:40.689 D/AudioHardwareMSM7X30(  126): vovo diable dual mic
04-20 14:43:40.689 D/AudioHardwareMSM7X30(  126): vovo disable P-sensor interrupt notificarion
04-20 14:43:40.698 I/AudioHardwareMSM7X30(  126): Set master volume to 7.
04-20 14:43:40.698 V/AudioHardwareMSM7X30(  126): set_volume_rpc(0, 0, 7)
04-20 14:43:40.698 V/AudioHardwareMSM7X30(  126): set_volume_rpc(1, 0, 7)
04-20 14:43:40.698 V/AudioHardwareMSM7X30(  126): set_volume_rpc(6, 0, 7)
04-20 14:43:40.698 V/AudioHardwareMSM7X30(  126): set_volume_rpc(2, 0, 7)
04-20 14:43:40.738 W/AudioFlinger(  126): Thread AudioOut_1 cannot connect to the power manager service
04-20 14:43:40.738 V/AudioHardwareMSM7X30(  126): AudioStreamOutMSM72xx::setParameters() routing=2
04-20 14:43:40.738 V/AudioHardwareMSM7X30(  126): set output routing 2
04-20 14:43:40.738 I/AudioHardwareMSM7X30(  126): Routing audio to Speakerphone
04-20 14:43:40.738 V/AudioHardwareMSM7X30(  126): doAudioRouteOrMute() device 1, mMode 0, mMicMute 1
04-20 14:43:40.738 V/AudioHardwareMSM7X30(  126): do_route_audio_rpc(1, 1, 1)
04-20 14:43:40.738 V/AudioHardwareMSM7X30(  126): In SPEAKER
04-20 14:43:40.738 D/AudioHardwareMSM7X30(  126): new_rx = 2
04-20 14:43:40.738 D/AudioHardwareMSM7X30(  126): new_tx = 3
04-20 14:43:40.738 D/AudioHardwareMSM7X30(  126): WIL_REQUEST_SET_SETTINGINFO_DEVICE 2 st
04-20 14:43:40.738 I/WIL_XLIB(  126): [0262]WIL_onRequest():start
04-20 14:43:40.738 I/WIL-XLIB(  126): [0248]alloc_WILRequest():Start
04-20 14:43:40.738 I/WIL-XLIB(  126): [0258]alloc_WILRequest():End - 0xe0c648
04-20 14:43:40.738 I/WIL_XLIB(  126): [0105]WIL_ListAdd():start
04-20 14:43:40.738 I/WIL_XLIB(  126): [0112]WIL_ListAdd():End - Empty Case
04-20 14:43:40.738 I/WIL_XLIB(  126): [0099]WIL_Send():Start requestlen=4
04-20 14:43:40.738 D/WIL-XLIB(  177): [0358]cmn_dumpMem():0x00000000  14 00 00 00 6a 00 00 00 48 c6 e0 00 04 00 00 00  >....j...H.......<
04-20 14:43:40.738 I/WILD    (  177): [0245]wiladp_readerloop():wilif thread read_wait
04-20 14:43:40.738 D/WIL-XLIB(  177): [0358]cmn_dumpMem():0x00000000  02 00 00 00                                      >....            <
04-20 14:43:40.738 I/WILD    (  177): [0355]wiladp_sendFuncseq():start 
04-20 14:43:40.738 I/WIL     (  177): [2888]sendWilRequest():request 106
04-20 14:43:40.738 I/WILD    (  177): [0396]wiladp_sendFuncseq():end 
04-20 14:43:40.738 I/WILD    (  177): [0245]wiladp_readerloop():wilif thread read_wait
04-20 14:43:40.738 I/WIL_XLIB(  126): [0125]WIL_Send():End - Send OK
04-20 14:43:40.738 I/WIL_XLIB(  126): [0420]WIL_onWait():Start
04-20 14:43:40.761 D/DrmPVPlugIn(  125): IDrmEngine::create DrmPVPlugIn
04-20 14:43:40.761 D/DrmPVPlugIn(  125): DrmPVPlugIn::DrmPVPlugIn()
04-20 14:43:40.761 D/DrmPVPlugIn(  125): DrmPVPlugIn::onGetSupportInfo : 0
04-20 14:43:40.799 D/DrmPVPlugIn(  125): DrmPVPlugIn::onGetSupportInfo : 0
04-20 14:43:41.026 E/        (  123): DEBUG_CALC_FPS: 0
04-20 14:43:41.026 E/        (  123): period: 10
04-20 14:43:41.026 E/        (  123): ignorethresh_us: 500000
04-20 14:43:41.026 E/OverlayLIB(  123): cannot open framebuffer(1)
04-20 14:43:41.026 E/msm7630_surf.hwcomposer(  123): overlay::initOverlay() ERROR!!
04-20 14:43:41.067 I/ONCRPC  (  182): Setup RPC Call for task 40267270
04-20 14:43:41.067 I/ONCRPC  (  182): oncrpc_xdr_call_msg_start: Prog: 300200a2, Ver: 00010001, Proc: 00000001
04-20 14:43:41.067 I/ONCRPC  (  182): xdr_std_msg_send_call: Sent Xid: 0, Prog: 300200a2, Ver: 00010001, Proc: 00000001
04-20 14:43:41.068 I/ONCRPC  (  182): xdr_std_msg_send_call: Received Reply Xid: 0, Prog: 300200a2, Ver: 00010001, Proc: 00000001
04-20 14:43:41.068 I/ONCRPC  (  182): Setup RPC Call for task 40267270
04-20 14:43:41.068 I/ONCRPC  (  182): oncrpc_xdr_call_msg_start: Prog: 300200a2, Ver: 00010001, Proc: 00000001
04-20 14:43:41.069 I/ONCRPC  (  182): xdr_std_msg_send_call: Sent Xid: 1, Prog: 300200a2, Ver: 00010001, Proc: 00000001
04-20 14:43:41.069 I/ONCRPC  (  182): xdr_std_msg_send_call: Received Reply Xid: 1, Prog: 300200a2, Ver: 00010001, Proc: 00000001
04-20 14:43:41.112 E/SurfaceTexture(  123): [unnamed-123-0] setDefaultBufferSize: dimensions cannot be 0 (w=0, h=0)
04-20 14:43:41.305 D/memalloc(  123): init_pmem_area: Initializing pmem area
04-20 14:43:41.305 D/memalloc(  123): init_pmem_area_locked: Opening master pmem FD
04-20 14:43:41.305 D/memalloc(  123): init_pmem_area_locked: Total pmem size: 24117248
04-20 14:43:41.306 D/memalloc(  123): /dev/pmem: Allocated buffer base:0x41ed6000 size:1536000 offset:0 fd:28
04-20 14:43:41.311 D/memalloc(  300): /dev/pmem: Mapped buffer base:0x4119e000 size:1536000 offset:0 fd:14
04-20 14:43:41.428 D/memalloc(  123): /dev/pmem: Allocated buffer base:0x41ed6000 size:1536000 offset:1536000 fd:31
04-20 14:43:41.433 D/memalloc(  300): /dev/pmem: Mapped buffer base:0x417bf000 size:3072000 offset:1536000 fd:22
04-20 14:43:41.523 D/memalloc(  123): /dev/pmem: Allocated buffer base:0x41ed6000 size:1536000 offset:3072000 fd:34
04-20 14:43:41.528 D/memalloc(  300): /dev/pmem: Mapped buffer base:0x41aad000 size:4608000 offset:3072000 fd:25
04-20 14:43:41.855 I/SamplingProfilerIntegration(  124): Profiling disabled.
04-20 14:43:41.878 I/Zygote  (  124): Preloading classes...
04-20 14:43:41.906 I/ONCRPC  (  181): Setup RPC Call for task 4024e270
04-20 14:43:41.906 I/ONCRPC  (  181): oncrpc_xdr_call_msg_start: Prog: 300200a2, Ver: 00010001, Proc: 00000001
04-20 14:43:41.906 I/ONCRPC  (  181): xdr_std_msg_send_call: Sent Xid: 0, Prog: 300200a2, Ver: 00010001, Proc: 00000001
04-20 14:43:41.909 I/ONCRPC  (  181): xdr_std_msg_send_call: Received Reply Xid: 0, Prog: 300200a2, Ver: 00010001, Proc: 00000001
04-20 14:43:41.919 I/ONCRPC  (  181): Setup RPC Call for task 4024e270
04-20 14:43:41.919 I/ONCRPC  (  181): oncrpc_xdr_call_msg_start: Prog: 300200a2, Ver: 00010001, Proc: 00000001
04-20 14:43:41.919 I/ONCRPC  (  181): xdr_std_msg_send_call: Sent Xid: 1, Prog: 300200a2, Ver: 00010001, Proc: 00000001
04-20 14:43:41.922 I/ONCRPC  (  181): xdr_std_msg_send_call: Received Reply Xid: 1, Prog: 300200a2, Ver: 00010001, Proc: 00000001
04-20 14:43:41.932 I/ONCRPC  (  181): Setup RPC Call for task 4024e270
04-20 14:43:41.932 I/ONCRPC  (  181): oncrpc_xdr_call_msg_start: Prog: 300200a2, Ver: 00010001, Proc: 00000001
04-20 14:43:41.933 I/ONCRPC  (  181): xdr_std_msg_send_call: Sent Xid: 2, Prog: 300200a2, Ver: 00010001, Proc: 00000001
04-20 14:43:41.935 I/ONCRPC  (  181): xdr_std_msg_send_call: Received Reply Xid: 2, Prog: 300200a2, Ver: 00010001, Proc: 00000001
04-20 14:43:41.946 I/ONCRPC  (  181): Setup RPC Call for task 4024e270
04-20 14:43:41.946 I/ONCRPC  (  181): oncrpc_xdr_call_msg_start: Prog: 300200a2, Ver: 00010001, Proc: 00000001
04-20 14:43:41.946 I/ONCRPC  (  181): xdr_std_msg_send_call: Sent Xid: 3, Prog: 300200a2, Ver: 00010001, Proc: 00000001
04-20 14:43:41.949 I/ONCRPC  (  181): xdr_std_msg_send_call: Received Reply Xid: 3, Prog: 300200a2, Ver: 00010001, Proc: 00000001
04-20 14:43:41.960 I/ONCRPC  (  181): Setup RPC Call for task 4024e270
04-20 14:43:41.960 I/ONCRPC  (  181): oncrpc_xdr_call_msg_start: Prog: 300200a2, Ver: 00010001, Proc: 00000001
04-20 14:43:41.960 I/ONCRPC  (  181): xdr_std_msg_send_call: Sent Xid: 4, Prog: 300200a2, Ver: 00010001, Proc: 00000001
04-20 14:43:41.962 I/ONCRPC  (  181): xdr_std_msg_send_call: Received Reply Xid: 4, Prog: 300200a2, Ver: 00010001, Proc: 00000001
04-20 14:43:41.972 I/ONCRPC  (  181): Setup RPC Call for task 4024e270
04-20 14:43:41.972 I/ONCRPC  (  181): oncrpc_xdr_call_msg_start: Prog: 300200a2, Ver: 00010001, Proc: 00000001
04-20 14:43:41.973 I/ONCRPC  (  181): xdr_std_msg_send_call: Sent Xid: 5, Prog: 300200a2, Ver: 00010001, Proc: 00000001
04-20 14:43:41.975 I/ONCRPC  (  181): xdr_std_msg_send_call: Received Reply Xid: 5, Prog: 300200a2, Ver: 00010001, Proc: 00000001
04-20 14:43:41.985 I/ONCRPC  (  181): Setup RPC Call for task 4024e270
04-20 14:43:41.985 I/ONCRPC  (  181): oncrpc_xdr_call_msg_start: Prog: 300200a2, Ver: 00010001, Proc: 00000001
04-20 14:43:41.985 I/ONCRPC  (  181): xdr_std_msg_send_call: Sent Xid: 6, Prog: 300200a2, Ver: 00010001, Proc: 00000001
04-20 14:43:41.988 I/ONCRPC  (  181): xdr_std_msg_send_call: Received Reply Xid: 6, Prog: 300200a2, Ver: 00010001, Proc: 00000001
04-20 14:43:41.998 I/ONCRPC  (  181): Setup RPC Call for task 4024e270
04-20 14:43:41.998 I/ONCRPC  (  181): oncrpc_xdr_call_msg_start: Prog: 300200a2, Ver: 00010001, Proc: 00000001
04-20 14:43:41.999 I/ONCRPC  (  181): xdr_std_msg_send_call: Sent Xid: 7, Prog: 300200a2, Ver: 00010001, Proc: 00000001
04-20 14:43:42.002 I/ONCRPC  (  181): xdr_std_msg_send_call: Received Reply Xid: 7, Prog: 300200a2, Ver: 00010001, Proc: 00000001
04-20 14:43:42.012 I/ONCRPC  (  181): Setup RPC Call for task 4024e270
04-20 14:43:42.012 I/ONCRPC  (  181): oncrpc_xdr_call_msg_start: Prog: 300200a2, Ver: 00010001, Proc: 00000001
04-20 14:43:42.012 I/ONCRPC  (  181): xdr_std_msg_send_call: Sent Xid: 8, Prog: 300200a2, Ver: 00010001, Proc: 00000001
04-20 14:43:42.015 I/ONCRPC  (  181): xdr_std_msg_send_call: Received Reply Xid: 8, Prog: 300200a2, Ver: 00010001, Proc: 00000001
04-20 14:43:42.025 I/ONCRPC  (  181): Setup RPC Call for task 4024e270
04-20 14:43:42.025 I/ONCRPC  (  181): oncrpc_xdr_call_msg_start: Prog: 300200a2, Ver: 00010001, Proc: 00000001
04-20 14:43:42.025 I/ONCRPC  (  181): xdr_std_msg_send_call: Sent Xid: 9, Prog: 300200a2, Ver: 00010001, Proc: 00000001
04-20 14:43:42.028 I/ONCRPC  (  181): xdr_std_msg_send_call: Received Reply Xid: 9, Prog: 300200a2, Ver: 00010001, Proc: 00000001
04-20 14:43:42.038 I/ONCRPC  (  181): Setup RPC Call for task 4024e270
04-20 14:43:42.038 I/ONCRPC  (  181): oncrpc_xdr_call_msg_start: Prog: 300200a2, Ver: 00010001, Proc: 00000001
04-20 14:43:42.038 I/ONCRPC  (  181): xdr_std_msg_send_call: Sent Xid: a, Prog: 300200a2, Ver: 00010001, Proc: 00000001
04-20 14:43:42.040 I/ONCRPC  (  181): xdr_std_msg_send_call: Received Reply Xid: a, Prog: 300200a2, Ver: 00010001, Proc: 00000001
04-20 14:43:42.051 I/ONCRPC  (  181): Setup RPC Call for task 4024e270
04-20 14:43:42.051 I/ONCRPC  (  181): oncrpc_xdr_call_msg_start: Prog: 300200a2, Ver: 00010001, Proc: 00000001
04-20 14:43:42.051 I/ONCRPC  (  181): xdr_std_msg_send_call: Sent Xid: b, Prog: 300200a2, Ver: 00010001, Proc: 00000001
04-20 14:43:42.054 I/ONCRPC  (  181): xdr_std_msg_send_call: Received Reply Xid: b, Prog: 300200a2, Ver: 00010001, Proc: 00000001
04-20 14:43:42.064 I/ONCRPC  (  181): Setup RPC Call for task 4024e270
04-20 14:43:42.064 I/ONCRPC  (  181): oncrpc_xdr_call_msg_start: Prog: 300200a2, Ver: 00010001, Proc: 00000001
04-20 14:43:42.064 I/ONCRPC  (  181): xdr_std_msg_send_call: Sent Xid: c, Prog: 300200a2, Ver: 00010001, Proc: 00000001
04-20 14:43:42.067 I/ONCRPC  (  181): xdr_std_msg_send_call: Received Reply Xid: c, Prog: 300200a2, Ver: 00010001, Proc: 00000001
04-20 14:43:42.077 I/ONCRPC  (  181): Setup RPC Call for task 4024e270
04-20 14:43:42.077 I/ONCRPC  (  181): oncrpc_xdr_call_msg_start: Prog: 300200a2, Ver: 00010001, Proc: 00000001
04-20 14:43:42.077 I/ONCRPC  (  181): xdr_std_msg_send_call: Sent Xid: d, Prog: 300200a2, Ver: 00010001, Proc: 00000001
04-20 14:43:42.080 I/ONCRPC  (  181): xdr_std_msg_send_call: Received Reply Xid: d, Prog: 300200a2, Ver: 00010001, Proc: 00000001
04-20 14:43:42.090 I/ONCRPC  (  181): Setup RPC Call for task 4024e270
04-20 14:43:42.090 I/ONCRPC  (  181): oncrpc_xdr_call_msg_start: Prog: 300200a2, Ver: 00010001, Proc: 00000001
04-20 14:43:42.090 I/ONCRPC  (  181): xdr_std_msg_send_call: Sent Xid: e, Prog: 300200a2, Ver: 00010001, Proc: 00000001
04-20 14:43:42.093 I/ONCRPC  (  181): xdr_std_msg_send_call: Received Reply Xid: e, Prog: 300200a2, Ver: 00010001, Proc: 00000001
04-20 14:43:42.103 I/ONCRPC  (  181): Setup RPC Call for task 4024e270
04-20 14:43:42.103 I/ONCRPC  (  181): oncrpc_xdr_call_msg_start: Prog: 300200a2, Ver: 00010001, Proc: 00000001
04-20 14:43:42.103 I/ONCRPC  (  181): xdr_std_msg_send_call: Sent Xid: f, Prog: 300200a2, Ver: 00010001, Proc: 00000001
04-20 14:43:42.106 I/ONCRPC  (  181): xdr_std_msg_send_call: Received Reply Xid: f, Prog: 300200a2, Ver: 00010001, Proc: 00000001
04-20 14:43:42.116 I/ONCRPC  (  181): Setup RPC Call for task 4024e270
04-20 14:43:42.116 I/ONCRPC  (  181): oncrpc_xdr_call_msg_start: Prog: 300200a2, Ver: 00010001, Proc: 00000001
04-20 14:43:42.116 I/ONCRPC  (  181): xdr_std_msg_send_call: Sent Xid: 10, Prog: 300200a2, Ver: 00010001, Proc: 00000001
04-20 14:43:42.119 I/ONCRPC  (  181): xdr_std_msg_send_call: Received Reply Xid: 10, Prog: 300200a2, Ver: 00010001, Proc: 00000001
04-20 14:43:42.129 I/ONCRPC  (  181): Setup RPC Call for task 4024e270
04-20 14:43:42.129 I/ONCRPC  (  181): oncrpc_xdr_call_msg_start: Prog: 300200a2, Ver: 00010001, Proc: 00000001
04-20 14:43:42.129 I/ONCRPC  (  181): xdr_std_msg_send_call: Sent Xid: 11, Prog: 300200a2, Ver: 00010001, Proc: 00000001
04-20 14:43:42.132 I/ONCRPC  (  181): xdr_std_msg_send_call: Received Reply Xid: 11, Prog: 300200a2, Ver: 00010001, Proc: 00000001
04-20 14:43:42.142 I/ONCRPC  (  181): Setup RPC Call for task 4024e270
04-20 14:43:42.142 I/ONCRPC  (  181): oncrpc_xdr_call_msg_start: Prog: 300200a2, Ver: 00010001, Proc: 00000001
04-20 14:43:42.142 I/ONCRPC  (  181): xdr_std_msg_send_call: Sent Xid: 12, Prog: 300200a2, Ver: 00010001, Proc: 00000001
04-20 14:43:42.145 I/ONCRPC  (  181): xdr_std_msg_send_call: Received Reply Xid: 12, Prog: 300200a2, Ver: 00010001, Proc: 00000001
04-20 14:43:42.155 I/ONCRPC  (  181): Setup RPC Call for task 4024e270
04-20 14:43:42.155 I/ONCRPC  (  181): oncrpc_xdr_call_msg_start: Prog: 300200a2, Ver: 00010001, Proc: 00000001
04-20 14:43:42.155 I/ONCRPC  (  181): xdr_std_msg_send_call: Sent Xid: 13, Prog: 300200a2, Ver: 00010001, Proc: 00000001
04-20 14:43:42.158 I/ONCRPC  (  181): xdr_std_msg_send_call: Received Reply Xid: 13, Prog: 300200a2, Ver: 00010001, Proc: 00000001
04-20 14:43:42.168 I/ONCRPC  (  181): Setup RPC Call for task 4024e270
04-20 14:43:42.168 I/ONCRPC  (  181): oncrpc_xdr_call_msg_start: Prog: 300200a2, Ver: 00010001, Proc: 00000001
04-20 14:43:42.168 I/ONCRPC  (  181): xdr_std_msg_send_call: Sent Xid: 14, Prog: 300200a2, Ver: 00010001, Proc: 00000001
04-20 14:43:42.171 I/ONCRPC  (  181): xdr_std_msg_send_call: Received Reply Xid: 14, Prog: 300200a2, Ver: 00010001, Proc: 00000001
04-20 14:43:42.181 I/ONCRPC  (  181): Setup RPC Call for task 4024e270
04-20 14:43:42.181 I/ONCRPC  (  181): oncrpc_xdr_call_msg_start: Prog: 300200a2, Ver: 00010001, Proc: 00000001
04-20 14:43:42.181 I/ONCRPC  (  181): xdr_std_msg_send_call: Sent Xid: 15, Prog: 300200a2, Ver: 00010001, Proc: 00000001
04-20 14:43:42.184 I/ONCRPC  (  181): xdr_std_msg_send_call: Received Reply Xid: 15, Prog: 300200a2, Ver: 00010001, Proc: 00000001
04-20 14:43:42.187 W/Zygote  (  124): Class not found for preloading: android.media.AudioManager$2
04-20 14:43:42.195 I/ONCRPC  (  181): Setup RPC Call for task 4024e270
04-20 14:43:42.195 I/ONCRPC  (  181): oncrpc_xdr_call_msg_start: Prog: 300200a2, Ver: 00010001, Proc: 00000001
04-20 14:43:42.195 I/ONCRPC  (  181): xdr_std_msg_send_call: Sent Xid: 16, Prog: 300200a2, Ver: 00010001, Proc: 00000001
04-20 14:43:42.198 I/ONCRPC  (  181): xdr_std_msg_send_call: Received Reply Xid: 16, Prog: 300200a2, Ver: 00010001, Proc: 00000001
04-20 14:43:42.208 I/ONCRPC  (  181): Setup RPC Call for task 4024e270
04-20 14:43:42.208 I/ONCRPC  (  181): oncrpc_xdr_call_msg_start: Prog: 300200a2, Ver: 00010001, Proc: 00000001
04-20 14:43:42.208 I/ONCRPC  (  181): xdr_std_msg_send_call: Sent Xid: 17, Prog: 300200a2, Ver: 00010001, Proc: 00000001
04-20 14:43:42.211 I/ONCRPC  (  181): xdr_std_msg_send_call: Received Reply Xid: 17, Prog: 300200a2, Ver: 00010001, Proc: 00000001
04-20 14:43:42.221 I/ONCRPC  (  181): Setup RPC Call for task 4024e270
04-20 14:43:42.221 I/ONCRPC  (  181): oncrpc_xdr_call_msg_start: Prog: 300200a2, Ver: 00010001, Proc: 00000001
04-20 14:43:42.221 I/ONCRPC  (  181): xdr_std_msg_send_call: Sent Xid: 18, Prog: 300200a2, Ver: 00010001, Proc: 00000001
04-20 14:43:42.224 I/ONCRPC  (  181): xdr_std_msg_send_call: Received Reply Xid: 18, Prog: 300200a2, Ver: 00010001, Proc: 00000001
04-20 14:43:42.234 I/ONCRPC  (  181): Setup RPC Call for task 4024e270
04-20 14:43:42.234 I/ONCRPC  (  181): oncrpc_xdr_call_msg_start: Prog: 300200a2, Ver: 00010001, Proc: 00000001
04-20 14:43:42.234 I/ONCRPC  (  181): xdr_std_msg_send_call: Sent Xid: 19, Prog: 300200a2, Ver: 00010001, Proc: 00000001
04-20 14:43:42.237 I/ONCRPC  (  181): xdr_std_msg_send_call: Received Reply Xid: 19, Prog: 300200a2, Ver: 00010001, Proc: 00000001
04-20 14:43:42.247 I/ONCRPC  (  181): Setup RPC Call for task 4024e270
04-20 14:43:42.247 I/ONCRPC  (  181): oncrpc_xdr_call_msg_start: Prog: 300200a2, Ver: 00010001, Proc: 00000001
04-20 14:43:42.247 I/ONCRPC  (  181): xdr_std_msg_send_call: Sent Xid: 1a, Prog: 300200a2, Ver: 00010001, Proc: 00000001
04-20 14:43:42.250 I/ONCRPC  (  181): xdr_std_msg_send_call: Received Reply Xid: 1a, Prog: 300200a2, Ver: 00010001, Proc: 00000001
04-20 14:43:42.252 V/MediaProfilesJNI(  124): native_init
04-20 14:43:42.256 V/MediaProfilesJNI(  124): native_init
04-20 14:43:42.257 W/Zygote  (  124): Class not found for preloading: android.media.IRemoteControlClientDispatcher
04-20 14:43:42.257 W/Zygote  (  124): Class not found for preloading: android.media.IRemoteControlClientDispatcher$Stub
04-20 14:43:42.261 I/ONCRPC  (  181): Setup RPC Call for task 4024e270
04-20 14:43:42.261 I/ONCRPC  (  181): oncrpc_xdr_call_msg_start: Prog: 300200a2, Ver: 00010001, Proc: 00000001
04-20 14:43:42.261 I/ONCRPC  (  181): xdr_std_msg_send_call: Sent Xid: 1b, Prog: 300200a2, Ver: 00010001, Proc: 00000001
04-20 14:43:42.263 I/ONCRPC  (  181): xdr_std_msg_send_call: Received Reply Xid: 1b, Prog: 300200a2, Ver: 00010001, Proc: 00000001
04-20 14:43:42.274 I/ONCRPC  (  181): Setup RPC Call for task 4024e270
04-20 14:43:42.274 I/ONCRPC  (  181): oncrpc_xdr_call_msg_start: Prog: 300200a2, Ver: 00010001, Proc: 00000001
04-20 14:43:42.274 I/ONCRPC  (  181): xdr_std_msg_send_call: Sent Xid: 1c, Prog: 300200a2, Ver: 00010001, Proc: 00000001
04-20 14:43:42.276 I/ONCRPC  (  181): xdr_std_msg_send_call: Received Reply Xid: 1c, Prog: 300200a2, Ver: 00010001, Proc: 00000001
04-20 14:43:42.287 I/ONCRPC  (  181): Setup RPC Call for task 4024e270
04-20 14:43:42.287 I/ONCRPC  (  181): oncrpc_xdr_call_msg_start: Prog: 300200a2, Ver: 00010001, Proc: 00000001
04-20 14:43:42.287 I/ONCRPC  (  181): xdr_std_msg_send_call: Sent Xid: 1d, Prog: 300200a2, Ver: 00010001, Proc: 00000001
04-20 14:43:42.289 I/ONCRPC  (  181): xdr_std_msg_send_call: Received Reply Xid: 1d, Prog: 300200a2, Ver: 00010001, Proc: 00000001
04-20 14:43:42.300 I/ONCRPC  (  181): Setup RPC Call for task 4024e270
04-20 14:43:42.300 I/ONCRPC  (  181): oncrpc_xdr_call_msg_start: Prog: 300200a2, Ver: 00010001, Proc: 00000001
04-20 14:43:42.300 I/ONCRPC  (  181): xdr_std_msg_send_call: Sent Xid: 1e, Prog: 300200a2, Ver: 00010001, Proc: 00000001
04-20 14:43:42.302 I/ONCRPC  (  181): xdr_std_msg_send_call: Received Reply Xid: 1e, Prog: 300200a2, Ver: 00010001, Proc: 00000001
04-20 14:43:42.302 I/ONCRPC  (  181): Setup RPC Call for task 4024e270
04-20 14:43:42.302 I/ONCRPC  (  181): oncrpc_xdr_call_msg_start: Prog: 300200a2, Ver: 00010001, Proc: 00000001
04-20 14:43:42.302 I/ONCRPC  (  181): xdr_std_msg_send_call: Sent Xid: 1f, Prog: 300200a2, Ver: 00010001, Proc: 00000001
04-20 14:43:42.315 I/ONCRPC  (  181): xdr_std_msg_send_call: Received Reply Xid: 1f, Prog: 300200a2, Ver: 00010001, Proc: 00000001
04-20 14:43:42.315 I/ONCRPC  (  181): Setup RPC Call for task 4024e270
04-20 14:43:42.315 I/ONCRPC  (  181): oncrpc_xdr_call_msg_start: Prog: 300200a2, Ver: 00010001, Proc: 00000001
04-20 14:43:42.315 I/ONCRPC  (  181): xdr_std_msg_send_call: Sent Xid: 20, Prog: 300200a2, Ver: 00010001, Proc: 00000001
04-20 14:43:42.317 I/ONCRPC  (  181): xdr_std_msg_send_call: Received Reply Xid: 20, Prog: 300200a2, Ver: 00010001, Proc: 00000001
04-20 14:43:42.318 I/ONCRPC  (  181): Setup RPC Call for task 4024e270
04-20 14:43:42.318 I/ONCRPC  (  181): oncrpc_xdr_call_msg_start: Prog: 300200a2, Ver: 00010001, Proc: 00000001
04-20 14:43:42.318 I/ONCRPC  (  181): xdr_std_msg_send_call: Sent Xid: 21, Prog: 300200a2, Ver: 00010001, Proc: 00000001
04-20 14:43:42.320 I/ONCRPC  (  181): xdr_std_msg_send_call: Received Reply Xid: 21, Prog: 300200a2, Ver: 00010001, Proc: 00000001
04-20 14:43:42.330 I/ONCRPC  (  181): Setup RPC Call for task 4024e270
04-20 14:43:42.330 I/ONCRPC  (  181): oncrpc_xdr_call_msg_start: Prog: 300200a2, Ver: 00010001, Proc: 00000001
04-20 14:43:42.330 I/ONCRPC  (  181): xdr_std_msg_send_call: Sent Xid: 22, Prog: 300200a2, Ver: 00010001, Proc: 00000001
04-20 14:43:42.332 I/ONCRPC  (  181): xdr_std_msg_send_call: Received Reply Xid: 22, Prog: 300200a2, Ver: 00010001, Proc: 00000001
04-20 14:43:42.342 I/ONCRPC  (  181): Setup RPC Call for task 4024e270
04-20 14:43:42.342 I/ONCRPC  (  181): oncrpc_xdr_call_msg_start: Prog: 300200a2, Ver: 00010001, Proc: 00000001
04-20 14:43:42.342 I/ONCRPC  (  181): xdr_std_msg_send_call: Sent Xid: 23, Prog: 300200a2, Ver: 00010001, Proc: 00000001
04-20 14:43:42.344 I/ONCRPC  (  181): xdr_std_msg_send_call: Received Reply Xid: 23, Prog: 300200a2, Ver: 00010001, Proc: 00000001
04-20 14:43:42.354 I/ONCRPC  (  181): Setup RPC Call for task 4024e270
04-20 14:43:42.354 I/ONCRPC  (  181): oncrpc_xdr_call_msg_start: Prog: 300200a2, Ver: 00010001, Proc: 00000001
04-20 14:43:42.354 I/ONCRPC  (  181): xdr_std_msg_send_call: Sent Xid: 24, Prog: 300200a2, Ver: 00010001, Proc: 00000001
04-20 14:43:42.357 I/ONCRPC  (  181): xdr_std_msg_send_call: Received Reply Xid: 24, Prog: 300200a2, Ver: 00010001, Proc: 00000001
04-20 14:43:42.357 I/ONCRPC  (  181): Setup RPC Call for task 4024e270
04-20 14:43:42.357 I/ONCRPC  (  181): oncrpc_xdr_call_msg_start: Prog: 300200a2, Ver: 00010001, Proc: 00000001
04-20 14:43:42.357 I/ONCRPC  (  181): xdr_std_msg_send_call: Sent Xid: 25, Prog: 300200a2, Ver: 00010001, Proc: 00000001
04-20 14:43:42.358 I/ONCRPC  (  181): xdr_std_msg_send_call: Received Reply Xid: 25, Prog: 300200a2, Ver: 00010001, Proc: 00000001
04-20 14:43:42.369 I/ONCRPC  (  181): Setup RPC Call for task 4024e270
04-20 14:43:42.369 I/ONCRPC  (  181): oncrpc_xdr_call_msg_start: Prog: 300200a2, Ver: 00010001, Proc: 00000001
04-20 14:43:42.369 I/ONCRPC  (  181): xdr_std_msg_send_call: Sent Xid: 26, Prog: 300200a2, Ver: 00010001, Proc: 00000001
04-20 14:43:42.371 I/ONCRPC  (  181): xdr_std_msg_send_call: Received Reply Xid: 26, Prog: 300200a2, Ver: 00010001, Proc: 00000001
04-20 14:43:42.381 I/ONCRPC  (  181): Setup RPC Call for task 4024e270
04-20 14:43:42.381 I/ONCRPC  (  181): oncrpc_xdr_call_msg_start: Prog: 300200a2, Ver: 00010001, Proc: 00000001
04-20 14:43:42.381 I/ONCRPC  (  181): xdr_std_msg_send_call: Sent Xid: 27, Prog: 300200a2, Ver: 00010001, Proc: 00000001
04-20 14:43:42.383 I/ONCRPC  (  181): xdr_std_msg_send_call: Received Reply Xid: 27, Prog: 300200a2, Ver: 00010001, Proc: 00000001
04-20 14:43:42.393 I/ONCRPC  (  181): Setup RPC Call for task 4024e270
04-20 14:43:42.393 I/ONCRPC  (  181): oncrpc_xdr_call_msg_start: Prog: 300200a2, Ver: 00010001, Proc: 00000001
04-20 14:43:42.393 I/ONCRPC  (  181): xdr_std_msg_send_call: Sent Xid: 28, Prog: 300200a2, Ver: 00010001, Proc: 00000001
04-20 14:43:42.395 I/ONCRPC  (  181): xdr_std_msg_send_call: Received Reply Xid: 28, Prog: 300200a2, Ver: 00010001, Proc: 00000001
04-20 14:43:42.405 I/ONCRPC  (  181): Setup RPC Call for task 4024e270
04-20 14:43:42.405 I/ONCRPC  (  181): oncrpc_xdr_call_msg_start: Prog: 300200a2, Ver: 00010001, Proc: 00000001
04-20 14:43:42.405 I/ONCRPC  (  181): xdr_std_msg_send_call: Sent Xid: 29, Prog: 300200a2, Ver: 00010001, Proc: 00000001
04-20 14:43:42.408 I/ONCRPC  (  181): xdr_std_msg_send_call: Received Reply Xid: 29, Prog: 300200a2, Ver: 00010001, Proc: 00000001
04-20 14:43:42.418 I/ONCRPC  (  181): Setup RPC Call for task 4024e270
04-20 14:43:42.418 I/ONCRPC  (  181): oncrpc_xdr_call_msg_start: Prog: 300200a2, Ver: 00010001, Proc: 00000001
04-20 14:43:42.418 I/ONCRPC  (  181): xdr_std_msg_send_call: Sent Xid: 2a, Prog: 300200a2, Ver: 00010001, Proc: 00000001
04-20 14:43:42.420 I/ONCRPC  (  181): xdr_std_msg_send_call: Received Reply Xid: 2a, Prog: 300200a2, Ver: 00010001, Proc: 00000001
04-20 14:43:42.430 I/ONCRPC  (  181): Setup RPC Call for task 4024e270
04-20 14:43:42.430 I/ONCRPC  (  181): oncrpc_xdr_call_msg_start: Prog: 300200a2, Ver: 00010001, Proc: 00000001
04-20 14:43:42.430 I/ONCRPC  (  181): xdr_std_msg_send_call: Sent Xid: 2b, Prog: 300200a2, Ver: 00010001, Proc: 00000001
04-20 14:43:42.432 I/ONCRPC  (  181): xdr_std_msg_send_call: Received Reply Xid: 2b, Prog: 300200a2, Ver: 00010001, Proc: 00000001
04-20 14:43:42.442 I/ONCRPC  (  181): Setup RPC Call for task 4024e270
04-20 14:43:42.442 I/ONCRPC  (  181): oncrpc_xdr_call_msg_start: Prog: 300200a2, Ver: 00010001, Proc: 00000001
04-20 14:43:42.442 I/ONCRPC  (  181): xdr_std_msg_send_call: Sent Xid: 2c, Prog: 300200a2, Ver: 00010001, Proc: 00000001
04-20 14:43:42.444 I/ONCRPC  (  181): xdr_std_msg_send_call: Received Reply Xid: 2c, Prog: 300200a2, Ver: 00010001, Proc: 00000001
04-20 14:43:42.454 I/ONCRPC  (  181): Setup RPC Call for task 4024e270
04-20 14:43:42.454 I/ONCRPC  (  181): oncrpc_xdr_call_msg_start: Prog: 300200a2, Ver: 00010001, Proc: 00000001
04-20 14:43:42.454 I/ONCRPC  (  181): xdr_std_msg_send_call: Sent Xid: 2d, Prog: 300200a2, Ver: 00010001, Proc: 00000001
04-20 14:43:42.456 I/ONCRPC  (  181): xdr_std_msg_send_call: Received Reply Xid: 2d, Prog: 300200a2, Ver: 00010001, Proc: 00000001
04-20 14:43:42.467 I/ONCRPC  (  181): Setup RPC Call for task 4024e270
04-20 14:43:42.467 I/ONCRPC  (  181): oncrpc_xdr_call_msg_start: Prog: 300200a2, Ver: 00010001, Proc: 00000001
04-20 14:43:42.467 I/ONCRPC  (  181): xdr_std_msg_send_call: Sent Xid: 2e, Prog: 300200a2, Ver: 00010001, Proc: 00000001
04-20 14:43:42.469 I/ONCRPC  (  181): xdr_std_msg_send_call: Received Reply Xid: 2e, Prog: 300200a2, Ver: 00010001, Proc: 00000001
04-20 14:43:42.479 I/ONCRPC  (  181): Setup RPC Call for task 4024e270
04-20 14:43:42.479 I/ONCRPC  (  181): oncrpc_xdr_call_msg_start: Prog: 300200a2, Ver: 00010001, Proc: 00000001
04-20 14:43:42.479 I/ONCRPC  (  181): xdr_std_msg_send_call: Sent Xid: 2f, Prog: 300200a2, Ver: 00010001, Proc: 00000001
04-20 14:43:42.481 I/ONCRPC  (  181): xdr_std_msg_send_call: Received Reply Xid: 2f, Prog: 300200a2, Ver: 00010001, Proc: 00000001
04-20 14:43:42.492 I/ONCRPC  (  181): Setup RPC Call for task 4024e270
04-20 14:43:42.492 I/ONCRPC  (  181): oncrpc_xdr_call_msg_start: Prog: 300200a2, Ver: 00010001, Proc: 00000001
04-20 14:43:42.492 I/ONCRPC  (  181): xdr_std_msg_send_call: Sent Xid: 30, Prog: 300200a2, Ver: 00010001, Proc: 00000001
04-20 14:43:42.494 I/ONCRPC  (  181): xdr_std_msg_send_call: Received Reply Xid: 30, Prog: 300200a2, Ver: 00010001, Proc: 00000001
04-20 14:43:42.504 I/ONCRPC  (  181): Setup RPC Call for task 4024e270
04-20 14:43:42.504 I/ONCRPC  (  181): oncrpc_xdr_call_msg_start: Prog: 300200a2, Ver: 00010001, Proc: 00000001
04-20 14:43:42.504 I/ONCRPC  (  181): xdr_std_msg_send_call: Sent Xid: 31, Prog: 300200a2, Ver: 00010001, Proc: 00000001
04-20 14:43:42.506 I/ONCRPC  (  181): xdr_std_msg_send_call: Received Reply Xid: 31, Prog: 300200a2, Ver: 00010001, Proc: 00000001
04-20 14:43:42.516 I/ONCRPC  (  181): Setup RPC Call for task 4024e270
04-20 14:43:42.516 I/ONCRPC  (  181): oncrpc_xdr_call_msg_start: Prog: 300200a2, Ver: 00010001, Proc: 00000001
04-20 14:43:42.516 I/ONCRPC  (  181): xdr_std_msg_send_call: Sent Xid: 32, Prog: 300200a2, Ver: 00010001, Proc: 00000001
04-20 14:43:42.519 I/ONCRPC  (  181): xdr_std_msg_send_call: Received Reply Xid: 32, Prog: 300200a2, Ver: 00010001, Proc: 00000001
04-20 14:43:42.529 I/ONCRPC  (  181): Setup RPC Call for task 4024e270
04-20 14:43:42.529 I/ONCRPC  (  181): oncrpc_xdr_call_msg_start: Prog: 300200a2, Ver: 00010001, Proc: 00000001
04-20 14:43:42.529 I/ONCRPC  (  181): xdr_std_msg_send_call: Sent Xid: 33, Prog: 300200a2, Ver: 00010001, Proc: 00000001
04-20 14:43:42.532 I/ONCRPC  (  181): xdr_std_msg_send_call: Received Reply Xid: 33, Prog: 300200a2, Ver: 00010001, Proc: 00000001
04-20 14:43:42.542 I/ONCRPC  (  181): Setup RPC Call for task 4024e270
04-20 14:43:42.542 I/ONCRPC  (  181): oncrpc_xdr_call_msg_start: Prog: 300200a2, Ver: 00010001, Proc: 00000001
04-20 14:43:42.542 I/ONCRPC  (  181): xdr_std_msg_send_call: Sent Xid: 34, Prog: 300200a2, Ver: 00010001, Proc: 00000001
04-20 14:43:42.544 I/ONCRPC  (  181): xdr_std_msg_send_call: Received Reply Xid: 34, Prog: 300200a2, Ver: 00010001, Proc: 00000001
04-20 14:43:42.554 I/ONCRPC  (  181): Setup RPC Call for task 4024e270
04-20 14:43:42.554 I/ONCRPC  (  181): oncrpc_xdr_call_msg_start: Prog: 300200a2, Ver: 00010001, Proc: 00000001
04-20 14:43:42.554 I/ONCRPC  (  181): xdr_std_msg_send_call: Sent Xid: 35, Prog: 300200a2, Ver: 00010001, Proc: 00000001
04-20 14:43:42.556 I/ONCRPC  (  181): xdr_std_msg_send_call: Received Reply Xid: 35, Prog: 300200a2, Ver: 00010001, Proc: 00000001
04-20 14:43:42.566 I/ONCRPC  (  181): Setup RPC Call for task 4024e270
04-20 14:43:42.566 I/ONCRPC  (  181): oncrpc_xdr_call_msg_start: Prog: 300200a2, Ver: 00010001, Proc: 00000001
04-20 14:43:42.566 I/ONCRPC  (  181): xdr_std_msg_send_call: Sent Xid: 36, Prog: 300200a2, Ver: 00010001, Proc: 00000001
04-20 14:43:42.568 I/ONCRPC  (  181): xdr_std_msg_send_call: Received Reply Xid: 36, Prog: 300200a2, Ver: 00010001, Proc: 00000001
04-20 14:43:42.578 I/ONCRPC  (  181): Setup RPC Call for task 4024e270
04-20 14:43:42.578 I/ONCRPC  (  181): oncrpc_xdr_call_msg_start: Prog: 300200a2, Ver: 00010001, Proc: 00000001
04-20 14:43:42.579 I/ONCRPC  (  181): xdr_std_msg_send_call: Sent Xid: 37, Prog: 300200a2, Ver: 00010001, Proc: 00000001
04-20 14:43:42.580 I/ONCRPC  (  181): xdr_std_msg_send_call: Received Reply Xid: 37, Prog: 300200a2, Ver: 00010001, Proc: 00000001
04-20 14:43:42.591 I/ONCRPC  (  181): Setup RPC Call for task 4024e270
04-20 14:43:42.591 I/ONCRPC  (  181): oncrpc_xdr_call_msg_start: Prog: 300200a2, Ver: 00010001, Proc: 00000001
04-20 14:43:42.591 I/ONCRPC  (  181): xdr_std_msg_send_call: Sent Xid: 38, Prog: 300200a2, Ver: 00010001, Proc: 00000001
04-20 14:43:42.593 I/ONCRPC  (  181): xdr_std_msg_send_call: Received Reply Xid: 38, Prog: 300200a2, Ver: 00010001, Proc: 00000001
04-20 14:43:42.603 I/ONCRPC  (  181): Setup RPC Call for task 4024e270
04-20 14:43:42.603 I/ONCRPC  (  181): oncrpc_xdr_call_msg_start: Prog: 300200a2, Ver: 00010001, Proc: 00000001
04-20 14:43:42.603 I/ONCRPC  (  181): xdr_std_msg_send_call: Sent Xid: 39, Prog: 300200a2, Ver: 00010001, Proc: 00000001
04-20 14:43:42.606 I/ONCRPC  (  181): xdr_std_msg_send_call: Received Reply Xid: 39, Prog: 300200a2, Ver: 00010001, Proc: 00000001
04-20 14:43:42.616 I/ONCRPC  (  181): Setup RPC Call for task 4024e270
04-20 14:43:42.616 I/ONCRPC  (  181): oncrpc_xdr_call_msg_start: Prog: 300200a2, Ver: 00010001, Proc: 00000001
04-20 14:43:42.616 I/ONCRPC  (  181): xdr_std_msg_send_call: Sent Xid: 3a, Prog: 300200a2, Ver: 00010001, Proc: 00000001
04-20 14:43:42.618 I/ONCRPC  (  181): xdr_std_msg_send_call: Received Reply Xid: 3a, Prog: 300200a2, Ver: 00010001, Proc: 00000001
04-20 14:43:42.628 I/ONCRPC  (  181): Setup RPC Call for task 4024e270
04-20 14:43:42.629 I/ONCRPC  (  181): oncrpc_xdr_call_msg_start: Prog: 300200a2, Ver: 00010001, Proc: 00000001
04-20 14:43:42.629 I/ONCRPC  (  181): xdr_std_msg_send_call: Sent Xid: 3b, Prog: 300200a2, Ver: 00010001, Proc: 00000001
04-20 14:43:42.630 I/ONCRPC  (  181): xdr_std_msg_send_call: Received Reply Xid: 3b, Prog: 300200a2, Ver: 00010001, Proc: 00000001
04-20 14:43:42.641 I/ONCRPC  (  181): Setup RPC Call for task 4024e270
04-20 14:43:42.641 I/ONCRPC  (  181): oncrpc_xdr_call_msg_start: Prog: 300200a2, Ver: 00010001, Proc: 00000001
04-20 14:43:42.641 I/ONCRPC  (  181): xdr_std_msg_send_call: Sent Xid: 3c, Prog: 300200a2, Ver: 00010001, Proc: 00000001
04-20 14:43:42.642 I/ONCRPC  (  181): xdr_std_msg_send_call: Received Reply Xid: 3c, Prog: 300200a2, Ver: 00010001, Proc: 00000001
04-20 14:43:42.653 I/ONCRPC  (  181): Setup RPC Call for task 4024e270
04-20 14:43:42.653 I/ONCRPC  (  181): oncrpc_xdr_call_msg_start: Prog: 300200a2, Ver: 00010001, Proc: 00000001
04-20 14:43:42.653 I/ONCRPC  (  181): xdr_std_msg_send_call: Sent Xid: 3d, Prog: 300200a2, Ver: 00010001, Proc: 00000001
04-20 14:43:42.655 I/ONCRPC  (  181): xdr_std_msg_send_call: Received Reply Xid: 3d, Prog: 300200a2, Ver: 00010001, Proc: 00000001
04-20 14:43:42.665 I/ONCRPC  (  181): Setup RPC Call for task 4024e270
04-20 14:43:42.665 I/ONCRPC  (  181): oncrpc_xdr_call_msg_start: Prog: 300200a2, Ver: 00010001, Proc: 00000001
04-20 14:43:42.665 I/ONCRPC  (  181): xdr_std_msg_send_call: Sent Xid: 3e, Prog: 300200a2, Ver: 00010001, Proc: 00000001
04-20 14:43:42.667 I/ONCRPC  (  181): xdr_std_msg_send_call: Received Reply Xid: 3e, Prog: 300200a2, Ver: 00010001, Proc: 00000001
04-20 14:43:42.677 I/ONCRPC  (  181): Setup RPC Call for task 4024e270
04-20 14:43:42.677 I/ONCRPC  (  181): oncrpc_xdr_call_msg_start: Prog: 300200a2, Ver: 00010001, Proc: 00000001
04-20 14:43:42.677 I/ONCRPC  (  181): xdr_std_msg_send_call: Sent Xid: 3f, Prog: 300200a2, Ver: 00010001, Proc: 00000001
04-20 14:43:42.679 I/SENSORS_SERVER(  133): Initializing HCE-LSI was succeeded.
04-20 14:43:42.679 I/ONCRPC  (  181): xdr_std_msg_send_call: Received Reply Xid: 3f, Prog: 300200a2, Ver: 00010001, Proc: 00000001
04-20 14:43:42.689 I/ONCRPC  (  181): Setup RPC Call for task 4024e270
04-20 14:43:42.689 I/ONCRPC  (  181): oncrpc_xdr_call_msg_start: Prog: 300200a2, Ver: 00010001, Proc: 00000001
04-20 14:43:42.689 I/ONCRPC  (  181): xdr_std_msg_send_call: Sent Xid: 40, Prog: 300200a2, Ver: 00010001, Proc: 00000001
04-20 14:43:42.691 I/ONCRPC  (  181): xdr_std_msg_send_call: Received Reply Xid: 40, Prog: 300200a2, Ver: 00010001, Proc: 00000001
04-20 14:43:42.701 I/ONCRPC  (  181): Setup RPC Call for task 4024e270
04-20 14:43:42.701 I/ONCRPC  (  181): oncrpc_xdr_call_msg_start: Prog: 300200a2, Ver: 00010001, Proc: 00000001
04-20 14:43:42.702 I/ONCRPC  (  181): xdr_std_msg_send_call: Sent Xid: 41, Prog: 300200a2, Ver: 00010001, Proc: 00000001
04-20 14:43:42.704 I/ONCRPC  (  181): xdr_std_msg_send_call: Received Reply Xid: 41, Prog: 300200a2, Ver: 00010001, Proc: 00000001
04-20 14:43:42.704 I/ONCRPC  (  181): Setup RPC Call for task 4024e270
04-20 14:43:42.704 I/ONCRPC  (  181): oncrpc_xdr_call_msg_start: Prog: 300200a2, Ver: 00010001, Proc: 00000001
04-20 14:43:42.704 I/ONCRPC  (  181): xdr_std_msg_send_call: Sent Xid: 42, Prog: 300200a2, Ver: 00010001, Proc: 00000001
04-20 14:43:42.706 I/ONCRPC  (  181): xdr_std_msg_send_call: Received Reply Xid: 42, Prog: 300200a2, Ver: 00010001, Proc: 00000001
04-20 14:43:42.716 I/ONCRPC  (  181): Setup RPC Call for task 4024e270
04-20 14:43:42.716 I/ONCRPC  (  181): oncrpc_xdr_call_msg_start: Prog: 300200a2, Ver: 00010001, Proc: 00000001
04-20 14:43:42.716 I/ONCRPC  (  181): xdr_std_msg_send_call: Sent Xid: 43, Prog: 300200a2, Ver: 00010001, Proc: 00000001
04-20 14:43:42.718 I/ONCRPC  (  181): xdr_std_msg_send_call: Received Reply Xid: 43, Prog: 300200a2, Ver: 00010001, Proc: 00000001
04-20 14:43:42.729 I/ONCRPC  (  181): Setup RPC Call for task 4024e270
04-20 14:43:42.729 I/ONCRPC  (  181): oncrpc_xdr_call_msg_start: Prog: 300200a2, Ver: 00010001, Proc: 00000001
04-20 14:43:42.729 I/ONCRPC  (  181): xdr_std_msg_send_call: Sent Xid: 44, Prog: 300200a2, Ver: 00010001, Proc: 00000001
04-20 14:43:42.730 I/ONCRPC  (  181): xdr_std_msg_send_call: Received Reply Xid: 44, Prog: 300200a2, Ver: 00010001, Proc: 00000001
04-20 14:43:42.741 I/ONCRPC  (  181): Setup RPC Call for task 4024e270
04-20 14:43:42.741 I/ONCRPC  (  181): oncrpc_xdr_call_msg_start: Prog: 300200a2, Ver: 00010001, Proc: 00000001
04-20 14:43:42.741 I/ONCRPC  (  181): xdr_std_msg_send_call: Sent Xid: 45, Prog: 300200a2, Ver: 00010001, Proc: 00000001
04-20 14:43:42.743 I/ONCRPC  (  181): xdr_std_msg_send_call: Received Reply Xid: 45, Prog: 300200a2, Ver: 00010001, Proc: 00000001
04-20 14:43:42.744 D/WIL     (  177): [2727]start_vehecle_detect():vcl_startdetect success cnt=0
04-20 14:43:42.744 I/WIL     (  177): [2733]start_vehecle_detect():end ret=0
04-20 14:43:42.744 I/WIL     (  177): [0599]wil_boot():end
04-20 14:43:42.744 I/WIL     (  177): [2855]send_mainLoop():WIL-D REQUEST 
04-20 14:43:42.744 I/WIL     (  177): [0610]wil_mainReq():start
04-20 14:43:42.744 D/WIL     (  177): [0617]wil_mainReq():request_id:106 cnt:4
04-20 14:43:42.744 I/WIL     (  177): [1096]wil_request_set_settinginfo_device():start
04-20 14:43:42.744 D/WIL     (  177): [1118]wil_request_set_settinginfo_device():data_device->device_kind:2
04-20 14:43:42.744 D/WIL     (  177): [1146]wil_request_set_settinginfo_device():set_next_cache device_kind:2
04-20 14:43:42.744 D/WIL     (  177): [1150]wil_request_set_settinginfo_device():get_next_cache audio_valid_flg:0
04-20 14:43:42.744 I/WILD    (  177): [0415]wiladp_complete_sock():start!
04-20 14:43:42.744 D/WIL-XLIB(  177): [0358]cmn_dumpMem():0x00000000  14 00 00 00 6a 00 00 00 48 c6 e0 00 00 00 00 00  >....j...H.......<
04-20 14:43:42.744 D/WIL-XLIB(  177): [0358]cmn_dumpMem():0x00000010  00 00 00 00                                      >....            <
04-20 14:43:42.744 I/WILD    (  177): [0543]wiladp_freeWilRequest():start!
04-20 14:43:42.744 I/WILD    (  177): [0564]wiladp_freeWilRequest():end!
04-20 14:43:42.744 I/WILD    (  177): [0463]wiladp_complete_sock():end! 0
04-20 14:43:42.744 I/WIL     (  177): [1192]wil_request_set_settinginfo_device():end
04-20 14:43:42.744 I/WIL     (  177): [0634]wil_mainReq():End
04-20 14:43:42.744 I/WIL_XLIB(  126): [0222]recvLoop():ret=20
04-20 14:43:42.744 D/WIL-XLIB(  126): [0358]cmn_dumpMem():0x00000000  14 00 00 00 6a 00 00 00 48 c6 e0 00 00 00 00 00  >....j...H.......<
04-20 14:43:42.744 D/WIL-XLIB(  126): [0358]cmn_dumpMem():0x00000010  00 00 00 00                                      >....            <
04-20 14:43:42.744 D/WIL_XLIB(  126): [0230]recvLoop():length=20, command_id=106, token=0xe0c648, errno=0, reslen=0, res[0]=0
04-20 14:43:42.744 I/WIL_XLIB(  126): [0264]recvLoop():read() request...
04-20 14:43:42.744 I/WIL_XLIB(  126): [0279]recvLoop():ret=0, len=20, cmd=0000006a, xfer.token=0xe0c648, err=0, res=0x100ffe40, reslen=0
04-20 14:43:42.744 I/WIL_XLIB(  126): [0198]WIL_ListFindReq():start
04-20 14:43:42.744 I/WIL_XLIB(  126): [0203]WIL_ListFindReq():End - 0xe0c648
04-20 14:43:42.744 I/WIL_XLIB(  126): [0293]recvLoop():Signal on SYNC...
04-20 14:43:42.744 I/WIL_XLIB(  126): [0428]WIL_onWait():End
04-20 14:43:42.744 I/WIL_XLIB(  126): [0131]WIL_ListRemove():start
04-20 14:43:42.744 I/WIL_XLIB(  126): [0143]WIL_ListRemove():End - Begin
04-20 14:43:42.744 I/WIL_XLIB(  126): [0305]WIL_onRequest():End - Sync wilReq=0xe0c648
04-20 14:43:42.744 I/WIL_XLIB(  126): [0404]WIL_onFree():Start
04-20 14:43:42.744 I/WIL_XLIB(  126): [0131]WIL_ListRemove():start
04-20 14:43:42.744 I/WIL_XLIB(  126): [0136]WIL_ListRemove():End - Empty
04-20 14:43:42.744 I/WIL-XLIB(  126): [0270]free_WILRequest():Start
04-20 14:43:42.744 I/WIL-XLIB(  126): [0280]free_WILRequest():End
04-20 14:43:42.744 I/WIL_XLIB(  126): [0409]WIL_onFree():End
04-20 14:43:42.744 D/AudioHardwareMSM7X30(  126): WIL_REQUEST_SET_SETTINGINFO_DEVICE ed
04-20 14:43:42.744 D/AudioHardwareMSM7X30(  126): updateDeviceInfo: E rx_device 2 and tx_device 3
04-20 14:43:42.744 D/AudioHardwareMSM7X30(  126): No active voicecall/playback, disabling cur_rx 65535
04-20 14:43:42.744 D/AudioHardwareMSM7X30(  126): No active voicecall/recording, disabling cur_tx 65535
04-20 14:43:42.744 D/AudioHardwareMSM7X30(  126): updateDeviceInfo: X cur_rx 2 cur_tx 3
04-20 14:43:42.745 D/AudioHardwareMSM7X30(  126): setVoiceVolume(1.000000)
04-20 14:43:42.745 I/AudioHardwareMSM7X30(  126): Setting in-call volume to 100 (available range is 0 to 100)
04-20 14:43:42.745 D/AudioHardwareMSM7X30(  126): WIL_REQUEST_SET_SETTINGINFO_VOLUME 6 st
04-20 14:43:42.745 I/WIL_XLIB(  126): [0262]WIL_onRequest():start
04-20 14:43:42.745 I/WIL-XLIB(  126): [0248]alloc_WILRequest():Start
04-20 14:43:42.745 I/WIL-XLIB(  126): [0258]alloc_WILRequest():End - 0xe0bf08
04-20 14:43:42.745 I/WIL_XLIB(  126): [0105]WIL_ListAdd():start
04-20 14:43:42.745 I/WIL_XLIB(  126): [0112]WIL_ListAdd():End - Empty Case
04-20 14:43:42.745 I/WIL_XLIB(  126): [0099]WIL_Send():Start requestlen=4
04-20 14:43:42.745 I/WIL_XLIB(  126): [0125]WIL_Send():End - Send OK
04-20 14:43:42.745 I/WIL_XLIB(  126): [0420]WIL_onWait():Start
04-20 14:43:42.745 D/WIL-XLIB(  177): [0358]cmn_dumpMem():0x00000000  14 00 00 00 69 00 00 00 08 bf e0 00 04 00 00 00  >....i...........<
04-20 14:43:42.745 D/WIL-XLIB(  177): [0358]cmn_dumpMem():0x00000010  06 00 00 00                                      >....            <
04-20 14:43:42.745 I/WILD    (  177): [0355]wiladp_sendFuncseq():start 
04-20 14:43:42.745 I/WIL     (  177): [2888]sendWilRequest():request 105
04-20 14:43:42.745 I/WILD    (  177): [0396]wiladp_sendFuncseq():end 
04-20 14:43:42.745 I/WILD    (  177): [0245]wiladp_readerloop():wilif thread read_wait
04-20 14:43:42.745 I/WIL_XLIB(  126): [0219]recvLoop():read() header...
04-20 14:43:42.745 I/WIL     (  177): [2844]send_mainLoop():getSignal-out g_closed=0, g_requestque.wilRequest=0x16eb29c
04-20 14:43:42.745 I/WIL     (  177): [2855]send_mainLoop():WIL-D REQUEST 
04-20 14:43:42.745 I/WIL     (  177): [0610]wil_mainReq():start
04-20 14:43:42.745 D/WIL     (  177): [0617]wil_mainReq():request_id:105 cnt:3
04-20 14:43:42.745 I/WIL     (  177): [0944]wil_request_set_settinginfo_volume():start
04-20 14:43:42.745 D/WIL     (  177): [0966]wil_request_set_settinginfo_volume():data_volume->volume:6
04-20 14:43:42.745 D/WIL     (  177): [0998]wil_request_set_settinginfo_volume():set_next_cache volume_info:6
04-20 14:43:42.745 D/WIL     (  177): [1002]wil_request_set_settinginfo_volume():get_next_cache audio_valid_flg:0
04-20 14:43:42.745 I/WILD    (  177): [0415]wiladp_complete_sock():start!
04-20 14:43:42.745 D/WIL-XLIB(  177): [0358]cmn_dumpMem():0x00000000  14 00 00 00 69 00 00 00 08 bf e0 00 00 00 00 00  >....i...........<
04-20 14:43:42.745 D/WIL-XLIB(  177): [0358]cmn_dumpMem():0x00000010  00 00 00 00                                      >....            <
04-20 14:43:42.745 I/WILD    (  177): [0543]wiladp_freeWilRequest():start!
04-20 14:43:42.745 I/WILD    (  177): [0564]wiladp_freeWilRequest():end!
04-20 14:43:42.745 I/WILD    (  177): [0463]wiladp_complete_sock():end! 0
04-20 14:43:42.745 I/WIL     (  177): [1081]wil_request_set_settinginfo_volume():end
04-20 14:43:42.745 I/WIL     (  177): [0634]wil_mainReq():End
04-20 14:43:42.746 I/WIL_XLIB(  126): [0222]recvLoop():ret=20
04-20 14:43:42.746 D/WIL-XLIB(  126): [0358]cmn_dumpMem():0x00000000  14 00 00 00 69 00 00 00 08 bf e0 00 00 00 00 00  >....i...........<
04-20 14:43:42.746 D/WIL-XLIB(  126): [0358]cmn_dumpMem():0x00000010  00 00 00 00                                      >....            <
04-20 14:43:42.746 D/WIL_XLIB(  126): [0230]recvLoop():length=20, command_id=105, token=0xe0bf08, errno=0, reslen=0, res[0]=0
04-20 14:43:42.746 I/WIL_XLIB(  126): [0264]recvLoop():read() request...
04-20 14:43:42.746 I/WIL_XLIB(  126): [0279]recvLoop():ret=0, len=20, cmd=00000069, xfer.token=0xe0bf08, err=0, res=0x100ffe40, reslen=0
04-20 14:43:42.746 I/WIL_XLIB(  126): [0198]WIL_ListFindReq():start
04-20 14:43:42.746 I/WIL_XLIB(  126): [0203]WIL_ListFindReq():End - 0xe0bf08
04-20 14:43:42.746 I/WIL_XLIB(  126): [0293]recvLoop():Signal on SYNC...
04-20 14:43:42.746 I/WIL_XLIB(  126): [0428]WIL_onWait():End
04-20 14:43:42.746 I/WIL_XLIB(  126): [0131]WIL_ListRemove():start
04-20 14:43:42.746 I/WIL_XLIB(  126): [0143]WIL_ListRemove():End - Begin
04-20 14:43:42.746 I/WIL_XLIB(  126): [0305]WIL_onRequest():End - Sync wilReq=0xe0bf08
04-20 14:43:42.746 I/WIL_XLIB(  126): [0404]WIL_onFree():Start
04-20 14:43:42.746 I/WIL_XLIB(  126): [0131]WIL_ListRemove():start
04-20 14:43:42.746 I/WIL_XLIB(  126): [0136]WIL_ListRemove():End - Empty
04-20 14:43:42.746 I/WIL-XLIB(  126): [0270]free_WILRequest():Start
04-20 14:43:42.746 I/WIL-XLIB(  126): [0280]free_WILRequest():End
04-20 14:43:42.746 I/WIL_XLIB(  126): [0409]WIL_onFree():End
04-20 14:43:42.746 D/AudioHardwareMSM7X30(  126): WIL_REQUEST_SET_SETTINGINFO_VOLUME ed
04-20 14:43:42.746 V/AudioHardwareMSM7X30(  126): msm_set_voice_rx_vol(100) failed errno = 1
04-20 14:43:42.746 V/AudioHardwareMSM7X30(  126): setFmVolume(1.000000)
04-20 14:43:42.746 V/AudioHardwareMSM7X30(  126): No Active FM stream is running
